build	Set up job	´╗┐2026-02-07T11:19:00.6261718Z Current runner version: '2.331.0'
build	Set up job	2026-02-07T11:19:00.6295845Z ##[group]Runner Image Provisioner
build	Set up job	2026-02-07T11:19:00.6297338Z Hosted Compute Agent
build	Set up job	2026-02-07T11:19:00.6298173Z Version: 20260123.484
build	Set up job	2026-02-07T11:19:00.6299074Z Commit: 6bd6555ca37d84114959e1c76d2c01448ff61c5d
build	Set up job	2026-02-07T11:19:00.6300071Z Build Date: 2026-01-23T19:41:17Z
build	Set up job	2026-02-07T11:19:00.6300969Z Worker ID: {626c8440-8e20-455f-b91f-8215f17a9b27}
build	Set up job	2026-02-07T11:19:00.6302075Z Azure Region: westus3
build	Set up job	2026-02-07T11:19:00.6302864Z ##[endgroup]
build	Set up job	2026-02-07T11:19:00.6304880Z ##[group]Operating System
build	Set up job	2026-02-07T11:19:00.6305833Z Ubuntu
build	Set up job	2026-02-07T11:19:00.6306423Z 24.04.3
build	Set up job	2026-02-07T11:19:00.6307283Z LTS
build	Set up job	2026-02-07T11:19:00.6308015Z ##[endgroup]
build	Set up job	2026-02-07T11:19:00.6308744Z ##[group]Runner Image
build	Set up job	2026-02-07T11:19:00.6309504Z Image: ubuntu-24.04
build	Set up job	2026-02-07T11:19:00.6310318Z Version: 20260201.15.1
build	Set up job	2026-02-07T11:19:00.6311817Z Included Software: https://github.com/actions/runner-images/blob/ubuntu24/20260201.15/images/ubuntu/Ubuntu2404-Readme.md
build	Set up job	2026-02-07T11:19:00.6314425Z Image Release: https://github.com/actions/runner-images/releases/tag/ubuntu24%2F20260201.15
build	Set up job	2026-02-07T11:19:00.6315765Z ##[endgroup]
build	Set up job	2026-02-07T11:19:00.6317553Z ##[group]GITHUB_TOKEN Permissions
build	Set up job	2026-02-07T11:19:00.6320202Z Contents: read
build	Set up job	2026-02-07T11:19:00.6321016Z Metadata: read
build	Set up job	2026-02-07T11:19:00.6321722Z Packages: read
build	Set up job	2026-02-07T11:19:00.6322528Z ##[endgroup]
build	Set up job	2026-02-07T11:19:00.6325517Z Secret source: Actions
build	Set up job	2026-02-07T11:19:00.6326539Z Prepare workflow directory
build	Set up job	2026-02-07T11:19:00.6961033Z Prepare all required actions
build	Set up job	2026-02-07T11:19:00.7042218Z Getting action download info
build	Set up job	2026-02-07T11:19:01.2614245Z Download action repository 'actions/checkout@v4' (SHA:34e114876b0b11c390a56381ad16ebd13914f8d5)
build	Set up job	2026-02-07T11:19:01.3837585Z Download action repository 'actions/setup-java@v4' (SHA:c1e323688fd81a25caa38c78aa6df2d33d3e20d9)
build	Set up job	2026-02-07T11:19:02.4082351Z Download action repository 'actions/setup-node@v4' (SHA:49933ea5288caeca8642d1e84afbd3f7d6820020)
build	Set up job	2026-02-07T11:19:02.5031080Z Download action repository 'actions/upload-artifact@v4' (SHA:ea165f8d65b6e75b540449e92b4886f43607fa02)
build	Set up job	2026-02-07T11:19:02.5939530Z Download action repository 'softprops/action-gh-release@v1' (SHA:de2c0eb89ae2a093876385947365aca7b0e5f844)
build	Set up job	2026-02-07T11:19:03.4544130Z Complete job name: build
build	Checkout code	´╗┐2026-02-07T11:19:03.5300628Z ##[group]Run actions/checkout@v4
build	Checkout code	2026-02-07T11:19:03.5301303Z with:
build	Checkout code	2026-02-07T11:19:03.5301619Z   repository: Balrog57/Chireaders
build	Checkout code	2026-02-07T11:19:03.5302186Z   token: ***
build	Checkout code	2026-02-07T11:19:03.5302473Z   ssh-strict: true
build	Checkout code	2026-02-07T11:19:03.5302750Z   ssh-user: git
build	Checkout code	2026-02-07T11:19:03.5303058Z   persist-credentials: true
build	Checkout code	2026-02-07T11:19:03.5303370Z   clean: true
build	Checkout code	2026-02-07T11:19:03.5303662Z   sparse-checkout-cone-mode: true
build	Checkout code	2026-02-07T11:19:03.5304016Z   fetch-depth: 1
build	Checkout code	2026-02-07T11:19:03.5304283Z   fetch-tags: false
build	Checkout code	2026-02-07T11:19:03.5304583Z   show-progress: true
build	Checkout code	2026-02-07T11:19:03.5304859Z   lfs: false
build	Checkout code	2026-02-07T11:19:03.5305133Z   submodules: false
build	Checkout code	2026-02-07T11:19:03.5305420Z   set-safe-directory: true
build	Checkout code	2026-02-07T11:19:03.5305937Z ##[endgroup]
build	Checkout code	2026-02-07T11:19:03.6547575Z Syncing repository: Balrog57/Chireaders
build	Checkout code	2026-02-07T11:19:03.6550324Z ##[group]Getting Git version info
build	Checkout code	2026-02-07T11:19:03.6551356Z Working directory is '/home/runner/work/Chireaders/Chireaders'
build	Checkout code	2026-02-07T11:19:03.6552474Z [command]/usr/bin/git version
build	Checkout code	2026-02-07T11:19:03.6553171Z git version 2.52.0
build	Checkout code	2026-02-07T11:19:03.6563213Z ##[endgroup]
build	Checkout code	2026-02-07T11:19:03.6569454Z Temporarily overriding HOME='/home/runner/work/_temp/d42e887a-7042-4cfa-8088-ecf1e7d4a17c' before making global git config changes
build	Checkout code	2026-02-07T11:19:03.6570799Z Adding repository directory to the temporary git global config as a safe directory
build	Checkout code	2026-02-07T11:19:03.6571736Z [command]/usr/bin/git config --global --add safe.directory /home/runner/work/Chireaders/Chireaders
build	Checkout code	2026-02-07T11:19:03.6591000Z Deleting the contents of '/home/runner/work/Chireaders/Chireaders'
build	Checkout code	2026-02-07T11:19:03.6595681Z ##[group]Initializing the repository
build	Checkout code	2026-02-07T11:19:03.6601524Z [command]/usr/bin/git init /home/runner/work/Chireaders/Chireaders
build	Checkout code	2026-02-07T11:19:03.6705466Z hint: Using 'master' as the name for the initial branch. This default branch name
build	Checkout code	2026-02-07T11:19:03.6708492Z hint: will change to "main" in Git 3.0. To configure the initial branch name
build	Checkout code	2026-02-07T11:19:03.6709526Z hint: to use in all of your new repositories, which will suppress this warning,
build	Checkout code	2026-02-07T11:19:03.6710362Z hint: call:
build	Checkout code	2026-02-07T11:19:03.6710784Z hint:
build	Checkout code	2026-02-07T11:19:03.6711413Z hint: 	git config --global init.defaultBranch <name>
build	Checkout code	2026-02-07T11:19:03.6712011Z hint:
build	Checkout code	2026-02-07T11:19:03.6712562Z hint: Names commonly chosen instead of 'master' are 'main', 'trunk' and
build	Checkout code	2026-02-07T11:19:03.6713462Z hint: 'development'. The just-created branch can be renamed via this command:
build	Checkout code	2026-02-07T11:19:03.6714227Z hint:
build	Checkout code	2026-02-07T11:19:03.6714720Z hint: 	git branch -m <name>
build	Checkout code	2026-02-07T11:19:03.6715183Z hint:
build	Checkout code	2026-02-07T11:19:03.6715854Z hint: Disable this message with "git config set advice.defaultBranchName false"
build	Checkout code	2026-02-07T11:19:03.6717158Z Initialized empty Git repository in /home/runner/work/Chireaders/Chireaders/.git/
build	Checkout code	2026-02-07T11:19:03.6721852Z [command]/usr/bin/git remote add origin https://github.com/Balrog57/Chireaders
build	Checkout code	2026-02-07T11:19:03.6758664Z ##[endgroup]
build	Checkout code	2026-02-07T11:19:03.6759896Z ##[group]Disabling automatic garbage collection
build	Checkout code	2026-02-07T11:19:03.6763089Z [command]/usr/bin/git config --local gc.auto 0
build	Checkout code	2026-02-07T11:19:03.6792979Z ##[endgroup]
build	Checkout code	2026-02-07T11:19:03.6793829Z ##[group]Setting up auth
build	Checkout code	2026-02-07T11:19:03.6800666Z [command]/usr/bin/git config --local --name-only --get-regexp core\.sshCommand
build	Checkout code	2026-02-07T11:19:03.6830111Z [command]/usr/bin/git submodule foreach --recursive sh -c "git config --local --name-only --get-regexp 'core\.sshCommand' && git config --local --unset-all 'core.sshCommand' || :"
build	Checkout code	2026-02-07T11:19:03.8139019Z [command]/usr/bin/git config --local --name-only --get-regexp http\.https\:\/\/github\.com\/\.extraheader
build	Checkout code	2026-02-07T11:19:03.8141956Z [command]/usr/bin/git submodule foreach --recursive sh -c "git config --local --name-only --get-regexp 'http\.https\:\/\/github\.com\/\.extraheader' && git config --local --unset-all 'http.https://github.com/.extraheader' || :"
build	Checkout code	2026-02-07T11:19:03.8144240Z [command]/usr/bin/git config --local --name-only --get-regexp ^includeIf\.gitdir:
build	Checkout code	2026-02-07T11:19:03.8146538Z [command]/usr/bin/git submodule foreach --recursive git config --local --show-origin --name-only --get-regexp remote.origin.url
build	Checkout code	2026-02-07T11:19:03.8148562Z [command]/usr/bin/git config --local http.https://github.com/.extraheader AUTHORIZATION: basic ***
build	Checkout code	2026-02-07T11:19:03.8150644Z ##[endgroup]
build	Checkout code	2026-02-07T11:19:03.8151420Z ##[group]Fetching the repository
build	Checkout code	2026-02-07T11:19:03.8152371Z [command]/usr/bin/git -c protocol.version=2 fetch --no-tags --prune --no-recurse-submodules --depth=1 origin +443fcdf68f70bb3279c9f3ddc6a09dc659eee469:refs/tags/v1.0.0
build	Checkout code	2026-02-07T11:19:04.4502225Z From https://github.com/Balrog57/Chireaders
build	Checkout code	2026-02-07T11:19:04.4503043Z  * [new ref]         443fcdf68f70bb3279c9f3ddc6a09dc659eee469 -> v1.0.0
build	Checkout code	2026-02-07T11:19:04.4506658Z ##[endgroup]
build	Checkout code	2026-02-07T11:19:04.4507371Z ##[group]Determining the checkout info
build	Checkout code	2026-02-07T11:19:04.4507968Z ##[endgroup]
build	Checkout code	2026-02-07T11:19:04.4508370Z [command]/usr/bin/git sparse-checkout disable
build	Checkout code	2026-02-07T11:19:04.4543919Z [command]/usr/bin/git config --local --unset-all extensions.worktreeConfig
build	Checkout code	2026-02-07T11:19:04.4569894Z ##[group]Checking out the ref
build	Checkout code	2026-02-07T11:19:04.4573603Z [command]/usr/bin/git checkout --progress --force refs/tags/v1.0.0
build	Checkout code	2026-02-07T11:19:04.4669388Z Note: switching to 'refs/tags/v1.0.0'.
build	Checkout code	2026-02-07T11:19:04.4670847Z 
build	Checkout code	2026-02-07T11:19:04.4671695Z You are in 'detached HEAD' state. You can look around, make experimental
build	Checkout code	2026-02-07T11:19:04.4673525Z changes and commit them, and you can discard any commits you make in this
build	Checkout code	2026-02-07T11:19:04.4674250Z state without impacting any branches by switching back to a branch.
build	Checkout code	2026-02-07T11:19:04.4674635Z 
build	Checkout code	2026-02-07T11:19:04.4674962Z If you want to create a new branch to retain commits you create, you may
build	Checkout code	2026-02-07T11:19:04.4675866Z do so (now or later) by using -c with the switch command. Example:
build	Checkout code	2026-02-07T11:19:04.4676284Z 
build	Checkout code	2026-02-07T11:19:04.4676466Z   git switch -c <new-branch-name>
build	Checkout code	2026-02-07T11:19:04.4676752Z 
build	Checkout code	2026-02-07T11:19:04.4677127Z Or undo this operation with:
build	Checkout code	2026-02-07T11:19:04.4677411Z 
build	Checkout code	2026-02-07T11:19:04.4677551Z   git switch -
build	Checkout code	2026-02-07T11:19:04.4677744Z 
build	Checkout code	2026-02-07T11:19:04.4678096Z Turn off this advice by setting config variable advice.detachedHead to false
build	Checkout code	2026-02-07T11:19:04.4678586Z 
build	Checkout code	2026-02-07T11:19:04.4678916Z HEAD is now at 443fcdf chore: cleanup project and add release workflow
build	Checkout code	2026-02-07T11:19:04.4688927Z ##[endgroup]
build	Checkout code	2026-02-07T11:19:04.4713179Z [command]/usr/bin/git log -1 --format=%H
build	Checkout code	2026-02-07T11:19:04.4733661Z 443fcdf68f70bb3279c9f3ddc6a09dc659eee469
build	Setup Java	´╗┐2026-02-07T11:19:04.4973375Z ##[group]Run actions/setup-java@v4
build	Setup Java	2026-02-07T11:19:04.4973656Z with:
build	Setup Java	2026-02-07T11:19:04.4973841Z   distribution: zulu
build	Setup Java	2026-02-07T11:19:04.4974025Z   java-version: 17
build	Setup Java	2026-02-07T11:19:04.4974217Z   java-package: jdk
build	Setup Java	2026-02-07T11:19:04.4974402Z   check-latest: false
build	Setup Java	2026-02-07T11:19:04.4974580Z   server-id: github
build	Setup Java	2026-02-07T11:19:04.4974771Z   server-username: GITHUB_ACTOR
build	Setup Java	2026-02-07T11:19:04.4974989Z   server-password: GITHUB_TOKEN
build	Setup Java	2026-02-07T11:19:04.4975209Z   overwrite-settings: true
build	Setup Java	2026-02-07T11:19:04.4975414Z   job-status: success
build	Setup Java	2026-02-07T11:19:04.4975729Z   token: ***
build	Setup Java	2026-02-07T11:19:04.4975906Z ##[endgroup]
build	Setup Java	2026-02-07T11:19:04.7203744Z ##[group]Installed distributions
build	Setup Java	2026-02-07T11:19:04.7204318Z Trying to resolve the latest version from remote
build	Setup Java	2026-02-07T11:19:04.8475229Z Resolved latest version as 17.0.18+8
build	Setup Java	2026-02-07T11:19:04.8475902Z Trying to download...
build	Setup Java	2026-02-07T11:19:04.8476796Z Downloading Java 17.0.18+8 (Zulu) from https://cdn.azul.com/zulu/bin/zulu17.64.17-ca-jdk17.0.18-linux_x64.tar.gz ...
build	Setup Java	2026-02-07T11:19:06.0468029Z Extracting Java archive...
build	Setup Java	2026-02-07T11:19:06.0471172Z [command]/usr/bin/tar xz --warning=no-unknown-keyword --overwrite -C /home/runner/work/_temp/c24f20ab-b632-462e-b8b0-762456444b84 -f /home/runner/work/_temp/0167a360-e993-4d7f-a106-4dd2ccceca5d
build	Setup Java	2026-02-07T11:19:09.2229061Z Java 17.0.18+8 was downloaded
build	Setup Java	2026-02-07T11:19:09.2229494Z Setting Java 17.0.18+8 as the default
build	Setup Java	2026-02-07T11:19:09.2255703Z Creating toolchains.xml for JDK version 17 from zulu
build	Setup Java	2026-02-07T11:19:09.2324398Z Writing to /home/runner/.m2/toolchains.xml
build	Setup Java	2026-02-07T11:19:09.2326195Z 
build	Setup Java	2026-02-07T11:19:09.2326364Z Java configuration:
build	Setup Java	2026-02-07T11:19:09.2326689Z   Distribution: zulu
build	Setup Java	2026-02-07T11:19:09.2327184Z   Version: 17.0.18+8
build	Setup Java	2026-02-07T11:19:09.2327631Z   Path: /opt/hostedtoolcache/Java_Zulu_jdk/17.0.18-8/x64
build	Setup Java	2026-02-07T11:19:09.2334020Z 
build	Setup Java	2026-02-07T11:19:09.2335180Z ##[endgroup]
build	Setup Java	2026-02-07T11:19:09.2354445Z Creating settings.xml with server-id: github
build	Setup Java	2026-02-07T11:19:09.2356415Z Writing to /home/runner/.m2/settings.xml
build	Setup Node.js	´╗┐2026-02-07T11:19:09.2483662Z ##[group]Run actions/setup-node@v4
build	Setup Node.js	2026-02-07T11:19:09.2483939Z with:
build	Setup Node.js	2026-02-07T11:19:09.2484130Z   node-version: 18
build	Setup Node.js	2026-02-07T11:19:09.2484312Z   cache: npm
build	Setup Node.js	2026-02-07T11:19:09.2484490Z   always-auth: false
build	Setup Node.js	2026-02-07T11:19:09.2484670Z   check-latest: false
build	Setup Node.js	2026-02-07T11:19:09.2485009Z   token: ***
build	Setup Node.js	2026-02-07T11:19:09.2485236Z env:
build	Setup Node.js	2026-02-07T11:19:09.2485454Z   JAVA_HOME: /opt/hostedtoolcache/Java_Zulu_jdk/17.0.18-8/x64
build	Setup Node.js	2026-02-07T11:19:09.2485840Z   JAVA_HOME_17_X64: /opt/hostedtoolcache/Java_Zulu_jdk/17.0.18-8/x64
build	Setup Node.js	2026-02-07T11:19:09.2486133Z ##[endgroup]
build	Setup Node.js	2026-02-07T11:19:09.7225242Z Attempting to download 18...
build	Setup Node.js	2026-02-07T11:19:10.6404326Z Acquiring 18.20.8 - x64 from https://github.com/actions/node-versions/releases/download/18.20.8-14110393767/node-18.20.8-linux-x64.tar.gz
build	Setup Node.js	2026-02-07T11:19:11.6922859Z Extracting ...
build	Setup Node.js	2026-02-07T11:19:11.7018525Z [command]/usr/bin/tar xz --strip 1 --warning=no-unknown-keyword --overwrite -C /home/runner/work/_temp/262acfd6-49a6-4b85-9b34-cb41b239f63e -f /home/runner/work/_temp/9834384d-bd40-441d-9949-42ca9e43faf6
build	Setup Node.js	2026-02-07T11:19:12.6610481Z Adding to the cache ...
build	Setup Node.js	2026-02-07T11:19:14.5567418Z ##[group]Environment details
build	Setup Node.js	2026-02-07T11:19:14.8346143Z node: v18.20.8
build	Setup Node.js	2026-02-07T11:19:14.8348495Z npm: 10.8.2
build	Setup Node.js	2026-02-07T11:19:14.8350142Z yarn: 1.22.22
build	Setup Node.js	2026-02-07T11:19:14.8352504Z ##[endgroup]
build	Setup Node.js	2026-02-07T11:19:14.8373802Z [command]/opt/hostedtoolcache/node/18.20.8/x64/bin/npm config get cache
build	Setup Node.js	2026-02-07T11:19:14.9465708Z /home/runner/.npm
build	Setup Node.js	2026-02-07T11:19:15.2277354Z npm cache is not found
build	Install dependencies	´╗┐2026-02-07T11:19:15.2380456Z ##[group]Run npm ci
build	Install dependencies	2026-02-07T11:19:15.2380726Z [36;1mnpm ci[0m
build	Install dependencies	2026-02-07T11:19:15.2402641Z shell: /usr/bin/bash -e {0}
build	Install dependencies	2026-02-07T11:19:15.2402890Z env:
build	Install dependencies	2026-02-07T11:19:15.2403123Z   JAVA_HOME: /opt/hostedtoolcache/Java_Zulu_jdk/17.0.18-8/x64
build	Install dependencies	2026-02-07T11:19:15.2403499Z   JAVA_HOME_17_X64: /opt/hostedtoolcache/Java_Zulu_jdk/17.0.18-8/x64
build	Install dependencies	2026-02-07T11:19:15.2403787Z ##[endgroup]
build	Install dependencies	2026-02-07T11:19:16.1653870Z npm warn EBADENGINE Unsupported engine {
build	Install dependencies	2026-02-07T11:19:16.1654852Z npm warn EBADENGINE   package: '@isaacs/balanced-match@4.0.1',
build	Install dependencies	2026-02-07T11:19:16.1655735Z npm warn EBADENGINE   required: { node: '20 || >=22' },
build	Install dependencies	2026-02-07T11:19:16.1656574Z npm warn EBADENGINE   current: { node: 'v18.20.8', npm: '10.8.2' }
build	Install dependencies	2026-02-07T11:19:16.1657521Z npm warn EBADENGINE }
build	Install dependencies	2026-02-07T11:19:16.1658027Z npm warn EBADENGINE Unsupported engine {
build	Install dependencies	2026-02-07T11:19:16.1658777Z npm warn EBADENGINE   package: '@isaacs/brace-expansion@5.0.1',
build	Install dependencies	2026-02-07T11:19:16.1659555Z npm warn EBADENGINE   required: { node: '20 || >=22' },
build	Install dependencies	2026-02-07T11:19:16.1660470Z npm warn EBADENGINE   current: { node: 'v18.20.8', npm: '10.8.2' }
build	Install dependencies	2026-02-07T11:19:16.1661082Z npm warn EBADENGINE }
build	Install dependencies	2026-02-07T11:19:16.1661554Z npm warn EBADENGINE Unsupported engine {
build	Install dependencies	2026-02-07T11:19:16.1662340Z npm warn EBADENGINE   package: '@react-native/assets-registry@0.81.5',
build	Install dependencies	2026-02-07T11:19:16.1663176Z npm warn EBADENGINE   required: { node: '>= 20.19.4' },
build	Install dependencies	2026-02-07T11:19:16.1663978Z npm warn EBADENGINE   current: { node: 'v18.20.8', npm: '10.8.2' }
build	Install dependencies	2026-02-07T11:19:16.1664591Z npm warn EBADENGINE }
build	Install dependencies	2026-02-07T11:19:16.1665094Z npm warn EBADENGINE Unsupported engine {
build	Install dependencies	2026-02-07T11:19:16.1665899Z npm warn EBADENGINE   package: '@react-native/babel-plugin-codegen@0.81.5',
build	Install dependencies	2026-02-07T11:19:16.1666717Z npm warn EBADENGINE   required: { node: '>= 20.19.4' },
build	Install dependencies	2026-02-07T11:19:16.1667701Z npm warn EBADENGINE   current: { node: 'v18.20.8', npm: '10.8.2' }
build	Install dependencies	2026-02-07T11:19:16.1668295Z npm warn EBADENGINE }
build	Install dependencies	2026-02-07T11:19:16.1668849Z npm warn EBADENGINE Unsupported engine {
build	Install dependencies	2026-02-07T11:19:16.1669631Z npm warn EBADENGINE   package: '@react-native/babel-preset@0.81.5',
build	Install dependencies	2026-02-07T11:19:16.1670405Z npm warn EBADENGINE   required: { node: '>= 20.19.4' },
build	Install dependencies	2026-02-07T11:19:16.1671181Z npm warn EBADENGINE   current: { node: 'v18.20.8', npm: '10.8.2' }
build	Install dependencies	2026-02-07T11:19:16.1671800Z npm warn EBADENGINE }
build	Install dependencies	2026-02-07T11:19:16.1672267Z npm warn EBADENGINE Unsupported engine {
build	Install dependencies	2026-02-07T11:19:16.1672959Z npm warn EBADENGINE   package: '@react-native/codegen@0.81.5',
build	Install dependencies	2026-02-07T11:19:16.1673697Z npm warn EBADENGINE   required: { node: '>= 20.19.4' },
build	Install dependencies	2026-02-07T11:19:16.1674470Z npm warn EBADENGINE   current: { node: 'v18.20.8', npm: '10.8.2' }
build	Install dependencies	2026-02-07T11:19:16.1675073Z npm warn EBADENGINE }
build	Install dependencies	2026-02-07T11:19:16.1675519Z npm warn EBADENGINE Unsupported engine {
build	Install dependencies	2026-02-07T11:19:16.1676205Z npm warn EBADENGINE   package: '@react-native/community-cli-plugin@0.81.5',
build	Install dependencies	2026-02-07T11:19:16.1677042Z npm warn EBADENGINE   required: { node: '>= 20.19.4' },
build	Install dependencies	2026-02-07T11:19:16.1677839Z npm warn EBADENGINE   current: { node: 'v18.20.8', npm: '10.8.2' }
build	Install dependencies	2026-02-07T11:19:16.1678364Z npm warn EBADENGINE }
build	Install dependencies	2026-02-07T11:19:16.1680730Z npm warn EBADENGINE Unsupported engine {
build	Install dependencies	2026-02-07T11:19:16.1681538Z npm warn EBADENGINE   package: '@react-native/debugger-frontend@0.81.5',
build	Install dependencies	2026-02-07T11:19:16.1682360Z npm warn EBADENGINE   required: { node: '>= 20.19.4' },
build	Install dependencies	2026-02-07T11:19:16.1683142Z npm warn EBADENGINE   current: { node: 'v18.20.8', npm: '10.8.2' }
build	Install dependencies	2026-02-07T11:19:16.1683731Z npm warn EBADENGINE }
build	Install dependencies	2026-02-07T11:19:16.1684136Z npm warn EBADENGINE Unsupported engine {
build	Install dependencies	2026-02-07T11:19:16.1685235Z npm warn EBADENGINE   package: '@react-native/dev-middleware@0.81.5',
build	Install dependencies	2026-02-07T11:19:16.1686532Z npm warn EBADENGINE   required: { node: '>= 20.19.4' },
build	Install dependencies	2026-02-07T11:19:16.1687458Z npm warn EBADENGINE   current: { node: 'v18.20.8', npm: '10.8.2' }
build	Install dependencies	2026-02-07T11:19:16.1688026Z npm warn EBADENGINE }
build	Install dependencies	2026-02-07T11:19:16.1688495Z npm warn EBADENGINE Unsupported engine {
build	Install dependencies	2026-02-07T11:19:16.1689236Z npm warn EBADENGINE   package: '@react-native/gradle-plugin@0.81.5',
build	Install dependencies	2026-02-07T11:19:16.1690325Z npm warn EBADENGINE   required: { node: '>= 20.19.4' },
build	Install dependencies	2026-02-07T11:19:16.1691100Z npm warn EBADENGINE   current: { node: 'v18.20.8', npm: '10.8.2' }
build	Install dependencies	2026-02-07T11:19:16.1691691Z npm warn EBADENGINE }
build	Install dependencies	2026-02-07T11:19:16.1692178Z npm warn EBADENGINE Unsupported engine {
build	Install dependencies	2026-02-07T11:19:16.1692963Z npm warn EBADENGINE   package: '@react-native/js-polyfills@0.81.5',
build	Install dependencies	2026-02-07T11:19:16.1693744Z npm warn EBADENGINE   required: { node: '>= 20.19.4' },
build	Install dependencies	2026-02-07T11:19:16.1694574Z npm warn EBADENGINE   current: { node: 'v18.20.8', npm: '10.8.2' }
build	Install dependencies	2026-02-07T11:19:16.1695159Z npm warn EBADENGINE }
build	Install dependencies	2026-02-07T11:19:16.1695646Z npm warn EBADENGINE Unsupported engine {
build	Install dependencies	2026-02-07T11:19:16.1696312Z npm warn EBADENGINE   package: 'expo-server@1.0.5',
build	Install dependencies	2026-02-07T11:19:16.1697182Z npm warn EBADENGINE   required: { node: '>=20.16.0' },
build	Install dependencies	2026-02-07T11:19:16.1697966Z npm warn EBADENGINE   current: { node: 'v18.20.8', npm: '10.8.2' }
build	Install dependencies	2026-02-07T11:19:16.1698573Z npm warn EBADENGINE }
build	Install dependencies	2026-02-07T11:19:16.1699784Z npm warn EBADENGINE Unsupported engine {
build	Install dependencies	2026-02-07T11:19:16.1700327Z npm warn EBADENGINE   package: 'glob@13.0.1',
build	Install dependencies	2026-02-07T11:19:16.1700948Z npm warn EBADENGINE   required: { node: '20 || >=22' },
build	Install dependencies	2026-02-07T11:19:16.1702137Z npm warn EBADENGINE   current: { node: 'v18.20.8', npm: '10.8.2' }
build	Install dependencies	2026-02-07T11:19:16.1702707Z npm warn EBADENGINE }
build	Install dependencies	2026-02-07T11:19:16.1703342Z npm warn EBADENGINE Unsupported engine {
build	Install dependencies	2026-02-07T11:19:16.1703990Z npm warn EBADENGINE   package: 'minimatch@10.1.2',
build	Install dependencies	2026-02-07T11:19:16.1704692Z npm warn EBADENGINE   required: { node: '20 || >=22' },
build	Install dependencies	2026-02-07T11:19:16.1705452Z npm warn EBADENGINE   current: { node: 'v18.20.8', npm: '10.8.2' }
build	Install dependencies	2026-02-07T11:19:16.1705937Z npm warn EBADENGINE }
build	Install dependencies	2026-02-07T11:19:16.1707178Z npm warn EBADENGINE Unsupported engine {
build	Install dependencies	2026-02-07T11:19:16.1707761Z npm warn EBADENGINE   package: 'metro@0.83.3',
build	Install dependencies	2026-02-07T11:19:16.1708790Z npm warn EBADENGINE   required: { node: '>=20.19.4' },
build	Install dependencies	2026-02-07T11:19:16.1709599Z npm warn EBADENGINE   current: { node: 'v18.20.8', npm: '10.8.2' }
build	Install dependencies	2026-02-07T11:19:16.1710171Z npm warn EBADENGINE }
build	Install dependencies	2026-02-07T11:19:16.1710627Z npm warn EBADENGINE Unsupported engine {
build	Install dependencies	2026-02-07T11:19:16.1711347Z npm warn EBADENGINE   package: 'metro-babel-transformer@0.83.3',
build	Install dependencies	2026-02-07T11:19:16.1712095Z npm warn EBADENGINE   required: { node: '>=20.19.4' },
build	Install dependencies	2026-02-07T11:19:16.1712831Z npm warn EBADENGINE   current: { node: 'v18.20.8', npm: '10.8.2' }
build	Install dependencies	2026-02-07T11:19:16.1713349Z npm warn EBADENGINE }
build	Install dependencies	2026-02-07T11:19:16.1713807Z npm warn EBADENGINE Unsupported engine {
build	Install dependencies	2026-02-07T11:19:16.1714404Z npm warn EBADENGINE   package: 'metro-cache@0.83.3',
build	Install dependencies	2026-02-07T11:19:16.1715056Z npm warn EBADENGINE   required: { node: '>=20.19.4' },
build	Install dependencies	2026-02-07T11:19:16.1715814Z npm warn EBADENGINE   current: { node: 'v18.20.8', npm: '10.8.2' }
build	Install dependencies	2026-02-07T11:19:16.1716391Z npm warn EBADENGINE }
build	Install dependencies	2026-02-07T11:19:16.1716849Z npm warn EBADENGINE Unsupported engine {
build	Install dependencies	2026-02-07T11:19:16.1717693Z npm warn EBADENGINE   package: 'metro-cache-key@0.83.3',
build	Install dependencies	2026-02-07T11:19:16.1718366Z npm warn EBADENGINE   required: { node: '>=20.19.4' },
build	Install dependencies	2026-02-07T11:19:16.1719098Z npm warn EBADENGINE   current: { node: 'v18.20.8', npm: '10.8.2' }
build	Install dependencies	2026-02-07T11:19:16.1719690Z npm warn EBADENGINE }
build	Install dependencies	2026-02-07T11:19:16.1720139Z npm warn EBADENGINE Unsupported engine {
build	Install dependencies	2026-02-07T11:19:16.1720802Z npm warn EBADENGINE   package: 'metro-config@0.83.3',
build	Install dependencies	2026-02-07T11:19:16.1721471Z npm warn EBADENGINE   required: { node: '>=20.19.4' },
build	Install dependencies	2026-02-07T11:19:16.1744910Z npm warn EBADENGINE   current: { node: 'v18.20.8', npm: '10.8.2' }
build	Install dependencies	2026-02-07T11:19:16.1745533Z npm warn EBADENGINE }
build	Install dependencies	2026-02-07T11:19:16.1746358Z npm warn EBADENGINE Unsupported engine {
build	Install dependencies	2026-02-07T11:19:16.1758072Z npm warn EBADENGINE   package: 'metro-core@0.83.3',
build	Install dependencies	2026-02-07T11:19:16.1759339Z npm warn EBADENGINE   required: { node: '>=20.19.4' },
build	Install dependencies	2026-02-07T11:19:16.1760266Z npm warn EBADENGINE   current: { node: 'v18.20.8', npm: '10.8.2' }
build	Install dependencies	2026-02-07T11:19:16.1761362Z npm warn EBADENGINE }
build	Install dependencies	2026-02-07T11:19:16.1762753Z npm warn EBADENGINE Unsupported engine {
build	Install dependencies	2026-02-07T11:19:16.1764043Z npm warn EBADENGINE   package: 'metro-file-map@0.83.3',
build	Install dependencies	2026-02-07T11:19:16.1765069Z npm warn EBADENGINE   required: { node: '>=20.19.4' },
build	Install dependencies	2026-02-07T11:19:16.1765908Z npm warn EBADENGINE   current: { node: 'v18.20.8', npm: '10.8.2' }
build	Install dependencies	2026-02-07T11:19:16.1766998Z npm warn EBADENGINE }
build	Install dependencies	2026-02-07T11:19:16.1767662Z npm warn EBADENGINE Unsupported engine {
build	Install dependencies	2026-02-07T11:19:16.1768379Z npm warn EBADENGINE   package: 'metro-minify-terser@0.83.3',
build	Install dependencies	2026-02-07T11:19:16.1769185Z npm warn EBADENGINE   required: { node: '>=20.19.4' },
build	Install dependencies	2026-02-07T11:19:16.1769982Z npm warn EBADENGINE   current: { node: 'v18.20.8', npm: '10.8.2' }
build	Install dependencies	2026-02-07T11:19:16.1770563Z npm warn EBADENGINE }
build	Install dependencies	2026-02-07T11:19:16.1771418Z npm warn EBADENGINE Unsupported engine {
build	Install dependencies	2026-02-07T11:19:16.1772102Z npm warn EBADENGINE   package: 'metro-resolver@0.83.3',
build	Install dependencies	2026-02-07T11:19:16.1773025Z npm warn EBADENGINE   required: { node: '>=20.19.4' },
build	Install dependencies	2026-02-07T11:19:16.1774648Z npm warn EBADENGINE   current: { node: 'v18.20.8', npm: '10.8.2' }
build	Install dependencies	2026-02-07T11:19:16.1775230Z npm warn EBADENGINE }
build	Install dependencies	2026-02-07T11:19:16.1775593Z npm warn EBADENGINE Unsupported engine {
build	Install dependencies	2026-02-07T11:19:16.1776148Z npm warn EBADENGINE   package: 'metro-runtime@0.83.3',
build	Install dependencies	2026-02-07T11:19:16.1776569Z npm warn EBADENGINE   required: { node: '>=20.19.4' },
build	Install dependencies	2026-02-07T11:19:16.1777171Z npm warn EBADENGINE   current: { node: 'v18.20.8', npm: '10.8.2' }
build	Install dependencies	2026-02-07T11:19:16.1777696Z npm warn EBADENGINE }
build	Install dependencies	2026-02-07T11:19:16.1778156Z npm warn EBADENGINE Unsupported engine {
build	Install dependencies	2026-02-07T11:19:16.1778829Z npm warn EBADENGINE   package: 'metro-source-map@0.83.3',
build	Install dependencies	2026-02-07T11:19:16.1779531Z npm warn EBADENGINE   required: { node: '>=20.19.4' },
build	Install dependencies	2026-02-07T11:19:16.1780251Z npm warn EBADENGINE   current: { node: 'v18.20.8', npm: '10.8.2' }
build	Install dependencies	2026-02-07T11:19:16.1780853Z npm warn EBADENGINE }
build	Install dependencies	2026-02-07T11:19:16.1781318Z npm warn EBADENGINE Unsupported engine {
build	Install dependencies	2026-02-07T11:19:16.1782022Z npm warn EBADENGINE   package: 'metro-symbolicate@0.83.3',
build	Install dependencies	2026-02-07T11:19:16.1782781Z npm warn EBADENGINE   required: { node: '>=20.19.4' },
build	Install dependencies	2026-02-07T11:19:16.1783492Z npm warn EBADENGINE   current: { node: 'v18.20.8', npm: '10.8.2' }
build	Install dependencies	2026-02-07T11:19:16.1784043Z npm warn EBADENGINE }
build	Install dependencies	2026-02-07T11:19:16.1784541Z npm warn EBADENGINE Unsupported engine {
build	Install dependencies	2026-02-07T11:19:16.1785243Z npm warn EBADENGINE   package: 'metro-transform-plugins@0.83.3',
build	Install dependencies	2026-02-07T11:19:16.1785989Z npm warn EBADENGINE   required: { node: '>=20.19.4' },
build	Install dependencies	2026-02-07T11:19:16.1786724Z npm warn EBADENGINE   current: { node: 'v18.20.8', npm: '10.8.2' }
build	Install dependencies	2026-02-07T11:19:16.1787445Z npm warn EBADENGINE }
build	Install dependencies	2026-02-07T11:19:16.1787938Z npm warn EBADENGINE Unsupported engine {
build	Install dependencies	2026-02-07T11:19:16.1788680Z npm warn EBADENGINE   package: 'metro-transform-worker@0.83.3',
build	Install dependencies	2026-02-07T11:19:16.1789474Z npm warn EBADENGINE   required: { node: '>=20.19.4' },
build	Install dependencies	2026-02-07T11:19:16.1790255Z npm warn EBADENGINE   current: { node: 'v18.20.8', npm: '10.8.2' }
build	Install dependencies	2026-02-07T11:19:16.1790824Z npm warn EBADENGINE }
build	Install dependencies	2026-02-07T11:19:16.1791297Z npm warn EBADENGINE Unsupported engine {
build	Install dependencies	2026-02-07T11:19:16.1791866Z npm warn EBADENGINE   package: 'ob1@0.83.3',
build	Install dependencies	2026-02-07T11:19:16.1792497Z npm warn EBADENGINE   required: { node: '>=20.19.4' },
build	Install dependencies	2026-02-07T11:19:16.1793249Z npm warn EBADENGINE   current: { node: 'v18.20.8', npm: '10.8.2' }
build	Install dependencies	2026-02-07T11:19:16.1793835Z npm warn EBADENGINE }
build	Install dependencies	2026-02-07T11:19:16.1794299Z npm warn EBADENGINE Unsupported engine {
build	Install dependencies	2026-02-07T11:19:16.1794928Z npm warn EBADENGINE   package: 'path-scurry@2.0.1',
build	Install dependencies	2026-02-07T11:19:16.1795978Z npm warn EBADENGINE   required: { node: '20 || >=22' },
build	Install dependencies	2026-02-07T11:19:16.1796744Z npm warn EBADENGINE   current: { node: 'v18.20.8', npm: '10.8.2' }
build	Install dependencies	2026-02-07T11:19:16.1797719Z npm warn EBADENGINE }
build	Install dependencies	2026-02-07T11:19:16.1798202Z npm warn EBADENGINE Unsupported engine {
build	Install dependencies	2026-02-07T11:19:16.1798802Z npm warn EBADENGINE   package: 'lru-cache@11.2.5',
build	Install dependencies	2026-02-07T11:19:16.1799634Z npm warn EBADENGINE   required: { node: '20 || >=22' },
build	Install dependencies	2026-02-07T11:19:16.1800396Z npm warn EBADENGINE   current: { node: 'v18.20.8', npm: '10.8.2' }
build	Install dependencies	2026-02-07T11:19:16.1801022Z npm warn EBADENGINE }
build	Install dependencies	2026-02-07T11:19:16.1801503Z npm warn EBADENGINE Unsupported engine {
build	Install dependencies	2026-02-07T11:19:16.1802189Z npm warn EBADENGINE   package: 'react-native@0.81.5',
build	Install dependencies	2026-02-07T11:19:16.1802910Z npm warn EBADENGINE   required: { node: '>= 20.19.4' },
build	Install dependencies	2026-02-07T11:19:16.1803711Z npm warn EBADENGINE   current: { node: 'v18.20.8', npm: '10.8.2' }
build	Install dependencies	2026-02-07T11:19:16.1804336Z npm warn EBADENGINE }
build	Install dependencies	2026-02-07T11:19:16.1804812Z npm warn EBADENGINE Unsupported engine {
build	Install dependencies	2026-02-07T11:19:16.1805645Z npm warn EBADENGINE   package: '@react-native/virtualized-lists@0.81.5',
build	Install dependencies	2026-02-07T11:19:16.1806844Z npm warn EBADENGINE   required: { node: '>= 20.19.4' },
build	Install dependencies	2026-02-07T11:19:16.1807986Z npm warn EBADENGINE   current: { node: 'v18.20.8', npm: '10.8.2' }
build	Install dependencies	2026-02-07T11:19:16.1808642Z npm warn EBADENGINE }
build	Install dependencies	2026-02-07T11:19:19.1055126Z npm warn deprecated rimraf@3.0.2: Rimraf versions prior to v4 are no longer supported
build	Install dependencies	2026-02-07T11:19:20.7049549Z npm warn deprecated inflight@1.0.6: This module is not supported, and leaks memory. Do not use it. Check out lru-cache if you want a good and tested way to coalesce async requests by a key value, which is much more comprehensive and powerful.
build	Install dependencies	2026-02-07T11:19:22.4767826Z npm warn deprecated glob@7.2.3: Old versions of glob are not supported, and contain widely publicized security vulnerabilities, which have been fixed in the current version. Please update. Support for old versions may be purchased (at exorbitant rates) by contacting i@izs.me
build	Install dependencies	2026-02-07T11:19:22.5947858Z npm warn deprecated glob@7.2.3: Old versions of glob are not supported, and contain widely publicized security vulnerabilities, which have been fixed in the current version. Please update. Support for old versions may be purchased (at exorbitant rates) by contacting i@izs.me
build	Install dependencies	2026-02-07T11:19:22.5952804Z npm warn deprecated glob@7.2.3: Old versions of glob are not supported, and contain widely publicized security vulnerabilities, which have been fixed in the current version. Please update. Support for old versions may be purchased (at exorbitant rates) by contacting i@izs.me
build	Install dependencies	2026-02-07T11:19:22.8307257Z npm warn deprecated glob@7.2.3: Old versions of glob are not supported, and contain widely publicized security vulnerabilities, which have been fixed in the current version. Please update. Support for old versions may be purchased (at exorbitant rates) by contacting i@izs.me
build	Install dependencies	2026-02-07T11:19:31.3818654Z 
build	Install dependencies	2026-02-07T11:19:31.3824217Z added 927 packages, and audited 928 packages in 16s
build	Install dependencies	2026-02-07T11:19:31.3825591Z 
build	Install dependencies	2026-02-07T11:19:31.3826046Z 173 packages are looking for funding
build	Install dependencies	2026-02-07T11:19:31.3826655Z   run `npm fund` for details
build	Install dependencies	2026-02-07T11:19:31.3840605Z 
build	Install dependencies	2026-02-07T11:19:31.3842161Z 3 high severity vulnerabilities
build	Install dependencies	2026-02-07T11:19:31.3843461Z 
build	Install dependencies	2026-02-07T11:19:31.3844980Z Some issues need review, and may require choosing
build	Install dependencies	2026-02-07T11:19:31.3846662Z a different dependency.
build	Install dependencies	2026-02-07T11:19:31.3848319Z 
build	Install dependencies	2026-02-07T11:19:31.3849534Z Run `npm audit` for details.
build	Prebuild (Generate Android Native Code)	´╗┐2026-02-07T11:19:31.4072541Z ##[group]Run npx expo prebuild --platform android --no-install
build	Prebuild (Generate Android Native Code)	2026-02-07T11:19:31.4073008Z [36;1mnpx expo prebuild --platform android --no-install[0m
build	Prebuild (Generate Android Native Code)	2026-02-07T11:19:31.4092471Z shell: /usr/bin/bash -e {0}
build	Prebuild (Generate Android Native Code)	2026-02-07T11:19:31.4092841Z env:
build	Prebuild (Generate Android Native Code)	2026-02-07T11:19:31.4093166Z   JAVA_HOME: /opt/hostedtoolcache/Java_Zulu_jdk/17.0.18-8/x64
build	Prebuild (Generate Android Native Code)	2026-02-07T11:19:31.4093623Z   JAVA_HOME_17_X64: /opt/hostedtoolcache/Java_Zulu_jdk/17.0.18-8/x64
build	Prebuild (Generate Android Native Code)	2026-02-07T11:19:31.4094156Z ##[endgroup]
build	Prebuild (Generate Android Native Code)	2026-02-07T11:19:32.1118677Z ÔÇ║ Android package name: com.anonymous.chireaders
build	Prebuild (Generate Android Native Code)	2026-02-07T11:19:32.1428557Z - Creating native directory (./android)
build	Prebuild (Generate Android Native Code)	2026-02-07T11:19:32.8901836Z Ô£ö Created native directory
build	Prebuild (Generate Android Native Code)	2026-02-07T11:19:32.8908108Z - Updating package.json
build	Prebuild (Generate Android Native Code)	2026-02-07T11:19:32.9055449Z Ô£ö Updated package.json
build	Prebuild (Generate Android Native Code)	2026-02-07T11:19:32.9058892Z - Running prebuild
build	Prebuild (Generate Android Native Code)	2026-02-07T11:19:36.4138001Z Ô£ö Finished prebuild
build	Build APK (Debug)	´╗┐2026-02-07T11:19:36.4588601Z ##[group]Run cd android
build	Build APK (Debug)	2026-02-07T11:19:36.4589186Z [36;1mcd android[0m
build	Build APK (Debug)	2026-02-07T11:19:36.4589588Z [36;1m./gradlew assembleDebug[0m
build	Build APK (Debug)	2026-02-07T11:19:36.4619513Z shell: /usr/bin/bash -e {0}
build	Build APK (Debug)	2026-02-07T11:19:36.4619955Z env:
build	Build APK (Debug)	2026-02-07T11:19:36.4620562Z   JAVA_HOME: /opt/hostedtoolcache/Java_Zulu_jdk/17.0.18-8/x64
build	Build APK (Debug)	2026-02-07T11:19:36.4621293Z   JAVA_HOME_17_X64: /opt/hostedtoolcache/Java_Zulu_jdk/17.0.18-8/x64
build	Build APK (Debug)	2026-02-07T11:19:36.4621932Z ##[endgroup]
build	Build APK (Debug)	2026-02-07T11:19:36.6874895Z Downloading https://services.gradle.org/distributions/gradle-8.14.3-bin.zip
build	Build APK (Debug)	2026-02-07T11:19:38.7618804Z .............10%.............20%.............30%.............40%.............50%.............60%.............70%.............80%.............90%..............100%
build	Build APK (Debug)	2026-02-07T11:19:40.1161363Z 
build	Build APK (Debug)	2026-02-07T11:19:40.1164605Z Welcome to Gradle 8.14.3!
build	Build APK (Debug)	2026-02-07T11:19:40.1167339Z 
build	Build APK (Debug)	2026-02-07T11:19:40.1168973Z Here are the highlights of this release:
build	Build APK (Debug)	2026-02-07T11:19:40.1171121Z  - Java 24 support
build	Build APK (Debug)	2026-02-07T11:19:40.1173882Z  - GraalVM Native Image toolchain selection
build	Build APK (Debug)	2026-02-07T11:19:40.1184402Z  - Enhancements to test reporting
build	Build APK (Debug)	2026-02-07T11:19:40.1185653Z  - Build Authoring improvements
build	Build APK (Debug)	2026-02-07T11:19:40.1186486Z 
build	Build APK (Debug)	2026-02-07T11:19:40.1187246Z For more details see https://docs.gradle.org/8.14.3/release-notes.html
build	Build APK (Debug)	2026-02-07T11:19:40.1188178Z 
build	Build APK (Debug)	2026-02-07T11:19:40.2171864Z Starting a Gradle Daemon (subsequent builds will be faster)
build	Build APK (Debug)	2026-02-07T11:20:39.5153208Z 
build	Build APK (Debug)	2026-02-07T11:20:39.5171081Z > Configure project :expo-gradle-plugin:expo-autolinking-plugin
build	Build APK (Debug)	2026-02-07T11:20:39.5200107Z w: file:///home/runner/work/Chireaders/Chireaders/node_modules/expo-modules-autolinking/android/expo-gradle-plugin/expo-autolinking-plugin/build.gradle.kts:25:3: 'kotlinOptions(KotlinJvmOptionsDeprecated /* = KotlinJvmOptions */.() -> Unit): Unit' is deprecated. Please migrate to the compilerOptions DSL. More details are here: https://kotl.in/u1r8ln
build	Build APK (Debug)	2026-02-07T11:20:42.4153038Z 
build	Build APK (Debug)	2026-02-07T11:20:42.4158129Z > Configure project :expo-gradle-plugin:expo-autolinking-settings-plugin
build	Build APK (Debug)	2026-02-07T11:20:42.4181462Z w: file:///home/runner/work/Chireaders/Chireaders/node_modules/expo-modules-autolinking/android/expo-gradle-plugin/expo-autolinking-settings-plugin/build.gradle.kts:30:3: 'kotlinOptions(KotlinJvmOptionsDeprecated /* = KotlinJvmOptions */.() -> Unit): Unit' is deprecated. Please migrate to the compilerOptions DSL. More details are here: https://kotl.in/u1r8ln
build	Build APK (Debug)	2026-02-07T11:20:48.8152468Z 
build	Build APK (Debug)	2026-02-07T11:20:48.8154084Z > Task :expo-gradle-plugin:expo-autolinking-plugin-shared:checkKotlinGradlePluginConfigurationErrors SKIPPED
build	Build APK (Debug)	2026-02-07T11:20:48.8155844Z > Task :gradle-plugin:settings-plugin:checkKotlinGradlePluginConfigurationErrors SKIPPED
build	Build APK (Debug)	2026-02-07T11:20:48.8158241Z > Task :gradle-plugin:shared:checkKotlinGradlePluginConfigurationErrors SKIPPED
build	Build APK (Debug)	2026-02-07T11:20:49.1169269Z > Task :expo-gradle-plugin:expo-autolinking-settings-plugin:checkKotlinGradlePluginConfigurationErrors SKIPPED
build	Build APK (Debug)	2026-02-07T11:20:49.2153290Z > Task :expo-gradle-plugin:expo-autolinking-settings-plugin:pluginDescriptors
build	Build APK (Debug)	2026-02-07T11:20:49.2157190Z > Task :expo-gradle-plugin:expo-autolinking-settings-plugin:processResources
build	Build APK (Debug)	2026-02-07T11:20:49.2159515Z > Task :gradle-plugin:settings-plugin:pluginDescriptors
build	Build APK (Debug)	2026-02-07T11:20:49.2161518Z > Task :gradle-plugin:settings-plugin:processResources
build	Build APK (Debug)	2026-02-07T11:20:57.5189752Z > Task :expo-gradle-plugin:expo-autolinking-plugin-shared:processResources NO-SOURCE
build	Build APK (Debug)	2026-02-07T11:20:57.5190944Z > Task :gradle-plugin:shared:processResources NO-SOURCE
build	Build APK (Debug)	2026-02-07T11:21:09.1161760Z > Task :gradle-plugin:shared:compileKotlin
build	Build APK (Debug)	2026-02-07T11:21:09.1165472Z > Task :gradle-plugin:shared:compileJava NO-SOURCE
build	Build APK (Debug)	2026-02-07T11:21:09.1166212Z > Task :gradle-plugin:shared:classes UP-TO-DATE
build	Build APK (Debug)	2026-02-07T11:21:09.2153817Z > Task :gradle-plugin:shared:jar
build	Build APK (Debug)	2026-02-07T11:21:10.1168527Z > Task :expo-gradle-plugin:expo-autolinking-plugin-shared:compileKotlin
build	Build APK (Debug)	2026-02-07T11:21:10.1173300Z > Task :expo-gradle-plugin:expo-autolinking-plugin-shared:compileJava NO-SOURCE
build	Build APK (Debug)	2026-02-07T11:21:10.1193164Z > Task :expo-gradle-plugin:expo-autolinking-plugin-shared:classes UP-TO-DATE
build	Build APK (Debug)	2026-02-07T11:21:10.1194805Z > Task :expo-gradle-plugin:expo-autolinking-plugin-shared:jar
build	Build APK (Debug)	2026-02-07T11:21:36.9159892Z > Task :gradle-plugin:settings-plugin:compileKotlin
build	Build APK (Debug)	2026-02-07T11:21:36.9160915Z > Task :gradle-plugin:settings-plugin:compileJava NO-SOURCE
build	Build APK (Debug)	2026-02-07T11:21:36.9161561Z > Task :gradle-plugin:settings-plugin:classes
build	Build APK (Debug)	2026-02-07T11:21:36.9162341Z > Task :gradle-plugin:settings-plugin:jar
build	Build APK (Debug)	2026-02-07T11:21:38.2159583Z > Task :expo-gradle-plugin:expo-autolinking-settings-plugin:compileKotlin
build	Build APK (Debug)	2026-02-07T11:21:38.2160763Z > Task :expo-gradle-plugin:expo-autolinking-settings-plugin:compileJava NO-SOURCE
build	Build APK (Debug)	2026-02-07T11:21:38.2161772Z > Task :expo-gradle-plugin:expo-autolinking-settings-plugin:classes
build	Build APK (Debug)	2026-02-07T11:21:38.3153683Z > Task :expo-gradle-plugin:expo-autolinking-settings-plugin:jar
build	Build APK (Debug)	2026-02-07T11:21:49.8154170Z 
build	Build APK (Debug)	2026-02-07T11:21:49.8155132Z > Configure project :expo-module-gradle-plugin
build	Build APK (Debug)	2026-02-07T11:21:49.8158206Z w: file:///home/runner/work/Chireaders/Chireaders/node_modules/expo-modules-core/expo-module-gradle-plugin/build.gradle.kts:58:3: 'kotlinOptions(KotlinJvmOptionsDeprecated /* = KotlinJvmOptions */.() -> Unit): Unit' is deprecated. Please migrate to the compilerOptions DSL. More details are here: https://kotl.in/u1r8ln
build	Build APK (Debug)	2026-02-07T11:22:38.2155460Z 
build	Build APK (Debug)	2026-02-07T11:22:38.2156581Z > Task :expo-gradle-plugin:expo-autolinking-plugin:checkKotlinGradlePluginConfigurationErrors SKIPPED
build	Build APK (Debug)	2026-02-07T11:22:38.3156682Z > Task :gradle-plugin:react-native-gradle-plugin:checkKotlinGradlePluginConfigurationErrors SKIPPED
build	Build APK (Debug)	2026-02-07T11:22:38.3160057Z > Task :expo-gradle-plugin:expo-autolinking-plugin:pluginDescriptors
build	Build APK (Debug)	2026-02-07T11:22:38.3165827Z > Task :expo-gradle-plugin:expo-autolinking-plugin:processResources
build	Build APK (Debug)	2026-02-07T11:22:38.3169020Z > Task :expo-module-gradle-plugin:checkKotlinGradlePluginConfigurationErrors SKIPPED
build	Build APK (Debug)	2026-02-07T11:22:38.3173844Z > Task :expo-module-gradle-plugin:pluginDescriptors
build	Build APK (Debug)	2026-02-07T11:22:38.3175904Z > Task :expo-module-gradle-plugin:processResources
build	Build APK (Debug)	2026-02-07T11:22:44.3162371Z > Task :expo-gradle-plugin:expo-autolinking-plugin:compileKotlin
build	Build APK (Debug)	2026-02-07T11:22:44.4155480Z > Task :expo-gradle-plugin:expo-autolinking-plugin:compileJava NO-SOURCE
build	Build APK (Debug)	2026-02-07T11:22:44.4157175Z > Task :expo-gradle-plugin:expo-autolinking-plugin:classes
build	Build APK (Debug)	2026-02-07T11:22:44.4158230Z > Task :expo-gradle-plugin:expo-autolinking-plugin:jar
build	Build APK (Debug)	2026-02-07T11:22:46.7153947Z > Task :gradle-plugin:react-native-gradle-plugin:pluginDescriptors
build	Build APK (Debug)	2026-02-07T11:22:46.7155229Z > Task :gradle-plugin:react-native-gradle-plugin:processResources
build	Build APK (Debug)	2026-02-07T11:22:55.8155263Z > Task :gradle-plugin:react-native-gradle-plugin:compileKotlin
build	Build APK (Debug)	2026-02-07T11:22:55.8159767Z > Task :gradle-plugin:react-native-gradle-plugin:compileJava NO-SOURCE
build	Build APK (Debug)	2026-02-07T11:22:55.8161089Z > Task :gradle-plugin:react-native-gradle-plugin:classes
build	Build APK (Debug)	2026-02-07T11:22:55.8161979Z > Task :gradle-plugin:react-native-gradle-plugin:jar
build	Build APK (Debug)	2026-02-07T11:22:58.7166206Z 
build	Build APK (Debug)	2026-02-07T11:22:58.7168098Z > Task :expo-module-gradle-plugin:compileKotlin
build	Build APK (Debug)	2026-02-07T11:22:58.7170892Z w: file:///home/runner/work/Chireaders/Chireaders/node_modules/expo-modules-core/expo-module-gradle-plugin/src/main/kotlin/expo/modules/plugin/android/AndroidLibraryExtension.kt:9:24 'var targetSdk: Int?' is deprecated. Will be removed from library DSL in v9.0. Use testOptions.targetSdk or/and lint.targetSdk instead.
build	Build APK (Debug)	2026-02-07T11:22:58.8151756Z 
build	Build APK (Debug)	2026-02-07T11:22:58.8155416Z > Task :expo-module-gradle-plugin:compileJava NO-SOURCE
build	Build APK (Debug)	2026-02-07T11:22:58.8158589Z > Task :expo-module-gradle-plugin:classes
build	Build APK (Debug)	2026-02-07T11:22:58.8161340Z > Task :expo-module-gradle-plugin:jar
build	Build APK (Debug)	2026-02-07T11:23:16.2153837Z 
build	Build APK (Debug)	2026-02-07T11:23:16.2156407Z > Configure project :
build	Build APK (Debug)	2026-02-07T11:23:16.2159535Z [32m[ExpoRootProject][0m Using the following versions:
build	Build APK (Debug)	2026-02-07T11:23:16.2160412Z   - buildTools:  [32m36.0.0[0m
build	Build APK (Debug)	2026-02-07T11:23:16.2161086Z   - minSdk:      [32m24[0m
build	Build APK (Debug)	2026-02-07T11:23:16.2161551Z   - compileSdk:  [32m36[0m
build	Build APK (Debug)	2026-02-07T11:23:16.2162393Z   - targetSdk:   [32m36[0m
build	Build APK (Debug)	2026-02-07T11:23:16.2162853Z   - ndk:         [32m27.1.12297006[0m
build	Build APK (Debug)	2026-02-07T11:23:16.2163282Z   - kotlin:      [32m2.1.20[0m
build	Build APK (Debug)	2026-02-07T11:23:16.2163695Z   - ksp:         [32m2.1.20-2.0.1[0m
build	Build APK (Debug)	2026-02-07T11:23:41.0155106Z 
build	Build APK (Debug)	2026-02-07T11:23:41.0158097Z > Configure project :app
build	Build APK (Debug)	2026-02-07T11:23:41.0163937Z Checking the license for package NDK (Side by side) 27.1.12297006 in /usr/local/lib/android/sdk/licenses
build	Build APK (Debug)	2026-02-07T11:23:41.0165438Z License for package NDK (Side by side) 27.1.12297006 accepted.
build	Build APK (Debug)	2026-02-07T11:23:41.0166475Z Preparing "Install NDK (Side by side) 27.1.12297006 v.27.1.12297006".
build	Build APK (Debug)	2026-02-07T11:23:41.0167737Z "Install NDK (Side by side) 27.1.12297006 v.27.1.12297006" ready.
build	Build APK (Debug)	2026-02-07T11:23:41.0168635Z Installing NDK (Side by side) 27.1.12297006 in /usr/local/lib/android/sdk/ndk/27.1.12297006
build	Build APK (Debug)	2026-02-07T11:23:41.0169628Z "Install NDK (Side by side) 27.1.12297006 v.27.1.12297006" complete.
build	Build APK (Debug)	2026-02-07T11:23:41.0170554Z "Install NDK (Side by side) 27.1.12297006 v.27.1.12297006" finished.
build	Build APK (Debug)	2026-02-07T11:23:43.0153344Z 
build	Build APK (Debug)	2026-02-07T11:23:43.0154160Z > Configure project :expo
build	Build APK (Debug)	2026-02-07T11:23:43.0154547Z 
build	Build APK (Debug)	2026-02-07T11:23:43.0154777Z Using expo modules
build	Build APK (Debug)	2026-02-07T11:23:43.0155615Z   - [32mexpo-constants[0m (18.0.13)
build	Build APK (Debug)	2026-02-07T11:23:44.8163786Z   - [32mexpo-modules-core[0m (3.0.29)
build	Build APK (Debug)	2026-02-07T11:23:44.8177265Z   - [33m[­ƒôª][0m [32mexpo-application[0m (7.0.8)
build	Build APK (Debug)	2026-02-07T11:23:44.8178280Z   - [33m[­ƒôª][0m [32mexpo-asset[0m (12.0.12)
build	Build APK (Debug)	2026-02-07T11:23:44.8179274Z   - [33m[­ƒôª][0m [32mexpo-background-fetch[0m (14.0.9)
build	Build APK (Debug)	2026-02-07T11:23:44.8180093Z   - [33m[­ƒôª][0m [32mexpo-device[0m (8.0.10)
build	Build APK (Debug)	2026-02-07T11:23:44.8180911Z   - [33m[­ƒôª][0m [32mexpo-file-system[0m (19.0.21)
build	Build APK (Debug)	2026-02-07T11:23:44.8181662Z   - [33m[­ƒôª][0m [32mexpo-font[0m (14.0.11)
build	Build APK (Debug)	2026-02-07T11:23:44.8182360Z   - [33m[­ƒôª][0m [32mexpo-haptics[0m (15.0.8)
build	Build APK (Debug)	2026-02-07T11:23:44.8197730Z   - [33m[­ƒôª][0m [32mexpo-image[0m (3.0.11)
build	Build APK (Debug)	2026-02-07T11:23:44.8244599Z   - [33m[­ƒôª][0m [32mexpo-keep-awake[0m (15.0.8)
build	Build APK (Debug)	2026-02-07T11:23:44.8245481Z   - [33m[­ƒôª][0m [32mexpo-linking[0m (8.0.11)
build	Build APK (Debug)	2026-02-07T11:23:44.8246234Z   - [33m[­ƒôª][0m [32mexpo-notifications[0m (0.32.16)
build	Build APK (Debug)	2026-02-07T11:23:44.8247102Z   - [33m[­ƒôª][0m [32mexpo-splash-screen[0m (31.0.13)
build	Build APK (Debug)	2026-02-07T11:23:44.8247841Z   - [33m[­ƒôª][0m [32mexpo-system-ui[0m (6.0.9)
build	Build APK (Debug)	2026-02-07T11:23:44.8248556Z   - [33m[­ƒôª][0m [32mexpo-task-manager[0m (14.0.9)
build	Build APK (Debug)	2026-02-07T11:23:44.8249304Z   - [33m[­ƒôª][0m [32mexpo-web-browser[0m (15.0.10)
build	Build APK (Debug)	2026-02-07T11:23:44.8250058Z   - [33m[­ƒôª][0m [32munimodules-app-loader[0m (6.0.8)
build	Build APK (Debug)	2026-02-07T11:23:44.8250489Z 
build	Build APK (Debug)	2026-02-07T11:26:06.0154203Z 
build	Build APK (Debug)	2026-02-07T11:26:06.0154940Z > Task :app:generateAutolinkingNewArchitectureFiles
build	Build APK (Debug)	2026-02-07T11:26:06.0155710Z > Task :app:generateAutolinkingPackageList
build	Build APK (Debug)	2026-02-07T11:26:06.0156405Z > Task :app:generateCodegenSchemaFromJavaScript SKIPPED
build	Build APK (Debug)	2026-02-07T11:26:06.0157568Z > Task :app:generateCodegenArtifactsFromSchema SKIPPED
build	Build APK (Debug)	2026-02-07T11:26:06.0158280Z > Task :app:generateReactNativeEntryPoint
build	Build APK (Debug)	2026-02-07T11:26:06.4152186Z 
build	Build APK (Debug)	2026-02-07T11:26:06.4168739Z > Task :expo-constants:createExpoConfig
build	Build APK (Debug)	2026-02-07T11:26:06.4174767Z 
build	Build APK (Debug)	2026-02-07T11:26:06.4181705Z > Task :expo-constants:preBuild
build	Build APK (Debug)	2026-02-07T11:26:06.4187144Z > Task :expo-modules-core:preBuild UP-TO-DATE
build	Build APK (Debug)	2026-02-07T11:26:06.4188753Z The NODE_ENV environment variable is required but was not specified. Ensure the project is bundled with Expo CLI or NODE_ENV is set. Using only .env.local and .env
build	Build APK (Debug)	2026-02-07T11:26:06.6198087Z > Task :expo:generatePackagesList
build	Build APK (Debug)	2026-02-07T11:26:06.6199063Z > Task :expo:preBuild
build	Build APK (Debug)	2026-02-07T11:26:06.8188010Z > Task :react-native-async-storage_async-storage:generateCodegenSchemaFromJavaScript
build	Build APK (Debug)	2026-02-07T11:26:06.8189527Z > Task :react-native-gesture-handler:generateCodegenSchemaFromJavaScript
build	Build APK (Debug)	2026-02-07T11:26:07.2155104Z > Task :react-native-async-storage_async-storage:generateCodegenArtifactsFromSchema
build	Build APK (Debug)	2026-02-07T11:26:07.2156435Z > Task :react-native-async-storage_async-storage:preBuild
build	Build APK (Debug)	2026-02-07T11:26:07.2162441Z > Task :react-native-gesture-handler:generateCodegenArtifactsFromSchema
build	Build APK (Debug)	2026-02-07T11:26:07.2163426Z > Task :react-native-gesture-handler:preBuild
build	Build APK (Debug)	2026-02-07T11:26:07.2164474Z > Task :react-native-reanimated:assertMinimalReactNativeVersionTask
build	Build APK (Debug)	2026-02-07T11:26:07.2165610Z > Task :react-native-reanimated:assertNewArchitectureEnabledTask SKIPPED
build	Build APK (Debug)	2026-02-07T11:26:07.4176727Z > Task :react-native-reanimated:assertWorkletsVersionTask
build	Build APK (Debug)	2026-02-07T11:26:07.4210964Z > Task :react-native-safe-area-context:generateCodegenSchemaFromJavaScript
build	Build APK (Debug)	2026-02-07T11:26:07.6153686Z > Task :react-native-reanimated:generateCodegenSchemaFromJavaScript
build	Build APK (Debug)	2026-02-07T11:26:07.7153809Z > Task :react-native-safe-area-context:generateCodegenArtifactsFromSchema
build	Build APK (Debug)	2026-02-07T11:26:07.7157224Z > Task :react-native-safe-area-context:preBuild
build	Build APK (Debug)	2026-02-07T11:26:07.9153669Z > Task :react-native-reanimated:generateCodegenArtifactsFromSchema
build	Build APK (Debug)	2026-02-07T11:26:08.0170949Z > Task :react-native-reanimated:prepareReanimatedHeadersForPrefabs
build	Build APK (Debug)	2026-02-07T11:26:08.0175305Z > Task :react-native-reanimated:preBuild
build	Build APK (Debug)	2026-02-07T11:26:08.1153649Z > Task :react-native-screens:generateCodegenSchemaFromJavaScript
build	Build APK (Debug)	2026-02-07T11:26:08.3153192Z > Task :react-native-webview:generateCodegenSchemaFromJavaScript
build	Build APK (Debug)	2026-02-07T11:26:08.4158883Z > Task :react-native-screens:generateCodegenArtifactsFromSchema
build	Build APK (Debug)	2026-02-07T11:26:08.4159709Z > Task :react-native-screens:preBuild
build	Build APK (Debug)	2026-02-07T11:26:08.5188331Z > Task :react-native-worklets:assertMinimalReactNativeVersionTask
build	Build APK (Debug)	2026-02-07T11:26:08.5189390Z > Task :react-native-worklets:assertNewArchitectureEnabledTask SKIPPED
build	Build APK (Debug)	2026-02-07T11:26:08.6153943Z > Task :react-native-webview:generateCodegenArtifactsFromSchema
build	Build APK (Debug)	2026-02-07T11:26:08.6156369Z > Task :react-native-webview:preBuild
build	Build APK (Debug)	2026-02-07T11:26:08.6158621Z > Task :app:checkKotlinGradlePluginConfigurationErrors SKIPPED
build	Build APK (Debug)	2026-02-07T11:26:08.6173137Z > Task :expo:preDebugBuild
build	Build APK (Debug)	2026-02-07T11:26:08.7164900Z > Task :react-native-worklets:generateCodegenSchemaFromJavaScript
build	Build APK (Debug)	2026-02-07T11:26:08.7177265Z > Task :expo:writeDebugAarMetadata
build	Build APK (Debug)	2026-02-07T11:26:08.7179808Z > Task :expo-constants:preDebugBuild
build	Build APK (Debug)	2026-02-07T11:26:08.7180576Z > Task :expo-constants:writeDebugAarMetadata
build	Build APK (Debug)	2026-02-07T11:26:08.7196368Z > Task :expo-modules-core:preDebugBuild UP-TO-DATE
build	Build APK (Debug)	2026-02-07T11:26:08.7217977Z > Task :expo-modules-core:writeDebugAarMetadata
build	Build APK (Debug)	2026-02-07T11:26:08.7219100Z > Task :react-native-async-storage_async-storage:preDebugBuild
build	Build APK (Debug)	2026-02-07T11:26:08.7220361Z > Task :react-native-async-storage_async-storage:writeDebugAarMetadata
build	Build APK (Debug)	2026-02-07T11:26:08.7223022Z > Task :react-native-gesture-handler:preDebugBuild
build	Build APK (Debug)	2026-02-07T11:26:08.7223949Z > Task :react-native-gesture-handler:writeDebugAarMetadata
build	Build APK (Debug)	2026-02-07T11:26:08.7224741Z > Task :react-native-reanimated:preDebugBuild
build	Build APK (Debug)	2026-02-07T11:26:08.8180216Z > Task :react-native-reanimated:writeDebugAarMetadata
build	Build APK (Debug)	2026-02-07T11:26:08.8193198Z > Task :react-native-safe-area-context:preDebugBuild
build	Build APK (Debug)	2026-02-07T11:26:08.8194157Z > Task :react-native-safe-area-context:writeDebugAarMetadata
build	Build APK (Debug)	2026-02-07T11:26:08.8194982Z > Task :react-native-screens:preDebugBuild
build	Build APK (Debug)	2026-02-07T11:26:08.8195705Z > Task :react-native-screens:writeDebugAarMetadata
build	Build APK (Debug)	2026-02-07T11:26:08.8196323Z > Task :react-native-webview:preDebugBuild
build	Build APK (Debug)	2026-02-07T11:26:08.8197078Z > Task :react-native-webview:writeDebugAarMetadata
build	Build APK (Debug)	2026-02-07T11:26:08.8197849Z > Task :expo:generateDebugResValues
build	Build APK (Debug)	2026-02-07T11:26:08.8198572Z > Task :expo:generateDebugResources
build	Build APK (Debug)	2026-02-07T11:26:09.0153182Z > Task :expo:packageDebugResources
build	Build APK (Debug)	2026-02-07T11:26:09.0167564Z > Task :expo-constants:generateDebugResValues
build	Build APK (Debug)	2026-02-07T11:26:09.0172013Z > Task :expo-constants:generateDebugResources
build	Build APK (Debug)	2026-02-07T11:26:09.0172712Z > Task :expo-constants:packageDebugResources
build	Build APK (Debug)	2026-02-07T11:26:09.0173516Z > Task :react-native-worklets:generateCodegenArtifactsFromSchema
build	Build APK (Debug)	2026-02-07T11:26:09.0174308Z > Task :expo-modules-core:generateDebugResValues
build	Build APK (Debug)	2026-02-07T11:26:09.0175118Z > Task :expo-modules-core:generateDebugResources
build	Build APK (Debug)	2026-02-07T11:26:09.0176130Z > Task :expo-modules-core:packageDebugResources
build	Build APK (Debug)	2026-02-07T11:26:09.0177077Z > Task :react-native-async-storage_async-storage:generateDebugResValues
build	Build APK (Debug)	2026-02-07T11:26:09.0177988Z > Task :react-native-worklets:prepareWorkletsHeadersForPrefabs
build	Build APK (Debug)	2026-02-07T11:26:09.0178804Z > Task :react-native-worklets:preBuild
build	Build APK (Debug)	2026-02-07T11:26:09.0179295Z > Task :app:preBuild
build	Build APK (Debug)	2026-02-07T11:26:09.0179722Z > Task :app:preDebugBuild
build	Build APK (Debug)	2026-02-07T11:26:09.0180268Z > Task :app:mergeDebugNativeDebugMetadata NO-SOURCE
build	Build APK (Debug)	2026-02-07T11:26:09.1171113Z > Task :react-native-async-storage_async-storage:generateDebugResources
build	Build APK (Debug)	2026-02-07T11:26:09.1174819Z > Task :react-native-worklets:preDebugBuild
build	Build APK (Debug)	2026-02-07T11:26:09.1175637Z > Task :react-native-worklets:writeDebugAarMetadata
build	Build APK (Debug)	2026-02-07T11:26:09.1176587Z > Task :app:generateDebugBuildConfig
build	Build APK (Debug)	2026-02-07T11:26:09.1177742Z > Task :react-native-async-storage_async-storage:packageDebugResources
build	Build APK (Debug)	2026-02-07T11:26:09.1179031Z > Task :react-native-gesture-handler:generateDebugResValues
build	Build APK (Debug)	2026-02-07T11:26:09.1180031Z > Task :react-native-gesture-handler:generateDebugResources
build	Build APK (Debug)	2026-02-07T11:26:09.1181199Z > Task :react-native-gesture-handler:packageDebugResources
build	Build APK (Debug)	2026-02-07T11:26:09.1182108Z > Task :react-native-reanimated:generateDebugResValues
build	Build APK (Debug)	2026-02-07T11:26:09.1198155Z > Task :react-native-reanimated:generateDebugResources
build	Build APK (Debug)	2026-02-07T11:26:09.2173936Z > Task :react-native-reanimated:packageDebugResources
build	Build APK (Debug)	2026-02-07T11:26:09.2175166Z > Task :react-native-safe-area-context:generateDebugResValues
build	Build APK (Debug)	2026-02-07T11:26:09.2176291Z > Task :react-native-safe-area-context:generateDebugResources
build	Build APK (Debug)	2026-02-07T11:26:09.2177304Z > Task :react-native-safe-area-context:packageDebugResources
build	Build APK (Debug)	2026-02-07T11:26:09.2178354Z > Task :react-native-screens:generateDebugResValues
build	Build APK (Debug)	2026-02-07T11:26:09.2179173Z > Task :react-native-screens:generateDebugResources
build	Build APK (Debug)	2026-02-07T11:26:09.3155200Z > Task :react-native-screens:packageDebugResources
build	Build APK (Debug)	2026-02-07T11:26:09.3158409Z > Task :react-native-webview:generateDebugResValues
build	Build APK (Debug)	2026-02-07T11:26:09.3161097Z > Task :react-native-webview:generateDebugResources
build	Build APK (Debug)	2026-02-07T11:26:09.4209039Z > Task :react-native-webview:packageDebugResources
build	Build APK (Debug)	2026-02-07T11:26:09.4210192Z > Task :react-native-worklets:generateDebugResValues
build	Build APK (Debug)	2026-02-07T11:26:09.4211306Z > Task :react-native-worklets:generateDebugResources
build	Build APK (Debug)	2026-02-07T11:26:09.4212186Z > Task :react-native-worklets:packageDebugResources
build	Build APK (Debug)	2026-02-07T11:26:09.4213169Z > Task :expo:extractDeepLinksDebug
build	Build APK (Debug)	2026-02-07T11:26:09.6164578Z > Task :expo:processDebugManifest
build	Build APK (Debug)	2026-02-07T11:26:09.6175878Z > Task :expo-constants:extractDeepLinksDebug
build	Build APK (Debug)	2026-02-07T11:26:19.7178378Z > Task :expo-constants:processDebugManifest
build	Build APK (Debug)	2026-02-07T11:26:19.7179720Z > Task :expo-modules-core:extractDeepLinksDebug
build	Build APK (Debug)	2026-02-07T11:26:19.7180037Z 
build	Build APK (Debug)	2026-02-07T11:26:19.7180296Z > Task :expo-modules-core:processDebugManifest
build	Build APK (Debug)	2026-02-07T11:26:19.7181354Z /home/runner/work/Chireaders/Chireaders/node_modules/expo-modules-core/android/src/main/AndroidManifest.xml:8:9-11:45 Warning:
build	Build APK (Debug)	2026-02-07T11:26:19.7183038Z 	meta-data#com.facebook.soloader.enabled@android:value was tagged at AndroidManifest.xml:8 to replace other declarations but no other declaration present
build	Build APK (Debug)	2026-02-07T11:26:19.7183811Z 
build	Build APK (Debug)	2026-02-07T11:26:19.7184234Z > Task :react-native-async-storage_async-storage:extractDeepLinksDebug
build	Build APK (Debug)	2026-02-07T11:26:19.7184637Z 
build	Build APK (Debug)	2026-02-07T11:26:19.7185045Z > Task :react-native-async-storage_async-storage:processDebugManifest
build	Build APK (Debug)	2026-02-07T11:26:19.7186774Z package="com.reactnativecommunity.asyncstorage" found in source AndroidManifest.xml: /home/runner/work/Chireaders/Chireaders/node_modules/@react-native-async-storage/async-storage/android/src/main/AndroidManifest.xml.
build	Build APK (Debug)	2026-02-07T11:26:19.7189370Z Setting the namespace via the package attribute in the source AndroidManifest.xml is no longer supported, and the value is ignored.
build	Build APK (Debug)	2026-02-07T11:26:19.7191795Z Recommendation: remove package="com.reactnativecommunity.asyncstorage" from the source AndroidManifest.xml: /home/runner/work/Chireaders/Chireaders/node_modules/@react-native-async-storage/async-storage/android/src/main/AndroidManifest.xml.
build	Build APK (Debug)	2026-02-07T11:26:19.8151818Z 
build	Build APK (Debug)	2026-02-07T11:26:19.8153970Z > Task :react-native-gesture-handler:extractDeepLinksDebug
build	Build APK (Debug)	2026-02-07T11:26:19.8164543Z > Task :react-native-gesture-handler:processDebugManifest
build	Build APK (Debug)	2026-02-07T11:26:19.8165794Z > Task :react-native-reanimated:extractDeepLinksDebug
build	Build APK (Debug)	2026-02-07T11:26:19.8167012Z > Task :react-native-reanimated:processDebugManifest
build	Build APK (Debug)	2026-02-07T11:26:19.8168335Z > Task :react-native-safe-area-context:extractDeepLinksDebug
build	Build APK (Debug)	2026-02-07T11:26:20.5154761Z 
build	Build APK (Debug)	2026-02-07T11:26:20.5155514Z > Task :react-native-safe-area-context:processDebugManifest
build	Build APK (Debug)	2026-02-07T11:26:20.5158790Z package="com.th3rdwave.safeareacontext" found in source AndroidManifest.xml: /home/runner/work/Chireaders/Chireaders/node_modules/react-native-safe-area-context/android/src/main/AndroidManifest.xml.
build	Build APK (Debug)	2026-02-07T11:26:20.5160573Z Setting the namespace via the package attribute in the source AndroidManifest.xml is no longer supported, and the value is ignored.
build	Build APK (Debug)	2026-02-07T11:26:20.5161922Z Recommendation: remove package="com.th3rdwave.safeareacontext" from the source AndroidManifest.xml: /home/runner/work/Chireaders/Chireaders/node_modules/react-native-safe-area-context/android/src/main/AndroidManifest.xml.
build	Build APK (Debug)	2026-02-07T11:26:20.5162676Z 
build	Build APK (Debug)	2026-02-07T11:26:20.5162851Z > Task :react-native-screens:extractDeepLinksDebug
build	Build APK (Debug)	2026-02-07T11:26:20.5163207Z > Task :react-native-screens:processDebugManifest
build	Build APK (Debug)	2026-02-07T11:26:20.5163594Z > Task :react-native-webview:extractDeepLinksDebug
build	Build APK (Debug)	2026-02-07T11:26:20.5163948Z > Task :react-native-webview:processDebugManifest
build	Build APK (Debug)	2026-02-07T11:26:20.5164291Z > Task :react-native-worklets:extractDeepLinksDebug
build	Build APK (Debug)	2026-02-07T11:26:20.5164645Z > Task :react-native-worklets:processDebugManifest
build	Build APK (Debug)	2026-02-07T11:26:21.2152315Z > Task :expo:compileDebugLibraryResources
build	Build APK (Debug)	2026-02-07T11:26:24.6158282Z > Task :expo:parseDebugLocalResources
build	Build APK (Debug)	2026-02-07T11:26:24.6159295Z > Task :expo:generateDebugRFile
build	Build APK (Debug)	2026-02-07T11:26:24.6160047Z > Task :expo-constants:compileDebugLibraryResources
build	Build APK (Debug)	2026-02-07T11:26:24.7153947Z > Task :expo-constants:parseDebugLocalResources
build	Build APK (Debug)	2026-02-07T11:26:24.7168357Z > Task :expo-constants:generateDebugRFile
build	Build APK (Debug)	2026-02-07T11:26:24.7169203Z > Task :expo-modules-core:compileDebugLibraryResources
build	Build APK (Debug)	2026-02-07T11:26:24.7169985Z > Task :expo-modules-core:parseDebugLocalResources
build	Build APK (Debug)	2026-02-07T11:26:24.7170688Z > Task :expo-modules-core:generateDebugRFile
build	Build APK (Debug)	2026-02-07T11:26:24.7171622Z > Task :react-native-async-storage_async-storage:compileDebugLibraryResources
build	Build APK (Debug)	2026-02-07T11:26:24.7172785Z > Task :react-native-async-storage_async-storage:parseDebugLocalResources
build	Build APK (Debug)	2026-02-07T11:26:24.8157508Z > Task :react-native-async-storage_async-storage:generateDebugRFile
build	Build APK (Debug)	2026-02-07T11:26:24.8168766Z > Task :react-native-gesture-handler:compileDebugLibraryResources
build	Build APK (Debug)	2026-02-07T11:26:24.8170044Z > Task :react-native-gesture-handler:parseDebugLocalResources
build	Build APK (Debug)	2026-02-07T11:26:24.8171078Z > Task :react-native-gesture-handler:generateDebugRFile
build	Build APK (Debug)	2026-02-07T11:26:24.8171992Z > Task :react-native-reanimated:compileDebugLibraryResources
build	Build APK (Debug)	2026-02-07T11:26:24.8172937Z > Task :react-native-reanimated:parseDebugLocalResources
build	Build APK (Debug)	2026-02-07T11:26:24.8188894Z > Task :react-native-reanimated:generateDebugRFile
build	Build APK (Debug)	2026-02-07T11:26:24.8190057Z > Task :react-native-safe-area-context:compileDebugLibraryResources
build	Build APK (Debug)	2026-02-07T11:26:24.8190939Z > Task :react-native-safe-area-context:parseDebugLocalResources
build	Build APK (Debug)	2026-02-07T11:26:24.9152559Z > Task :react-native-safe-area-context:generateDebugRFile
build	Build APK (Debug)	2026-02-07T11:26:25.1158988Z > Task :react-native-screens:compileDebugLibraryResources
build	Build APK (Debug)	2026-02-07T11:26:25.1166851Z > Task :react-native-screens:parseDebugLocalResources
build	Build APK (Debug)	2026-02-07T11:26:25.2160035Z > Task :react-native-screens:generateDebugRFile
build	Build APK (Debug)	2026-02-07T11:26:25.2169412Z > Task :react-native-webview:compileDebugLibraryResources
build	Build APK (Debug)	2026-02-07T11:26:25.2170413Z > Task :react-native-webview:parseDebugLocalResources
build	Build APK (Debug)	2026-02-07T11:26:25.2171164Z > Task :react-native-webview:generateDebugRFile
build	Build APK (Debug)	2026-02-07T11:26:25.2172302Z > Task :react-native-worklets:compileDebugLibraryResources
build	Build APK (Debug)	2026-02-07T11:26:25.2173111Z > Task :react-native-worklets:parseDebugLocalResources
build	Build APK (Debug)	2026-02-07T11:26:25.2173813Z > Task :react-native-worklets:generateDebugRFile
build	Build APK (Debug)	2026-02-07T11:26:25.2174635Z > Task :expo:checkKotlinGradlePluginConfigurationErrors SKIPPED
build	Build APK (Debug)	2026-02-07T11:26:25.2175404Z > Task :expo:generateDebugBuildConfig
build	Build APK (Debug)	2026-02-07T11:26:25.2176282Z > Task :expo-constants:checkKotlinGradlePluginConfigurationErrors SKIPPED
build	Build APK (Debug)	2026-02-07T11:26:25.2177367Z > Task :expo-constants:generateDebugBuildConfig
build	Build APK (Debug)	2026-02-07T11:26:25.2178301Z > Task :expo-modules-core:checkKotlinGradlePluginConfigurationErrors SKIPPED
build	Build APK (Debug)	2026-02-07T11:26:25.2179218Z > Task :expo-modules-core:generateDebugBuildConfig
build	Build APK (Debug)	2026-02-07T11:26:39.1160638Z > Task :app:checkDebugAarMetadata
build	Build APK (Debug)	2026-02-07T11:26:44.5178135Z > Task :app:generateDebugResValues
build	Build APK (Debug)	2026-02-07T11:26:45.1152713Z > Task :app:mapDebugSourceSetPaths
build	Build APK (Debug)	2026-02-07T11:26:45.1164425Z > Task :app:generateDebugResources
build	Build APK (Debug)	2026-02-07T11:26:52.3152477Z > Task :app:mergeDebugResources
build	Build APK (Debug)	2026-02-07T11:26:52.4152815Z > Task :app:packageDebugResources
build	Build APK (Debug)	2026-02-07T11:26:52.4153428Z > Task :app:parseDebugLocalResources
build	Build APK (Debug)	2026-02-07T11:26:52.4153983Z > Task :app:createDebugCompatibleScreenManifests
build	Build APK (Debug)	2026-02-07T11:26:52.4154555Z > Task :app:extractDeepLinksDebug
build	Build APK (Debug)	2026-02-07T11:26:53.5153307Z 
build	Build APK (Debug)	2026-02-07T11:26:53.5160872Z > Task :app:processDebugMainManifest
build	Build APK (Debug)	2026-02-07T11:26:53.5162226Z /home/runner/work/Chireaders/Chireaders/android/app/src/debug/AndroidManifest.xml:6:5-162 Warning:
build	Build APK (Debug)	2026-02-07T11:26:53.5164038Z 	application@android:usesCleartextTraffic was tagged at AndroidManifest.xml:6 to replace other declarations but no other declaration present
build	Build APK (Debug)	2026-02-07T11:26:53.5165709Z /home/runner/work/Chireaders/Chireaders/android/app/src/debug/AndroidManifest.xml Warning:
build	Build APK (Debug)	2026-02-07T11:26:53.5167855Z 	provider#expo.modules.filesystem.FileSystemFileProvider@android:authorities was tagged at AndroidManifest.xml:0 to replace other declarations but no other declaration present
build	Build APK (Debug)	2026-02-07T11:26:53.7159310Z 
build	Build APK (Debug)	2026-02-07T11:26:53.7159871Z > Task :app:processDebugManifest
build	Build APK (Debug)	2026-02-07T11:26:53.8179754Z > Task :app:processDebugManifestForPackage
build	Build APK (Debug)	2026-02-07T11:26:55.2152756Z > Task :expo-modules-core:compileDebugKotlin
build	Build APK (Debug)	2026-02-07T11:26:58.6154991Z > Task :app:processDebugResources
build	Build APK (Debug)	2026-02-07T11:26:58.6177986Z > Task :expo-modules-core:javaPreCompileDebug
build	Build APK (Debug)	2026-02-07T11:26:58.6178779Z > Task :expo-constants:javaPreCompileDebug
build	Build APK (Debug)	2026-02-07T11:26:58.6179380Z > Task :expo:javaPreCompileDebug
build	Build APK (Debug)	2026-02-07T11:26:58.7152963Z > Task :react-native-async-storage_async-storage:generateDebugBuildConfig
build	Build APK (Debug)	2026-02-07T11:26:58.7154515Z > Task :react-native-async-storage_async-storage:javaPreCompileDebug
build	Build APK (Debug)	2026-02-07T11:27:08.0152982Z 
build	Build APK (Debug)	2026-02-07T11:27:08.0154186Z > Task :react-native-async-storage_async-storage:compileDebugJavaWithJavac
build	Build APK (Debug)	2026-02-07T11:27:08.0172472Z Note: Some input files use or override a deprecated API.
build	Build APK (Debug)	2026-02-07T11:27:08.0180532Z Note: Recompile with -Xlint:deprecation for details.
build	Build APK (Debug)	2026-02-07T11:27:08.0182747Z Note: /home/runner/work/Chireaders/Chireaders/node_modules/@react-native-async-storage/async-storage/android/src/javaPackage/java/com/reactnativecommunity/asyncstorage/AsyncStoragePackage.java uses unchecked or unsafe operations.
build	Build APK (Debug)	2026-02-07T11:27:08.1152522Z Note: Recompile with -Xlint:unchecked for details.
build	Build APK (Debug)	2026-02-07T11:27:15.9154793Z 
build	Build APK (Debug)	2026-02-07T11:27:15.9155949Z > Task :react-native-async-storage_async-storage:bundleLibCompileToJarDebug
build	Build APK (Debug)	2026-02-07T11:27:15.9157367Z > Task :react-native-gesture-handler:checkKotlinGradlePluginConfigurationErrors SKIPPED
build	Build APK (Debug)	2026-02-07T11:27:15.9158838Z > Task :react-native-gesture-handler:generateDebugBuildConfig
build	Build APK (Debug)	2026-02-07T11:27:15.9159667Z > Task :react-native-reanimated:generateDebugBuildConfig
build	Build APK (Debug)	2026-02-07T11:27:15.9160427Z > Task :react-native-reanimated:javaPreCompileDebug
build	Build APK (Debug)	2026-02-07T11:27:15.9161149Z > Task :react-native-worklets:generateDebugBuildConfig
build	Build APK (Debug)	2026-02-07T11:27:15.9161878Z > Task :react-native-worklets:javaPreCompileDebug
build	Build APK (Debug)	2026-02-07T11:27:17.9154551Z Note: /home/runner/work/Chireaders/Chireaders/node_modules/react-native-worklets/android/src/main/java/com/swmansion/worklets/WorkletsPackage.java uses unchecked or unsafe operations.
build	Build APK (Debug)	2026-02-07T11:27:17.9156610Z Note: Recompile with -Xlint:unchecked for details.
build	Build APK (Debug)	2026-02-07T11:27:17.9157399Z 
build	Build APK (Debug)	2026-02-07T11:27:17.9157852Z > Task :react-native-worklets:compileDebugJavaWithJavac
build	Build APK (Debug)	2026-02-07T11:27:18.0152091Z 
build	Build APK (Debug)	2026-02-07T11:27:18.0208761Z > Task :react-native-worklets:bundleLibCompileToJarDebug
build	Build APK (Debug)	2026-02-07T11:27:19.5155428Z 
build	Build APK (Debug)	2026-02-07T11:27:19.5156400Z Note: Some input files use or override a deprecated API.
build	Build APK (Debug)	2026-02-07T11:27:19.5157501Z Note: Recompile with -Xlint:deprecation for details.
build	Build APK (Debug)	2026-02-07T11:27:19.5158247Z > Task :react-native-reanimated:compileDebugJavaWithJavac
build	Build APK (Debug)	2026-02-07T11:27:19.5159160Z Note: Some input files use unchecked or unsafe operations.
build	Build APK (Debug)	2026-02-07T11:27:19.5159576Z 
build	Build APK (Debug)	2026-02-07T11:27:19.5160019Z Note: Recompile with -Xlint:unchecked for details.
build	Build APK (Debug)	2026-02-07T11:27:19.5160802Z > Task :react-native-reanimated:bundleLibCompileToJarDebug
build	Build APK (Debug)	2026-02-07T11:27:35.4152998Z 
build	Build APK (Debug)	2026-02-07T11:27:35.4154227Z > Task :react-native-gesture-handler:compileDebugKotlin
build	Build APK (Debug)	2026-02-07T11:27:35.4157107Z w: file:///home/runner/work/Chireaders/Chireaders/node_modules/react-native-gesture-handler/android/src/main/java/com/swmansion/gesturehandler/react/RNGestureHandlerRootView.kt:41:43 The corresponding parameter in the supertype 'ReactViewGroup' is named 'ev'. This may cause problems when calling this function with named arguments.
build	Build APK (Debug)	2026-02-07T11:27:35.5170708Z 
build	Build APK (Debug)	2026-02-07T11:27:35.5188067Z > Task :react-native-gesture-handler:javaPreCompileDebug
build	Build APK (Debug)	2026-02-07T11:27:37.0169419Z > Task :react-native-gesture-handler:compileDebugJavaWithJavac
build	Build APK (Debug)	2026-02-07T11:27:37.0172587Z > Task :react-native-gesture-handler:bundleLibCompileToJarDebug
build	Build APK (Debug)	2026-02-07T11:27:37.0175635Z > Task :react-native-safe-area-context:checkKotlinGradlePluginConfigurationErrors SKIPPED
build	Build APK (Debug)	2026-02-07T11:27:37.0181710Z > Task :react-native-safe-area-context:generateDebugBuildConfig
build	Build APK (Debug)	2026-02-07T11:27:37.7187713Z 
build	Build APK (Debug)	2026-02-07T11:27:37.7189396Z > Task :expo-modules-core:compileDebugKotlin
build	Build APK (Debug)	2026-02-07T11:27:37.7192874Z w: file:///home/runner/work/Chireaders/Chireaders/node_modules/expo-modules-core/android/src/main/java/expo/modules/adapters/react/apploader/RNHeadlessAppLoader.kt:48:87 'val reactNativeHost: ReactNativeHost' is deprecated. You should not use ReactNativeHost directly in the New Architecture. Use ReactHost instead.
build	Build APK (Debug)	2026-02-07T11:27:37.7197920Z w: file:///home/runner/work/Chireaders/Chireaders/node_modules/expo-modules-core/android/src/main/java/expo/modules/adapters/react/apploader/RNHeadlessAppLoader.kt:91:85 'val reactNativeHost: ReactNativeHost' is deprecated. You should not use ReactNativeHost directly in the New Architecture. Use ReactHost instead.
build	Build APK (Debug)	2026-02-07T11:27:37.7202926Z w: file:///home/runner/work/Chireaders/Chireaders/node_modules/expo-modules-core/android/src/main/java/expo/modules/adapters/react/apploader/RNHeadlessAppLoader.kt:120:83 'val reactNativeHost: ReactNativeHost' is deprecated. You should not use ReactNativeHost directly in the New Architecture. Use ReactHost instead.
build	Build APK (Debug)	2026-02-07T11:27:37.7207456Z w: file:///home/runner/work/Chireaders/Chireaders/node_modules/expo-modules-core/android/src/main/java/expo/modules/apploader/AppLoaderProvider.kt:34:52 Unchecked cast of 'Class<*>!' to 'Class<out HeadlessAppLoader>'.
build	Build APK (Debug)	2026-02-07T11:27:37.7211176Z w: file:///home/runner/work/Chireaders/Chireaders/node_modules/expo-modules-core/android/src/main/java/expo/modules/kotlin/AppContext.kt:30:8 'typealias ErrorManagerModule = JSLoggerModule' is deprecated. Use JSLoggerModule instead.
build	Build APK (Debug)	2026-02-07T11:27:37.7215391Z w: file:///home/runner/work/Chireaders/Chireaders/node_modules/expo-modules-core/android/src/main/java/expo/modules/kotlin/AppContext.kt:253:21 'typealias ErrorManagerModule = JSLoggerModule' is deprecated. Use JSLoggerModule instead.
build	Build APK (Debug)	2026-02-07T11:27:37.7219461Z w: file:///home/runner/work/Chireaders/Chireaders/node_modules/expo-modules-core/android/src/main/java/expo/modules/kotlin/AppContext.kt:343:21 'val DEFAULT: Int' is deprecated. UIManagerType.DEFAULT will be deleted in the next release of React Native. Use [LEGACY] instead.
build	Build APK (Debug)	2026-02-07T11:27:37.7224091Z w: file:///home/runner/work/Chireaders/Chireaders/node_modules/expo-modules-core/android/src/main/java/expo/modules/kotlin/defaultmodules/NativeModulesProxyModule.kt:16:5 'fun Constants(legacyConstantsProvider: () -> Map<String, Any?>): Unit' is deprecated. Use `Constant` or `Property` instead.
build	Build APK (Debug)	2026-02-07T11:27:37.7287384Z w: file:///home/runner/work/Chireaders/Chireaders/node_modules/expo-modules-core/android/src/main/java/expo/modules/kotlin/jni/PromiseImpl.kt:65:51 'val errorManager: JSLoggerModule?' is deprecated. Use AppContext.jsLogger instead.
build	Build APK (Debug)	2026-02-07T11:27:37.7304419Z w: file:///home/runner/work/Chireaders/Chireaders/node_modules/expo-modules-core/android/src/main/java/expo/modules/kotlin/jni/PromiseImpl.kt:69:22 'fun reportExceptionToLogBox(codedException: CodedException): Unit' is deprecated. Use appContext.jsLogger.error(...) instead.
build	Build APK (Debug)	2026-02-07T11:27:37.7308848Z w: file:///home/runner/work/Chireaders/Chireaders/node_modules/expo-modules-core/android/src/main/java/expo/modules/kotlin/views/ViewDefinitionBuilder.kt:464:16 'val errorManager: JSLoggerModule?' is deprecated. Use AppContext.jsLogger instead.
build	Build APK (Debug)	2026-02-07T11:27:37.7312874Z w: file:///home/runner/work/Chireaders/Chireaders/node_modules/expo-modules-core/android/src/main/java/expo/modules/kotlin/views/ViewDefinitionBuilder.kt:464:30 'fun reportExceptionToLogBox(codedException: CodedException): Unit' is deprecated. Use appContext.jsLogger.error(...) instead.
build	Build APK (Debug)	2026-02-07T11:27:37.7316766Z w: file:///home/runner/work/Chireaders/Chireaders/node_modules/expo-modules-core/android/src/main/java/expo/modules/kotlin/views/ViewManagerDefinition.kt:41:16 'val errorManager: JSLoggerModule?' is deprecated. Use AppContext.jsLogger instead.
build	Build APK (Debug)	2026-02-07T11:27:37.7321061Z w: file:///home/runner/work/Chireaders/Chireaders/node_modules/expo-modules-core/android/src/main/java/expo/modules/kotlin/views/ViewManagerDefinition.kt:41:30 'fun reportExceptionToLogBox(codedException: CodedException): Unit' is deprecated. Use appContext.jsLogger.error(...) instead.
build	Build APK (Debug)	2026-02-07T11:27:40.1151677Z 
build	Build APK (Debug)	2026-02-07T11:27:40.1152518Z Note: Some input files use or override a deprecated API.
build	Build APK (Debug)	2026-02-07T11:27:40.1153367Z Note: Recompile with -Xlint:deprecation for details.
build	Build APK (Debug)	2026-02-07T11:27:40.1156285Z > Task :expo-modules-core:compileDebugJavaWithJavac
build	Build APK (Debug)	2026-02-07T11:27:41.5155229Z 
build	Build APK (Debug)	2026-02-07T11:27:41.5160353Z > Task :react-native-safe-area-context:compileDebugKotlin
build	Build APK (Debug)	2026-02-07T11:27:41.5163088Z w: file:///home/runner/work/Chireaders/Chireaders/node_modules/react-native-safe-area-context/android/src/main/java/com/th3rdwave/safeareacontext/SafeAreaView.kt:59:23 'val uiImplementation: UIImplementation!' is deprecated. Deprecated in Java.
build	Build APK (Debug)	2026-02-07T11:27:41.5165521Z 
build	Build APK (Debug)	2026-02-07T11:27:41.5165985Z > Task :react-native-safe-area-context:javaPreCompileDebug
build	Build APK (Debug)	2026-02-07T11:27:42.0154050Z > Task :react-native-safe-area-context:compileDebugJavaWithJavac
build	Build APK (Debug)	2026-02-07T11:27:42.0158453Z > Task :react-native-safe-area-context:bundleLibCompileToJarDebug
build	Build APK (Debug)	2026-02-07T11:27:42.0163059Z > Task :react-native-screens:checkKotlinGradlePluginConfigurationErrors SKIPPED
build	Build APK (Debug)	2026-02-07T11:27:42.0170080Z > Task :react-native-screens:generateDebugBuildConfig
build	Build APK (Debug)	2026-02-07T11:27:42.0173783Z > Task :expo-modules-core:bundleLibCompileToJarDebug
build	Build APK (Debug)	2026-02-07T11:27:44.6152125Z 
build	Build APK (Debug)	2026-02-07T11:27:44.6154998Z > Task :expo-constants:compileDebugKotlin
build	Build APK (Debug)	2026-02-07T11:27:44.6163292Z w: file:///home/runner/work/Chireaders/Chireaders/node_modules/expo-constants/android/src/main/java/expo/modules/constants/ConstantsModule.kt:12:5 'fun Constants(legacyConstantsProvider: () -> Map<String, Any?>): Unit' is deprecated. Use `Constant` or `Property` instead.
build	Build APK (Debug)	2026-02-07T11:27:45.5153095Z 
build	Build APK (Debug)	2026-02-07T11:27:45.5156056Z > Task :expo-constants:compileDebugJavaWithJavac
build	Build APK (Debug)	2026-02-07T11:27:45.5159209Z > Task :expo-constants:bundleLibCompileToJarDebug
build	Build APK (Debug)	2026-02-07T11:27:52.6152893Z 
build	Build APK (Debug)	2026-02-07T11:27:52.6186670Z > Task :expo:compileDebugKotlin
build	Build APK (Debug)	2026-02-07T11:27:52.6189396Z w: file:///home/runner/work/Chireaders/Chireaders/node_modules/expo/android/src/main/java/expo/modules/ExpoModulesPackage.kt:34:16 This declaration overrides a deprecated member but is not marked as deprecated itself. Add the '@Deprecated' annotation or suppress the diagnostic.
build	Build APK (Debug)	2026-02-07T11:27:52.6192809Z w: file:///home/runner/work/Chireaders/Chireaders/node_modules/expo/android/src/main/java/expo/modules/ExpoReactHostFactory.kt:8:8 'class ReactNativeHost : Any' is deprecated. Deprecated in Java.
build	Build APK (Debug)	2026-02-07T11:27:52.6195578Z w: file:///home/runner/work/Chireaders/Chireaders/node_modules/expo/android/src/main/java/expo/modules/ExpoReactHostFactory.kt:80:22 'class ReactNativeHost : Any' is deprecated. Deprecated in Java.
build	Build APK (Debug)	2026-02-07T11:27:52.6198636Z w: file:///home/runner/work/Chireaders/Chireaders/node_modules/expo/android/src/main/java/expo/modules/ReactActivityDelegateWrapper.kt:24:8 'class ReactNativeHost : Any' is deprecated. Deprecated in Java.
build	Build APK (Debug)	2026-02-07T11:27:52.6201536Z w: file:///home/runner/work/Chireaders/Chireaders/node_modules/expo/android/src/main/java/expo/modules/ReactActivityDelegateWrapper.kt:58:33 'class ReactNativeHost : Any' is deprecated. Deprecated in Java.
build	Build APK (Debug)	2026-02-07T11:27:52.6205071Z w: file:///home/runner/work/Chireaders/Chireaders/node_modules/expo/android/src/main/java/expo/modules/ReactActivityDelegateWrapper.kt:105:16 This declaration overrides a deprecated member but is not marked as deprecated itself. Add the '@Deprecated' annotation or suppress the diagnostic.
build	Build APK (Debug)	2026-02-07T11:27:52.6240225Z w: file:///home/runner/work/Chireaders/Chireaders/node_modules/expo/android/src/main/java/expo/modules/ReactActivityDelegateWrapper.kt:105:38 'class ReactNativeHost : Any' is deprecated. Deprecated in Java.
build	Build APK (Debug)	2026-02-07T11:27:52.6243992Z w: file:///home/runner/work/Chireaders/Chireaders/node_modules/expo/android/src/main/java/expo/modules/ReactActivityDelegateWrapper.kt:113:16 This declaration overrides a deprecated member but is not marked as deprecated itself. Add the '@Deprecated' annotation or suppress the diagnostic.
build	Build APK (Debug)	2026-02-07T11:27:52.6247718Z w: file:///home/runner/work/Chireaders/Chireaders/node_modules/expo/android/src/main/java/expo/modules/ReactActivityDelegateWrapper.kt:114:21 'val reactInstanceManager: ReactInstanceManager' is deprecated. Deprecated in Java.
build	Build APK (Debug)	2026-02-07T11:27:52.6252139Z w: file:///home/runner/work/Chireaders/Chireaders/node_modules/expo/android/src/main/java/expo/modules/ReactActivityDelegateWrapper.kt:168:36 'constructor(activity: Activity, reactNativeHost: ReactNativeHost?, appKey: String?, launchOptions: Bundle?, fabricEnabled: Boolean): ReactDelegate' is deprecated. Deprecated since 0.81.0, use one of the other constructors instead.
build	Build APK (Debug)	2026-02-07T11:27:52.6256407Z w: file:///home/runner/work/Chireaders/Chireaders/node_modules/expo/android/src/main/java/expo/modules/ReactActivityDelegateWrapper.kt:279:77 'val reactInstanceManager: ReactInstanceManager' is deprecated. Deprecated in Java.
build	Build APK (Debug)	2026-02-07T11:27:52.6330966Z w: file:///home/runner/work/Chireaders/Chireaders/node_modules/expo/android/src/main/java/expo/modules/ReactActivityDelegateWrapper.kt:282:22 'val reactInstanceManager: ReactInstanceManager' is deprecated. Deprecated in Java.
build	Build APK (Debug)	2026-02-07T11:27:52.6334185Z w: file:///home/runner/work/Chireaders/Chireaders/node_modules/expo/android/src/main/java/expo/modules/ReactActivityDelegateWrapper.kt:286:54 'val reactInstanceManager: ReactInstanceManager' is deprecated. Deprecated in Java.
build	Build APK (Debug)	2026-02-07T11:27:52.6337833Z w: file:///home/runner/work/Chireaders/Chireaders/node_modules/expo/android/src/main/java/expo/modules/ReactNativeHostWrapper.kt:6:8 'class ReactNativeHost : Any' is deprecated. Deprecated in Java.
build	Build APK (Debug)	2026-02-07T11:27:52.6340667Z w: file:///home/runner/work/Chireaders/Chireaders/node_modules/expo/android/src/main/java/expo/modules/ReactNativeHostWrapper.kt:15:9 'class ReactNativeHost : Any' is deprecated. Deprecated in Java.
build	Build APK (Debug)	2026-02-07T11:27:52.6343690Z w: file:///home/runner/work/Chireaders/Chireaders/node_modules/expo/android/src/main/java/expo/modules/ReactNativeHostWrapper.kt:47:60 'class ReactNativeHost : Any' is deprecated. Deprecated in Java.
build	Build APK (Debug)	2026-02-07T11:27:52.6346546Z w: file:///home/runner/work/Chireaders/Chireaders/node_modules/expo/android/src/main/java/expo/modules/ReactNativeHostWrapperBase.kt:7:8 'class ReactNativeHost : Any' is deprecated. Deprecated in Java.
build	Build APK (Debug)	2026-02-07T11:27:52.6410971Z w: file:///home/runner/work/Chireaders/Chireaders/node_modules/expo/android/src/main/java/expo/modules/ReactNativeHostWrapperBase.kt:16:23 'class ReactNativeHost : Any' is deprecated. Deprecated in Java.
build	Build APK (Debug)	2026-02-07T11:27:52.6413889Z w: file:///home/runner/work/Chireaders/Chireaders/node_modules/expo/android/src/main/java/expo/modules/ReactNativeHostWrapperBase.kt:89:16 'class ReactNativeHost : Any' is deprecated. Deprecated in Java.
build	Build APK (Debug)	2026-02-07T11:27:52.6416704Z w: file:///home/runner/work/Chireaders/Chireaders/node_modules/expo/android/src/main/java/expo/modules/ReactNativeHostWrapperBase.kt:101:38 'class ReactNativeHost : Any' is deprecated. Deprecated in Java.
build	Build APK (Debug)	2026-02-07T11:27:52.6419812Z w: file:///home/runner/work/Chireaders/Chireaders/node_modules/expo/android/src/main/java/expo/modules/fetch/ExpoFetchModule.kt:30:39 'constructor(reactContext: ReactContext): ForwardingCookieHandler' is deprecated. Use the default constructor.
build	Build APK (Debug)	2026-02-07T11:27:52.6423634Z w: file:///home/runner/work/Chireaders/Chireaders/node_modules/expo/android/src/main/java/expo/modules/fetch/NativeResponse.kt:42:16 This declaration overrides a deprecated member but is not marked as deprecated itself. Add the '@Deprecated' annotation or suppress the diagnostic.
build	Build APK (Debug)	2026-02-07T11:27:52.6477227Z w: file:///home/runner/work/Chireaders/Chireaders/node_modules/expo/android/src/main/java/expo/modules/fetch/NativeResponse.kt:44:11 'fun deallocate(): Unit' is deprecated. Use sharedObjectDidRelease() instead.
build	Build APK (Debug)	2026-02-07T11:27:54.3153053Z 
build	Build APK (Debug)	2026-02-07T11:27:54.3165734Z > Task :expo:compileDebugJavaWithJavac
build	Build APK (Debug)	2026-02-07T11:27:54.3166649Z > Task :expo:bundleLibCompileToJarDebug
build	Build APK (Debug)	2026-02-07T11:27:54.3167569Z > Task :react-native-screens:javaPreCompileDebug
build	Build APK (Debug)	2026-02-07T11:27:54.3168620Z > Task :react-native-webview:checkKotlinGradlePluginConfigurationErrors SKIPPED
build	Build APK (Debug)	2026-02-07T11:27:54.3169537Z > Task :react-native-webview:generateDebugBuildConfig
build	Build APK (Debug)	2026-02-07T11:27:57.4162525Z 
build	Build APK (Debug)	2026-02-07T11:27:57.4188043Z > Task :react-native-webview:compileDebugKotlin
build	Build APK (Debug)	2026-02-07T11:27:57.4190956Z w: file:///home/runner/work/Chireaders/Chireaders/node_modules/react-native-webview/android/src/main/java/com/reactnativecommunity/webview/RNCWebViewManagerImpl.kt:22:8 'object MapBuilder : Any' is deprecated. Use Kotlin's built-in collections extensions.
build	Build APK (Debug)	2026-02-07T11:27:57.4194990Z w: file:///home/runner/work/Chireaders/Chireaders/node_modules/react-native-webview/android/src/main/java/com/reactnativecommunity/webview/RNCWebViewManagerImpl.kt:82:18 'var allowFileAccessFromFileURLs: Boolean' is deprecated. Deprecated in Java.
build	Build APK (Debug)	2026-02-07T11:27:57.4199099Z w: file:///home/runner/work/Chireaders/Chireaders/node_modules/react-native-webview/android/src/main/java/com/reactnativecommunity/webview/RNCWebViewManagerImpl.kt:83:18 'var allowUniversalAccessFromFileURLs: Boolean' is deprecated. Deprecated in Java.
build	Build APK (Debug)	2026-02-07T11:27:57.4203058Z w: file:///home/runner/work/Chireaders/Chireaders/node_modules/react-native-webview/android/src/main/java/com/reactnativecommunity/webview/RNCWebViewManagerImpl.kt:125:21 'fun allowScanningByMediaScanner(): Unit' is deprecated. Deprecated in Java.
build	Build APK (Debug)	2026-02-07T11:27:57.4212636Z w: file:///home/runner/work/Chireaders/Chireaders/node_modules/react-native-webview/android/src/main/java/com/reactnativecommunity/webview/RNCWebViewManagerImpl.kt:162:36 'var systemUiVisibility: Int' is deprecated. Deprecated in Java.
build	Build APK (Debug)	2026-02-07T11:27:57.4215947Z w: file:///home/runner/work/Chireaders/Chireaders/node_modules/react-native-webview/android/src/main/java/com/reactnativecommunity/webview/RNCWebViewManagerImpl.kt:301:14 'object MapBuilder : Any' is deprecated. Use Kotlin's built-in collections extensions.
build	Build APK (Debug)	2026-02-07T11:27:57.4219368Z w: file:///home/runner/work/Chireaders/Chireaders/node_modules/react-native-webview/android/src/main/java/com/reactnativecommunity/webview/RNCWebViewManagerImpl.kt:351:34 Condition is always 'true'.
build	Build APK (Debug)	2026-02-07T11:27:57.4222526Z w: file:///home/runner/work/Chireaders/Chireaders/node_modules/react-native-webview/android/src/main/java/com/reactnativecommunity/webview/RNCWebViewManagerImpl.kt:370:38 'var allowUniversalAccessFromFileURLs: Boolean' is deprecated. Deprecated in Java.
build	Build APK (Debug)	2026-02-07T11:27:57.4225752Z w: file:///home/runner/work/Chireaders/Chireaders/node_modules/react-native-webview/android/src/main/java/com/reactnativecommunity/webview/RNCWebViewManagerImpl.kt:431:51 Unchecked cast of 'Any?' to 'HashMap<String, String>'.
build	Build APK (Debug)	2026-02-07T11:27:57.4312836Z w: file:///home/runner/work/Chireaders/Chireaders/node_modules/react-native-webview/android/src/main/java/com/reactnativecommunity/webview/RNCWebViewManagerImpl.kt:487:23 'var savePassword: Boolean' is deprecated. Deprecated in Java.
build	Build APK (Debug)	2026-02-07T11:27:57.4316297Z w: file:///home/runner/work/Chireaders/Chireaders/node_modules/react-native-webview/android/src/main/java/com/reactnativecommunity/webview/RNCWebViewManagerImpl.kt:488:23 'var saveFormData: Boolean' is deprecated. Deprecated in Java.
build	Build APK (Debug)	2026-02-07T11:27:57.4319747Z w: file:///home/runner/work/Chireaders/Chireaders/node_modules/react-native-webview/android/src/main/java/com/reactnativecommunity/webview/RNCWebViewManagerImpl.kt:558:23 'var allowFileAccessFromFileURLs: Boolean' is deprecated. Deprecated in Java.
build	Build APK (Debug)	2026-02-07T11:27:57.4323210Z w: file:///home/runner/work/Chireaders/Chireaders/node_modules/react-native-webview/android/src/main/java/com/reactnativecommunity/webview/RNCWebViewManagerImpl.kt:603:52 'static field FORCE_DARK_ON: Int' is deprecated. Deprecated in Java.
build	Build APK (Debug)	2026-02-07T11:27:57.4326501Z w: file:///home/runner/work/Chireaders/Chireaders/node_modules/react-native-webview/android/src/main/java/com/reactnativecommunity/webview/RNCWebViewManagerImpl.kt:603:89 'static field FORCE_DARK_OFF: Int' is deprecated. Deprecated in Java.
build	Build APK (Debug)	2026-02-07T11:27:57.4382256Z w: file:///home/runner/work/Chireaders/Chireaders/node_modules/react-native-webview/android/src/main/java/com/reactnativecommunity/webview/RNCWebViewManagerImpl.kt:604:35 'static fun setForceDark(p0: @NonNull() WebSettings, p1: Int): Unit' is deprecated. Deprecated in Java.
build	Build APK (Debug)	2026-02-07T11:27:57.4386237Z w: file:///home/runner/work/Chireaders/Chireaders/node_modules/react-native-webview/android/src/main/java/com/reactnativecommunity/webview/RNCWebViewManagerImpl.kt:613:35 'static fun setForceDarkStrategy(p0: @NonNull() WebSettings, p1: Int): Unit' is deprecated. Deprecated in Java.
build	Build APK (Debug)	2026-02-07T11:27:57.4390461Z w: file:///home/runner/work/Chireaders/Chireaders/node_modules/react-native-webview/android/src/main/java/com/reactnativecommunity/webview/RNCWebViewManagerImpl.kt:615:39 'static field DARK_STRATEGY_PREFER_WEB_THEME_OVER_USER_AGENT_DARKENING: Int' is deprecated. Deprecated in Java.
build	Build APK (Debug)	2026-02-07T11:27:57.4394189Z w: file:///home/runner/work/Chireaders/Chireaders/node_modules/react-native-webview/android/src/main/java/com/reactnativecommunity/webview/RNCWebViewManagerImpl.kt:659:65 Unchecked cast of 'ArrayList<Any?>' to 'List<Map<String, String>>'.
build	Build APK (Debug)	2026-02-07T11:27:57.4397572Z w: file:///home/runner/work/Chireaders/Chireaders/node_modules/react-native-webview/android/src/main/java/com/reactnativecommunity/webview/RNCWebViewManagerImpl.kt:680:23 'var saveFormData: Boolean' is deprecated. Deprecated in Java.
build	Build APK (Debug)	2026-02-07T11:27:57.4401453Z w: file:///home/runner/work/Chireaders/Chireaders/node_modules/react-native-webview/android/src/main/java/com/reactnativecommunity/webview/events/TopCustomMenuSelectionEvent.kt:5:8 'interface RCTEventEmitter : JavaScriptModule' is deprecated. Use [RCTModernEventEmitter] instead.
build	Build APK (Debug)	2026-02-07T11:27:57.4405372Z w: file:///home/runner/work/Chireaders/Chireaders/node_modules/react-native-webview/android/src/main/java/com/reactnativecommunity/webview/events/TopCustomMenuSelectionEvent.kt:11:3 'constructor<T : Event<T>>(viewTag: Int): Event<T>' is deprecated. Use constructor with explicit surfaceId instead.
build	Build APK (Debug)	2026-02-07T11:27:57.4450634Z w: file:///home/runner/work/Chireaders/Chireaders/node_modules/react-native-webview/android/src/main/java/com/reactnativecommunity/webview/events/TopCustomMenuSelectionEvent.kt:22:16 This declaration overrides a deprecated member but is not marked as deprecated itself. Add the '@Deprecated' annotation or suppress the diagnostic.
build	Build APK (Debug)	2026-02-07T11:27:57.4460731Z w: file:///home/runner/work/Chireaders/Chireaders/node_modules/react-native-webview/android/src/main/java/com/reactnativecommunity/webview/events/TopCustomMenuSelectionEvent.kt:22:42 'interface RCTEventEmitter : JavaScriptModule' is deprecated. Use [RCTModernEventEmitter] instead.
build	Build APK (Debug)	2026-02-07T11:27:57.4499426Z w: file:///home/runner/work/Chireaders/Chireaders/node_modules/react-native-webview/android/src/main/java/com/reactnativecommunity/webview/events/TopCustomMenuSelectionEvent.kt:23:21 'fun receiveEvent(targetTag: Int, eventName: String, params: WritableMap?): Unit' is deprecated. Use [RCTModernEventEmitter.receiveEvent] instead.
build	Build APK (Debug)	2026-02-07T11:27:57.4502792Z w: file:///home/runner/work/Chireaders/Chireaders/node_modules/react-native-webview/android/src/main/java/com/reactnativecommunity/webview/events/TopHttpErrorEvent.kt:5:8 'interface RCTEventEmitter : JavaScriptModule' is deprecated. Use [RCTModernEventEmitter] instead.
build	Build APK (Debug)	2026-02-07T11:27:57.4505857Z w: file:///home/runner/work/Chireaders/Chireaders/node_modules/react-native-webview/android/src/main/java/com/reactnativecommunity/webview/events/TopHttpErrorEvent.kt:11:3 'constructor<T : Event<T>>(viewTag: Int): Event<T>' is deprecated. Use constructor with explicit surfaceId instead.
build	Build APK (Debug)	2026-02-07T11:27:57.4520021Z w: file:///home/runner/work/Chireaders/Chireaders/node_modules/react-native-webview/android/src/main/java/com/reactnativecommunity/webview/events/TopHttpErrorEvent.kt:22:16 This declaration overrides a deprecated member but is not marked as deprecated itself. Add the '@Deprecated' annotation or suppress the diagnostic.
build	Build APK (Debug)	2026-02-07T11:27:57.4523377Z w: file:///home/runner/work/Chireaders/Chireaders/node_modules/react-native-webview/android/src/main/java/com/reactnativecommunity/webview/events/TopHttpErrorEvent.kt:22:42 'interface RCTEventEmitter : JavaScriptModule' is deprecated. Use [RCTModernEventEmitter] instead.
build	Build APK (Debug)	2026-02-07T11:27:57.4548014Z w: file:///home/runner/work/Chireaders/Chireaders/node_modules/react-native-webview/android/src/main/java/com/reactnativecommunity/webview/events/TopHttpErrorEvent.kt:23:21 'fun receiveEvent(targetTag: Int, eventName: String, params: WritableMap?): Unit' is deprecated. Use [RCTModernEventEmitter.receiveEvent] instead.
build	Build APK (Debug)	2026-02-07T11:27:57.4551961Z w: file:///home/runner/work/Chireaders/Chireaders/node_modules/react-native-webview/android/src/main/java/com/reactnativecommunity/webview/events/TopLoadingErrorEvent.kt:5:8 'interface RCTEventEmitter : JavaScriptModule' is deprecated. Use [RCTModernEventEmitter] instead.
build	Build APK (Debug)	2026-02-07T11:27:57.4555552Z w: file:///home/runner/work/Chireaders/Chireaders/node_modules/react-native-webview/android/src/main/java/com/reactnativecommunity/webview/events/TopLoadingErrorEvent.kt:11:3 'constructor<T : Event<T>>(viewTag: Int): Event<T>' is deprecated. Use constructor with explicit surfaceId instead.
build	Build APK (Debug)	2026-02-07T11:27:57.4592677Z w: file:///home/runner/work/Chireaders/Chireaders/node_modules/react-native-webview/android/src/main/java/com/reactnativecommunity/webview/events/TopLoadingErrorEvent.kt:22:16 This declaration overrides a deprecated member but is not marked as deprecated itself. Add the '@Deprecated' annotation or suppress the diagnostic.
build	Build APK (Debug)	2026-02-07T11:27:57.4620741Z w: file:///home/runner/work/Chireaders/Chireaders/node_modules/react-native-webview/android/src/main/java/com/reactnativecommunity/webview/events/TopLoadingErrorEvent.kt:22:42 'interface RCTEventEmitter : JavaScriptModule' is deprecated. Use [RCTModernEventEmitter] instead.
build	Build APK (Debug)	2026-02-07T11:27:57.4624958Z w: file:///home/runner/work/Chireaders/Chireaders/node_modules/react-native-webview/android/src/main/java/com/reactnativecommunity/webview/events/TopLoadingErrorEvent.kt:23:21 'fun receiveEvent(targetTag: Int, eventName: String, params: WritableMap?): Unit' is deprecated. Use [RCTModernEventEmitter.receiveEvent] instead.
build	Build APK (Debug)	2026-02-07T11:27:57.4629019Z w: file:///home/runner/work/Chireaders/Chireaders/node_modules/react-native-webview/android/src/main/java/com/reactnativecommunity/webview/events/TopLoadingFinishEvent.kt:5:8 'interface RCTEventEmitter : JavaScriptModule' is deprecated. Use [RCTModernEventEmitter] instead.
build	Build APK (Debug)	2026-02-07T11:27:57.4632876Z w: file:///home/runner/work/Chireaders/Chireaders/node_modules/react-native-webview/android/src/main/java/com/reactnativecommunity/webview/events/TopLoadingFinishEvent.kt:11:3 'constructor<T : Event<T>>(viewTag: Int): Event<T>' is deprecated. Use constructor with explicit surfaceId instead.
build	Build APK (Debug)	2026-02-07T11:27:57.4682821Z w: file:///home/runner/work/Chireaders/Chireaders/node_modules/react-native-webview/android/src/main/java/com/reactnativecommunity/webview/events/TopLoadingFinishEvent.kt:22:16 This declaration overrides a deprecated member but is not marked as deprecated itself. Add the '@Deprecated' annotation or suppress the diagnostic.
build	Build APK (Debug)	2026-02-07T11:27:57.4687225Z w: file:///home/runner/work/Chireaders/Chireaders/node_modules/react-native-webview/android/src/main/java/com/reactnativecommunity/webview/events/TopLoadingFinishEvent.kt:22:42 'interface RCTEventEmitter : JavaScriptModule' is deprecated. Use [RCTModernEventEmitter] instead.
build	Build APK (Debug)	2026-02-07T11:27:57.4691465Z w: file:///home/runner/work/Chireaders/Chireaders/node_modules/react-native-webview/android/src/main/java/com/reactnativecommunity/webview/events/TopLoadingFinishEvent.kt:23:21 'fun receiveEvent(targetTag: Int, eventName: String, params: WritableMap?): Unit' is deprecated. Use [RCTModernEventEmitter.receiveEvent] instead.
build	Build APK (Debug)	2026-02-07T11:27:57.4695616Z w: file:///home/runner/work/Chireaders/Chireaders/node_modules/react-native-webview/android/src/main/java/com/reactnativecommunity/webview/events/TopLoadingProgressEvent.kt:5:8 'interface RCTEventEmitter : JavaScriptModule' is deprecated. Use [RCTModernEventEmitter] instead.
build	Build APK (Debug)	2026-02-07T11:27:57.4699291Z w: file:///home/runner/work/Chireaders/Chireaders/node_modules/react-native-webview/android/src/main/java/com/reactnativecommunity/webview/events/TopLoadingProgressEvent.kt:11:3 'constructor<T : Event<T>>(viewTag: Int): Event<T>' is deprecated. Use constructor with explicit surfaceId instead.
build	Build APK (Debug)	2026-02-07T11:27:57.4750108Z w: file:///home/runner/work/Chireaders/Chireaders/node_modules/react-native-webview/android/src/main/java/com/reactnativecommunity/webview/events/TopLoadingProgressEvent.kt:22:16 This declaration overrides a deprecated member but is not marked as deprecated itself. Add the '@Deprecated' annotation or suppress the diagnostic.
build	Build APK (Debug)	2026-02-07T11:27:57.4757186Z w: file:///home/runner/work/Chireaders/Chireaders/node_modules/react-native-webview/android/src/main/java/com/reactnativecommunity/webview/events/TopLoadingProgressEvent.kt:22:42 'interface RCTEventEmitter : JavaScriptModule' is deprecated. Use [RCTModernEventEmitter] instead.
build	Build APK (Debug)	2026-02-07T11:27:57.4797607Z w: file:///home/runner/work/Chireaders/Chireaders/node_modules/react-native-webview/android/src/main/java/com/reactnativecommunity/webview/events/TopLoadingProgressEvent.kt:23:21 'fun receiveEvent(targetTag: Int, eventName: String, params: WritableMap?): Unit' is deprecated. Use [RCTModernEventEmitter.receiveEvent] instead.
build	Build APK (Debug)	2026-02-07T11:27:57.4801783Z w: file:///home/runner/work/Chireaders/Chireaders/node_modules/react-native-webview/android/src/main/java/com/reactnativecommunity/webview/events/TopLoadingStartEvent.kt:5:8 'interface RCTEventEmitter : JavaScriptModule' is deprecated. Use [RCTModernEventEmitter] instead.
build	Build APK (Debug)	2026-02-07T11:27:57.4805336Z w: file:///home/runner/work/Chireaders/Chireaders/node_modules/react-native-webview/android/src/main/java/com/reactnativecommunity/webview/events/TopLoadingStartEvent.kt:11:3 'constructor<T : Event<T>>(viewTag: Int): Event<T>' is deprecated. Use constructor with explicit surfaceId instead.
build	Build APK (Debug)	2026-02-07T11:27:57.4824284Z w: file:///home/runner/work/Chireaders/Chireaders/node_modules/react-native-webview/android/src/main/java/com/reactnativecommunity/webview/events/TopLoadingStartEvent.kt:22:16 This declaration overrides a deprecated member but is not marked as deprecated itself. Add the '@Deprecated' annotation or suppress the diagnostic.
build	Build APK (Debug)	2026-02-07T11:27:57.4828425Z w: file:///home/runner/work/Chireaders/Chireaders/node_modules/react-native-webview/android/src/main/java/com/reactnativecommunity/webview/events/TopLoadingStartEvent.kt:22:42 'interface RCTEventEmitter : JavaScriptModule' is deprecated. Use [RCTModernEventEmitter] instead.
build	Build APK (Debug)	2026-02-07T11:27:57.4832633Z w: file:///home/runner/work/Chireaders/Chireaders/node_modules/react-native-webview/android/src/main/java/com/reactnativecommunity/webview/events/TopLoadingStartEvent.kt:23:21 'fun receiveEvent(targetTag: Int, eventName: String, params: WritableMap?): Unit' is deprecated. Use [RCTModernEventEmitter.receiveEvent] instead.
build	Build APK (Debug)	2026-02-07T11:27:57.4836762Z w: file:///home/runner/work/Chireaders/Chireaders/node_modules/react-native-webview/android/src/main/java/com/reactnativecommunity/webview/events/TopMessageEvent.kt:5:8 'interface RCTEventEmitter : JavaScriptModule' is deprecated. Use [RCTModernEventEmitter] instead.
build	Build APK (Debug)	2026-02-07T11:27:57.4881748Z w: file:///home/runner/work/Chireaders/Chireaders/node_modules/react-native-webview/android/src/main/java/com/reactnativecommunity/webview/events/TopMessageEvent.kt:10:75 'constructor<T : Event<T>>(viewTag: Int): Event<T>' is deprecated. Use constructor with explicit surfaceId instead.
build	Build APK (Debug)	2026-02-07T11:27:57.4886130Z w: file:///home/runner/work/Chireaders/Chireaders/node_modules/react-native-webview/android/src/main/java/com/reactnativecommunity/webview/events/TopMessageEvent.kt:21:16 This declaration overrides a deprecated member but is not marked as deprecated itself. Add the '@Deprecated' annotation or suppress the diagnostic.
build	Build APK (Debug)	2026-02-07T11:27:57.4890068Z w: file:///home/runner/work/Chireaders/Chireaders/node_modules/react-native-webview/android/src/main/java/com/reactnativecommunity/webview/events/TopMessageEvent.kt:21:42 'interface RCTEventEmitter : JavaScriptModule' is deprecated. Use [RCTModernEventEmitter] instead.
build	Build APK (Debug)	2026-02-07T11:27:57.4894099Z w: file:///home/runner/work/Chireaders/Chireaders/node_modules/react-native-webview/android/src/main/java/com/reactnativecommunity/webview/events/TopMessageEvent.kt:22:21 'fun receiveEvent(targetTag: Int, eventName: String, params: WritableMap?): Unit' is deprecated. Use [RCTModernEventEmitter.receiveEvent] instead.
build	Build APK (Debug)	2026-02-07T11:27:57.4959581Z w: file:///home/runner/work/Chireaders/Chireaders/node_modules/react-native-webview/android/src/main/java/com/reactnativecommunity/webview/events/TopNewWindowEvent.kt:5:8 'interface RCTEventEmitter : JavaScriptModule' is deprecated. Use [RCTModernEventEmitter] instead.
build	Build APK (Debug)	2026-02-07T11:27:57.4964059Z w: file:///home/runner/work/Chireaders/Chireaders/node_modules/react-native-webview/android/src/main/java/com/reactnativecommunity/webview/events/TopNewWindowEvent.kt:11:3 'constructor<T : Event<T>>(viewTag: Int): Event<T>' is deprecated. Use constructor with explicit surfaceId instead.
build	Build APK (Debug)	2026-02-07T11:27:57.4968721Z w: file:///home/runner/work/Chireaders/Chireaders/node_modules/react-native-webview/android/src/main/java/com/reactnativecommunity/webview/events/TopNewWindowEvent.kt:22:16 This declaration overrides a deprecated member but is not marked as deprecated itself. Add the '@Deprecated' annotation or suppress the diagnostic.
build	Build APK (Debug)	2026-02-07T11:27:57.4973552Z w: file:///home/runner/work/Chireaders/Chireaders/node_modules/react-native-webview/android/src/main/java/com/reactnativecommunity/webview/events/TopNewWindowEvent.kt:22:42 'interface RCTEventEmitter : JavaScriptModule' is deprecated. Use [RCTModernEventEmitter] instead.
build	Build APK (Debug)	2026-02-07T11:27:57.5038767Z w: file:///home/runner/work/Chireaders/Chireaders/node_modules/react-native-webview/android/src/main/java/com/reactnativecommunity/webview/events/TopNewWindowEvent.kt:23:21 'fun receiveEvent(targetTag: Int, eventName: String, params: WritableMap?): Unit' is deprecated. Use [RCTModernEventEmitter.receiveEvent] instead.
build	Build APK (Debug)	2026-02-07T11:27:57.5043004Z w: file:///home/runner/work/Chireaders/Chireaders/node_modules/react-native-webview/android/src/main/java/com/reactnativecommunity/webview/events/TopRenderProcessGoneEvent.kt:5:8 'interface RCTEventEmitter : JavaScriptModule' is deprecated. Use [RCTModernEventEmitter] instead.
build	Build APK (Debug)	2026-02-07T11:27:57.5047276Z w: file:///home/runner/work/Chireaders/Chireaders/node_modules/react-native-webview/android/src/main/java/com/reactnativecommunity/webview/events/TopRenderProcessGoneEvent.kt:12:3 'constructor<T : Event<T>>(viewTag: Int): Event<T>' is deprecated. Use constructor with explicit surfaceId instead.
build	Build APK (Debug)	2026-02-07T11:27:57.5051618Z w: file:///home/runner/work/Chireaders/Chireaders/node_modules/react-native-webview/android/src/main/java/com/reactnativecommunity/webview/events/TopRenderProcessGoneEvent.kt:23:16 This declaration overrides a deprecated member but is not marked as deprecated itself. Add the '@Deprecated' annotation or suppress the diagnostic.
build	Build APK (Debug)	2026-02-07T11:27:57.5055014Z w: file:///home/runner/work/Chireaders/Chireaders/node_modules/react-native-webview/android/src/main/java/com/reactnativecommunity/webview/events/TopRenderProcessGoneEvent.kt:23:42 'interface RCTEventEmitter : JavaScriptModule' is deprecated. Use [RCTModernEventEmitter] instead.
build	Build APK (Debug)	2026-02-07T11:27:57.5090399Z w: file:///home/runner/work/Chireaders/Chireaders/node_modules/react-native-webview/android/src/main/java/com/reactnativecommunity/webview/events/TopRenderProcessGoneEvent.kt:24:21 'fun receiveEvent(targetTag: Int, eventName: String, params: WritableMap?): Unit' is deprecated. Use [RCTModernEventEmitter.receiveEvent] instead.
build	Build APK (Debug)	2026-02-07T11:27:57.5127367Z w: file:///home/runner/work/Chireaders/Chireaders/node_modules/react-native-webview/android/src/main/java/com/reactnativecommunity/webview/events/TopShouldStartLoadWithRequestEvent.kt:5:8 'interface RCTEventEmitter : JavaScriptModule' is deprecated. Use [RCTModernEventEmitter] instead.
build	Build APK (Debug)	2026-02-07T11:27:57.5131503Z w: file:///home/runner/work/Chireaders/Chireaders/node_modules/react-native-webview/android/src/main/java/com/reactnativecommunity/webview/events/TopShouldStartLoadWithRequestEvent.kt:10:89 'constructor<T : Event<T>>(viewTag: Int): Event<T>' is deprecated. Use constructor with explicit surfaceId instead.
build	Build APK (Debug)	2026-02-07T11:27:57.5136272Z w: file:///home/runner/work/Chireaders/Chireaders/node_modules/react-native-webview/android/src/main/java/com/reactnativecommunity/webview/events/TopShouldStartLoadWithRequestEvent.kt:27:16 This declaration overrides a deprecated member but is not marked as deprecated itself. Add the '@Deprecated' annotation or suppress the diagnostic.
build	Build APK (Debug)	2026-02-07T11:27:57.5140801Z w: file:///home/runner/work/Chireaders/Chireaders/node_modules/react-native-webview/android/src/main/java/com/reactnativecommunity/webview/events/TopShouldStartLoadWithRequestEvent.kt:27:42 'interface RCTEventEmitter : JavaScriptModule' is deprecated. Use [RCTModernEventEmitter] instead.
build	Build APK (Debug)	2026-02-07T11:27:57.5178055Z w: file:///home/runner/work/Chireaders/Chireaders/node_modules/react-native-webview/android/src/main/java/com/reactnativecommunity/webview/events/TopShouldStartLoadWithRequestEvent.kt:28:21 'fun receiveEvent(targetTag: Int, eventName: String, params: WritableMap?): Unit' is deprecated. Use [RCTModernEventEmitter.receiveEvent] instead.
build	Build APK (Debug)	2026-02-07T11:27:57.5197382Z 
build	Build APK (Debug)	2026-02-07T11:27:57.5197909Z > Task :react-native-webview:javaPreCompileDebug
build	Build APK (Debug)	2026-02-07T11:27:59.0153748Z Note: Some input files use or override a deprecated API.
build	Build APK (Debug)	2026-02-07T11:27:59.0154907Z Note: Recompile with -Xlint:deprecation for details.
build	Build APK (Debug)	2026-02-07T11:27:59.0155649Z 
build	Build APK (Debug)	2026-02-07T11:27:59.0156121Z > Task :react-native-webview:compileDebugJavaWithJavac
build	Build APK (Debug)	2026-02-07T11:27:59.0156787Z 
build	Build APK (Debug)	2026-02-07T11:27:59.0157283Z > Task :react-native-webview:bundleLibCompileToJarDebug
build	Build APK (Debug)	2026-02-07T11:27:59.1179269Z > Task :app:javaPreCompileDebug
build	Build APK (Debug)	2026-02-07T11:27:59.2180640Z > Task :app:mergeDebugShaders
build	Build APK (Debug)	2026-02-07T11:27:59.2181573Z > Task :app:compileDebugShaders NO-SOURCE
build	Build APK (Debug)	2026-02-07T11:27:59.2182224Z > Task :app:generateDebugAssets UP-TO-DATE
build	Build APK (Debug)	2026-02-07T11:27:59.2182830Z > Task :expo:mergeDebugShaders
build	Build APK (Debug)	2026-02-07T11:27:59.2183342Z > Task :expo:compileDebugShaders NO-SOURCE
build	Build APK (Debug)	2026-02-07T11:27:59.2184013Z > Task :expo:generateDebugAssets UP-TO-DATE
build	Build APK (Debug)	2026-02-07T11:27:59.2184612Z > Task :expo:mergeDebugAssets
build	Build APK (Debug)	2026-02-07T11:27:59.2185172Z > Task :expo-constants:mergeDebugShaders
build	Build APK (Debug)	2026-02-07T11:27:59.2185777Z > Task :expo-constants:compileDebugShaders NO-SOURCE
build	Build APK (Debug)	2026-02-07T11:27:59.2186463Z > Task :expo-constants:generateDebugAssets UP-TO-DATE
build	Build APK (Debug)	2026-02-07T11:27:59.3168390Z > Task :expo-constants:mergeDebugAssets
build	Build APK (Debug)	2026-02-07T11:27:59.3169584Z > Task :expo-modules-core:mergeDebugShaders
build	Build APK (Debug)	2026-02-07T11:27:59.3170483Z > Task :expo-modules-core:compileDebugShaders NO-SOURCE
build	Build APK (Debug)	2026-02-07T11:27:59.3171425Z > Task :expo-modules-core:generateDebugAssets UP-TO-DATE
build	Build APK (Debug)	2026-02-07T11:27:59.3172169Z > Task :expo-modules-core:mergeDebugAssets
build	Build APK (Debug)	2026-02-07T11:27:59.3173020Z > Task :react-native-async-storage_async-storage:mergeDebugShaders
build	Build APK (Debug)	2026-02-07T11:27:59.4158262Z > Task :react-native-async-storage_async-storage:compileDebugShaders NO-SOURCE
build	Build APK (Debug)	2026-02-07T11:27:59.4159539Z > Task :react-native-async-storage_async-storage:generateDebugAssets UP-TO-DATE
build	Build APK (Debug)	2026-02-07T11:27:59.4160516Z > Task :react-native-async-storage_async-storage:mergeDebugAssets
build	Build APK (Debug)	2026-02-07T11:27:59.4161268Z > Task :react-native-gesture-handler:mergeDebugShaders
build	Build APK (Debug)	2026-02-07T11:27:59.4162089Z > Task :react-native-gesture-handler:compileDebugShaders NO-SOURCE
build	Build APK (Debug)	2026-02-07T11:27:59.4162963Z > Task :react-native-gesture-handler:generateDebugAssets UP-TO-DATE
build	Build APK (Debug)	2026-02-07T11:27:59.4163751Z > Task :react-native-gesture-handler:mergeDebugAssets
build	Build APK (Debug)	2026-02-07T11:27:59.4164438Z > Task :react-native-reanimated:mergeDebugShaders
build	Build APK (Debug)	2026-02-07T11:27:59.4165236Z > Task :react-native-reanimated:compileDebugShaders NO-SOURCE
build	Build APK (Debug)	2026-02-07T11:27:59.4166087Z > Task :react-native-reanimated:generateDebugAssets UP-TO-DATE
build	Build APK (Debug)	2026-02-07T11:27:59.4166822Z > Task :react-native-reanimated:mergeDebugAssets
build	Build APK (Debug)	2026-02-07T11:27:59.4167605Z > Task :react-native-safe-area-context:mergeDebugShaders
build	Build APK (Debug)	2026-02-07T11:27:59.4168390Z > Task :react-native-safe-area-context:compileDebugShaders NO-SOURCE
build	Build APK (Debug)	2026-02-07T11:27:59.4169276Z > Task :react-native-safe-area-context:generateDebugAssets UP-TO-DATE
build	Build APK (Debug)	2026-02-07T11:27:59.5159541Z > Task :react-native-safe-area-context:mergeDebugAssets
build	Build APK (Debug)	2026-02-07T11:27:59.5160524Z > Task :react-native-screens:mergeDebugShaders
build	Build APK (Debug)	2026-02-07T11:27:59.5161242Z > Task :react-native-screens:compileDebugShaders NO-SOURCE
build	Build APK (Debug)	2026-02-07T11:27:59.5162003Z > Task :react-native-screens:generateDebugAssets UP-TO-DATE
build	Build APK (Debug)	2026-02-07T11:27:59.5162685Z > Task :react-native-screens:mergeDebugAssets
build	Build APK (Debug)	2026-02-07T11:27:59.5163334Z > Task :react-native-webview:mergeDebugShaders
build	Build APK (Debug)	2026-02-07T11:27:59.5164085Z > Task :react-native-webview:compileDebugShaders NO-SOURCE
build	Build APK (Debug)	2026-02-07T11:27:59.5164889Z > Task :react-native-webview:generateDebugAssets UP-TO-DATE
build	Build APK (Debug)	2026-02-07T11:27:59.6152696Z > Task :react-native-webview:mergeDebugAssets
build	Build APK (Debug)	2026-02-07T11:27:59.6153623Z > Task :react-native-worklets:mergeDebugShaders
build	Build APK (Debug)	2026-02-07T11:27:59.6154423Z > Task :react-native-worklets:compileDebugShaders NO-SOURCE
build	Build APK (Debug)	2026-02-07T11:27:59.6155418Z > Task :react-native-worklets:generateDebugAssets UP-TO-DATE
build	Build APK (Debug)	2026-02-07T11:27:59.6158501Z > Task :react-native-worklets:mergeDebugAssets
build	Build APK (Debug)	2026-02-07T11:28:00.1170210Z > Task :app:mergeDebugAssets
build	Build APK (Debug)	2026-02-07T11:28:00.2161297Z > Task :app:compressDebugAssets
build	Build APK (Debug)	2026-02-07T11:28:00.2172348Z > Task :react-native-gesture-handler:bundleLibRuntimeToJarDebug
build	Build APK (Debug)	2026-02-07T11:28:06.9157468Z 
build	Build APK (Debug)	2026-02-07T11:28:06.9160921Z > Task :react-native-screens:compileDebugKotlin
build	Build APK (Debug)	2026-02-07T11:28:06.9163955Z w: file:///home/runner/work/Chireaders/Chireaders/node_modules/react-native-screens/android/src/main/java/com/swmansion/rnscreens/RNScreensPackage.kt:56:9 The corresponding parameter in the supertype 'BaseReactPackage' is named 'name'. This may cause problems when calling this function with named arguments.
build	Build APK (Debug)	2026-02-07T11:28:06.9169053Z w: file:///home/runner/work/Chireaders/Chireaders/node_modules/react-native-screens/android/src/main/java/com/swmansion/rnscreens/RNScreensPackage.kt:57:9 The corresponding parameter in the supertype 'BaseReactPackage' is named 'reactContext'. This may cause problems when calling this function with named arguments.
build	Build APK (Debug)	2026-02-07T11:28:06.9175292Z w: file:///home/runner/work/Chireaders/Chireaders/node_modules/react-native-screens/android/src/main/java/com/swmansion/rnscreens/RNScreensPackage.kt:70:17 'constructor(name: String, className: String, canOverrideExistingModule: Boolean, needsEagerInit: Boolean, hasConstants: Boolean, isCxxModule: Boolean, isTurboModule: Boolean): ReactModuleInfo' is deprecated. This constructor is deprecated and will be removed in the future. Use ReactModuleInfo(String, String, boolean, boolean, boolean, boolean)].
build	Build APK (Debug)	2026-02-07T11:28:06.9184050Z w: file:///home/runner/work/Chireaders/Chireaders/node_modules/react-native-screens/android/src/main/java/com/swmansion/rnscreens/Screen.kt:48:77 Unchecked cast of '(CoordinatorLayout.Behavior<View!>?..CoordinatorLayout.Behavior<*>?)' to 'BottomSheetBehavior<Screen>'.
build	Build APK (Debug)	2026-02-07T11:28:06.9191083Z w: file:///home/runner/work/Chireaders/Chireaders/node_modules/react-native-screens/android/src/main/java/com/swmansion/rnscreens/Screen.kt:383:36 'fun setTranslucent(screen: Screen, activity: Activity?, context: ReactContext?): Unit' is deprecated. For apps targeting SDK 35 or above this prop has no effect because edge-to-edge is enabled by default and the status bar is always translucent.
build	Build APK (Debug)	2026-02-07T11:28:06.9198667Z w: file:///home/runner/work/Chireaders/Chireaders/node_modules/react-native-screens/android/src/main/java/com/swmansion/rnscreens/Screen.kt:402:36 'fun setColor(screen: Screen, activity: Activity?, context: ReactContext?): Unit' is deprecated. For apps targeting SDK 35 or above this prop has no effect because edge-to-edge is enabled by default and the status bar is always translucent.
build	Build APK (Debug)	2026-02-07T11:28:06.9207199Z w: file:///home/runner/work/Chireaders/Chireaders/node_modules/react-native-screens/android/src/main/java/com/swmansion/rnscreens/Screen.kt:420:36 'fun setNavigationBarColor(screen: Screen, activity: Activity?): Unit' is deprecated. For all apps targeting Android SDK 35 or above edge-to-edge is enabled by default.
build	Build APK (Debug)	2026-02-07T11:28:06.9213685Z w: file:///home/runner/work/Chireaders/Chireaders/node_modules/react-native-screens/android/src/main/java/com/swmansion/rnscreens/Screen.kt:437:36 'fun setNavigationBarTranslucent(screen: Screen, activity: Activity?): Unit' is deprecated. For all apps targeting Android SDK 35 or above edge-to-edge is enabled by default.
build	Build APK (Debug)	2026-02-07T11:28:06.9219090Z w: file:///home/runner/work/Chireaders/Chireaders/node_modules/react-native-screens/android/src/main/java/com/swmansion/rnscreens/ScreenStackFragment.kt:217:31 'var targetElevation: Float' is deprecated. Deprecated in Java.
build	Build APK (Debug)	2026-02-07T11:28:06.9279805Z w: file:///home/runner/work/Chireaders/Chireaders/node_modules/react-native-screens/android/src/main/java/com/swmansion/rnscreens/ScreenStackFragment.kt:220:13 'fun setHasOptionsMenu(p0: Boolean): Unit' is deprecated. Deprecated in Java.
build	Build APK (Debug)	2026-02-07T11:28:06.9284156Z w: file:///home/runner/work/Chireaders/Chireaders/node_modules/react-native-screens/android/src/main/java/com/swmansion/rnscreens/ScreenStackFragment.kt:397:18 This declaration overrides a deprecated member but is not marked as deprecated itself. Add the '@Deprecated' annotation or suppress the diagnostic.
build	Build APK (Debug)	2026-02-07T11:28:06.9288676Z w: file:///home/runner/work/Chireaders/Chireaders/node_modules/react-native-screens/android/src/main/java/com/swmansion/rnscreens/ScreenStackFragment.kt:404:22 'fun onPrepareOptionsMenu(p0: Menu): Unit' is deprecated. Deprecated in Java.
build	Build APK (Debug)	2026-02-07T11:28:06.9293143Z w: file:///home/runner/work/Chireaders/Chireaders/node_modules/react-native-screens/android/src/main/java/com/swmansion/rnscreens/ScreenStackFragment.kt:407:18 This declaration overrides a deprecated member but is not marked as deprecated itself. Add the '@Deprecated' annotation or suppress the diagnostic.
build	Build APK (Debug)	2026-02-07T11:28:06.9298951Z w: file:///home/runner/work/Chireaders/Chireaders/node_modules/react-native-screens/android/src/main/java/com/swmansion/rnscreens/ScreenStackFragment.kt:412:22 'fun onCreateOptionsMenu(p0: Menu, p1: MenuInflater): Unit' is deprecated. Deprecated in Java.
build	Build APK (Debug)	2026-02-07T11:28:06.9304678Z w: file:///home/runner/work/Chireaders/Chireaders/node_modules/react-native-screens/android/src/main/java/com/swmansion/rnscreens/ScreenStackHeaderConfig.kt:435:18 'val reactNativeHost: ReactNativeHost' is deprecated. You should not use ReactNativeHost directly in the New Architecture. Use ReactHost instead.
build	Build APK (Debug)	2026-02-07T11:28:06.9311673Z w: file:///home/runner/work/Chireaders/Chireaders/node_modules/react-native-screens/android/src/main/java/com/swmansion/rnscreens/ScreenViewManager.kt:203:14 'var statusBarColor: Int?' is deprecated. For apps targeting SDK 35 or above this prop has no effect because edge-to-edge is enabled by default and the status bar is always translucent.
build	Build APK (Debug)	2026-02-07T11:28:06.9317868Z w: file:///home/runner/work/Chireaders/Chireaders/node_modules/react-native-screens/android/src/main/java/com/swmansion/rnscreens/ScreenViewManager.kt:220:14 'var isStatusBarTranslucent: Boolean?' is deprecated. For apps targeting SDK 35 or above this prop has no effect because edge-to-edge is enabled by default and the status bar is always translucent.
build	Build APK (Debug)	2026-02-07T11:28:06.9324201Z w: file:///home/runner/work/Chireaders/Chireaders/node_modules/react-native-screens/android/src/main/java/com/swmansion/rnscreens/ScreenViewManager.kt:237:14 'var navigationBarColor: Int?' is deprecated. For all apps targeting Android SDK 35 or above edge-to-edge is enabled by default.
build	Build APK (Debug)	2026-02-07T11:28:06.9332879Z w: file:///home/runner/work/Chireaders/Chireaders/node_modules/react-native-screens/android/src/main/java/com/swmansion/rnscreens/ScreenViewManager.kt:246:14 'var isNavigationBarTranslucent: Boolean?' is deprecated. For all apps targeting Android SDK 35 or above edge-to-edge is enabled by default.
build	Build APK (Debug)	2026-02-07T11:28:06.9337214Z w: file:///home/runner/work/Chireaders/Chireaders/node_modules/react-native-screens/android/src/main/java/com/swmansion/rnscreens/ScreenWindowTraits.kt:55:42 'fun replaceSystemWindowInsets(p0: Int, p1: Int, p2: Int, p3: Int): WindowInsetsCompat' is deprecated. Deprecated in Java.
build	Build APK (Debug)	2026-02-07T11:28:06.9340770Z w: file:///home/runner/work/Chireaders/Chireaders/node_modules/react-native-screens/android/src/main/java/com/swmansion/rnscreens/ScreenWindowTraits.kt:56:39 'val systemWindowInsetLeft: Int' is deprecated. Deprecated in Java.
build	Build APK (Debug)	2026-02-07T11:28:06.9344079Z w: file:///home/runner/work/Chireaders/Chireaders/node_modules/react-native-screens/android/src/main/java/com/swmansion/rnscreens/ScreenWindowTraits.kt:58:39 'val systemWindowInsetRight: Int' is deprecated. Deprecated in Java.
build	Build APK (Debug)	2026-02-07T11:28:06.9347526Z w: file:///home/runner/work/Chireaders/Chireaders/node_modules/react-native-screens/android/src/main/java/com/swmansion/rnscreens/ScreenWindowTraits.kt:59:39 'val systemWindowInsetBottom: Int' is deprecated. Deprecated in Java.
build	Build APK (Debug)	2026-02-07T11:28:06.9351082Z w: file:///home/runner/work/Chireaders/Chireaders/node_modules/react-native-screens/android/src/main/java/com/swmansion/rnscreens/ScreenWindowTraits.kt:102:53 'var statusBarColor: Int' is deprecated. Deprecated in Java.
build	Build APK (Debug)	2026-02-07T11:28:06.9355708Z w: file:///home/runner/work/Chireaders/Chireaders/node_modules/react-native-screens/android/src/main/java/com/swmansion/rnscreens/ScreenWindowTraits.kt:106:37 'var statusBarColor: Int?' is deprecated. For apps targeting SDK 35 or above this prop has no effect because edge-to-edge is enabled by default and the status bar is always translucent.
build	Build APK (Debug)	2026-02-07T11:28:06.9475938Z w: file:///home/runner/work/Chireaders/Chireaders/node_modules/react-native-screens/android/src/main/java/com/swmansion/rnscreens/ScreenWindowTraits.kt:113:48 'var statusBarColor: Int' is deprecated. Deprecated in Java.
build	Build APK (Debug)	2026-02-07T11:28:06.9479430Z w: file:///home/runner/work/Chireaders/Chireaders/node_modules/react-native-screens/android/src/main/java/com/swmansion/rnscreens/ScreenWindowTraits.kt:116:32 'var statusBarColor: Int' is deprecated. Deprecated in Java.
build	Build APK (Debug)	2026-02-07T11:28:06.9483735Z w: file:///home/runner/work/Chireaders/Chireaders/node_modules/react-native-screens/android/src/main/java/com/swmansion/rnscreens/ScreenWindowTraits.kt:162:49 'var isStatusBarTranslucent: Boolean?' is deprecated. For apps targeting SDK 35 or above this prop has no effect because edge-to-edge is enabled by default and the status bar is always translucent.
build	Build APK (Debug)	2026-02-07T11:28:06.9488222Z w: file:///home/runner/work/Chireaders/Chireaders/node_modules/react-native-screens/android/src/main/java/com/swmansion/rnscreens/ScreenWindowTraits.kt:218:43 'var navigationBarColor: Int?' is deprecated. For all apps targeting Android SDK 35 or above edge-to-edge is enabled by default.
build	Build APK (Debug)	2026-02-07T11:28:06.9491623Z w: file:///home/runner/work/Chireaders/Chireaders/node_modules/react-native-screens/android/src/main/java/com/swmansion/rnscreens/ScreenWindowTraits.kt:218:72 'var navigationBarColor: Int' is deprecated. Deprecated in Java.
build	Build APK (Debug)	2026-02-07T11:28:06.9494478Z w: file:///home/runner/work/Chireaders/Chireaders/node_modules/react-native-screens/android/src/main/java/com/swmansion/rnscreens/ScreenWindowTraits.kt:224:16 'var navigationBarColor: Int' is deprecated. Deprecated in Java.
build	Build APK (Debug)	2026-02-07T11:28:06.9498041Z w: file:///home/runner/work/Chireaders/Chireaders/node_modules/react-native-screens/android/src/main/java/com/swmansion/rnscreens/ScreenWindowTraits.kt:241:55 'var isNavigationBarTranslucent: Boolean?' is deprecated. For all apps targeting Android SDK 35 or above edge-to-edge is enabled by default.
build	Build APK (Debug)	2026-02-07T11:28:06.9502867Z w: file:///home/runner/work/Chireaders/Chireaders/node_modules/react-native-screens/android/src/main/java/com/swmansion/rnscreens/ScreenWindowTraits.kt:283:13 'fun setColor(screen: Screen, activity: Activity?, context: ReactContext?): Unit' is deprecated. For apps targeting SDK 35 or above this prop has no effect because edge-to-edge is enabled by default and the status bar is always translucent.
build	Build APK (Debug)	2026-02-07T11:28:06.9508218Z w: file:///home/runner/work/Chireaders/Chireaders/node_modules/react-native-screens/android/src/main/java/com/swmansion/rnscreens/ScreenWindowTraits.kt:285:13 'fun setTranslucent(screen: Screen, activity: Activity?, context: ReactContext?): Unit' is deprecated. For apps targeting SDK 35 or above this prop has no effect because edge-to-edge is enabled by default and the status bar is always translucent.
build	Build APK (Debug)	2026-02-07T11:28:06.9513121Z w: file:///home/runner/work/Chireaders/Chireaders/node_modules/react-native-screens/android/src/main/java/com/swmansion/rnscreens/ScreenWindowTraits.kt:289:13 'fun setNavigationBarColor(screen: Screen, activity: Activity?): Unit' is deprecated. For all apps targeting Android SDK 35 or above edge-to-edge is enabled by default.
build	Build APK (Debug)	2026-02-07T11:28:06.9517877Z w: file:///home/runner/work/Chireaders/Chireaders/node_modules/react-native-screens/android/src/main/java/com/swmansion/rnscreens/ScreenWindowTraits.kt:290:13 'fun setNavigationBarTranslucent(screen: Screen, activity: Activity?): Unit' is deprecated. For all apps targeting Android SDK 35 or above edge-to-edge is enabled by default.
build	Build APK (Debug)	2026-02-07T11:28:06.9522784Z w: file:///home/runner/work/Chireaders/Chireaders/node_modules/react-native-screens/android/src/main/java/com/swmansion/rnscreens/ScreenWindowTraits.kt:354:42 'var statusBarColor: Int?' is deprecated. For apps targeting SDK 35 or above this prop has no effect because edge-to-edge is enabled by default and the status bar is always translucent.
build	Build APK (Debug)	2026-02-07T11:28:06.9527773Z w: file:///home/runner/work/Chireaders/Chireaders/node_modules/react-native-screens/android/src/main/java/com/swmansion/rnscreens/ScreenWindowTraits.kt:356:48 'var isStatusBarTranslucent: Boolean?' is deprecated. For apps targeting SDK 35 or above this prop has no effect because edge-to-edge is enabled by default and the status bar is always translucent.
build	Build APK (Debug)	2026-02-07T11:28:06.9532331Z w: file:///home/runner/work/Chireaders/Chireaders/node_modules/react-native-screens/android/src/main/java/com/swmansion/rnscreens/ScreenWindowTraits.kt:359:57 'var navigationBarColor: Int?' is deprecated. For all apps targeting Android SDK 35 or above edge-to-edge is enabled by default.
build	Build APK (Debug)	2026-02-07T11:28:06.9536548Z w: file:///home/runner/work/Chireaders/Chireaders/node_modules/react-native-screens/android/src/main/java/com/swmansion/rnscreens/ScreenWindowTraits.kt:360:63 'var isNavigationBarTranslucent: Boolean?' is deprecated. For all apps targeting Android SDK 35 or above edge-to-edge is enabled by default.
build	Build APK (Debug)	2026-02-07T11:28:06.9541090Z w: file:///home/runner/work/Chireaders/Chireaders/node_modules/react-native-screens/android/src/main/java/com/swmansion/rnscreens/bottomsheet/BottomSheetDialogRootView.kt:7:8 'object ReactFeatureFlags : Any' is deprecated. Use com.facebook.react.internal.featureflags.ReactNativeFeatureFlags instead.
build	Build APK (Debug)	2026-02-07T11:28:06.9545693Z w: file:///home/runner/work/Chireaders/Chireaders/node_modules/react-native-screens/android/src/main/java/com/swmansion/rnscreens/bottomsheet/BottomSheetDialogRootView.kt:25:13 'object ReactFeatureFlags : Any' is deprecated. Use com.facebook.react.internal.featureflags.ReactNativeFeatureFlags instead.
build	Build APK (Debug)	2026-02-07T11:28:06.9550597Z w: file:///home/runner/work/Chireaders/Chireaders/node_modules/react-native-screens/android/src/main/java/com/swmansion/rnscreens/bottomsheet/BottomSheetDialogRootView.kt:32:9 The corresponding parameter in the supertype 'ReactViewGroup' is named 'left'. This may cause problems when calling this function with named arguments.
build	Build APK (Debug)	2026-02-07T11:28:06.9555587Z w: file:///home/runner/work/Chireaders/Chireaders/node_modules/react-native-screens/android/src/main/java/com/swmansion/rnscreens/bottomsheet/BottomSheetDialogRootView.kt:33:9 The corresponding parameter in the supertype 'ReactViewGroup' is named 'top'. This may cause problems when calling this function with named arguments.
build	Build APK (Debug)	2026-02-07T11:28:06.9560781Z w: file:///home/runner/work/Chireaders/Chireaders/node_modules/react-native-screens/android/src/main/java/com/swmansion/rnscreens/bottomsheet/BottomSheetDialogRootView.kt:34:9 The corresponding parameter in the supertype 'ReactViewGroup' is named 'right'. This may cause problems when calling this function with named arguments.
build	Build APK (Debug)	2026-02-07T11:28:06.9565236Z w: file:///home/runner/work/Chireaders/Chireaders/node_modules/react-native-screens/android/src/main/java/com/swmansion/rnscreens/bottomsheet/BottomSheetDialogRootView.kt:35:9 The corresponding parameter in the supertype 'ReactViewGroup' is named 'bottom'. This may cause problems when calling this function with named arguments.
build	Build APK (Debug)	2026-02-07T11:28:06.9569786Z w: file:///home/runner/work/Chireaders/Chireaders/node_modules/react-native-screens/android/src/main/java/com/swmansion/rnscreens/bottomsheet/BottomSheetDialogRootView.kt:71:9 The corresponding parameter in the supertype 'RootView' is named 'childView'. This may cause problems when calling this function with named arguments.
build	Build APK (Debug)	2026-02-07T11:28:06.9574212Z w: file:///home/runner/work/Chireaders/Chireaders/node_modules/react-native-screens/android/src/main/java/com/swmansion/rnscreens/bottomsheet/BottomSheetDialogRootView.kt:72:9 The corresponding parameter in the supertype 'RootView' is named 'ev'. This may cause problems when calling this function with named arguments.
build	Build APK (Debug)	2026-02-07T11:28:06.9578998Z w: file:///home/runner/work/Chireaders/Chireaders/node_modules/react-native-screens/android/src/main/java/com/swmansion/rnscreens/bottomsheet/BottomSheetDialogRootView.kt:79:46 The corresponding parameter in the supertype 'RootView' is named 'ev'. This may cause problems when calling this function with named arguments.
build	Build APK (Debug)	2026-02-07T11:28:06.9583476Z w: file:///home/runner/work/Chireaders/Chireaders/node_modules/react-native-screens/android/src/main/java/com/swmansion/rnscreens/bottomsheet/BottomSheetDialogRootView.kt:83:9 The corresponding parameter in the supertype 'RootView' is named 'childView'. This may cause problems when calling this function with named arguments.
build	Build APK (Debug)	2026-02-07T11:28:06.9588326Z w: file:///home/runner/work/Chireaders/Chireaders/node_modules/react-native-screens/android/src/main/java/com/swmansion/rnscreens/bottomsheet/BottomSheetDialogRootView.kt:84:9 The corresponding parameter in the supertype 'RootView' is named 'ev'. This may cause problems when calling this function with named arguments.
build	Build APK (Debug)	2026-02-07T11:28:06.9592840Z w: file:///home/runner/work/Chireaders/Chireaders/node_modules/react-native-screens/android/src/main/java/com/swmansion/rnscreens/bottomsheet/BottomSheetDialogRootView.kt:95:34 The corresponding parameter in the supertype 'RootView' is named 't'. This may cause problems when calling this function with named arguments.
build	Build APK (Debug)	2026-02-07T11:28:06.9597479Z w: file:///home/runner/work/Chireaders/Chireaders/node_modules/react-native-screens/android/src/main/java/com/swmansion/rnscreens/bottomsheet/DimmingView.kt:63:9 The corresponding parameter in the supertype 'ReactCompoundView' is named 'touchX'. This may cause problems when calling this function with named arguments.
build	Build APK (Debug)	2026-02-07T11:28:06.9602034Z w: file:///home/runner/work/Chireaders/Chireaders/node_modules/react-native-screens/android/src/main/java/com/swmansion/rnscreens/bottomsheet/DimmingView.kt:64:9 The corresponding parameter in the supertype 'ReactCompoundView' is named 'touchY'. This may cause problems when calling this function with named arguments.
build	Build APK (Debug)	2026-02-07T11:28:06.9606820Z w: file:///home/runner/work/Chireaders/Chireaders/node_modules/react-native-screens/android/src/main/java/com/swmansion/rnscreens/bottomsheet/DimmingView.kt:68:9 The corresponding parameter in the supertype 'ReactCompoundViewGroup' is named 'touchX'. This may cause problems when calling this function with named arguments.
build	Build APK (Debug)	2026-02-07T11:28:06.9611311Z w: file:///home/runner/work/Chireaders/Chireaders/node_modules/react-native-screens/android/src/main/java/com/swmansion/rnscreens/bottomsheet/DimmingView.kt:69:9 The corresponding parameter in the supertype 'ReactCompoundViewGroup' is named 'touchY'. This may cause problems when calling this function with named arguments.
build	Build APK (Debug)	2026-02-07T11:28:06.9615593Z w: file:///home/runner/work/Chireaders/Chireaders/node_modules/react-native-screens/android/src/main/java/com/swmansion/rnscreens/gamma/tabs/TabsHostViewManager.kt:37:9 The corresponding parameter in the supertype 'TabsHostViewManager' is named 'view'. This may cause problems when calling this function with named arguments.
build	Build APK (Debug)	2026-02-07T11:28:09.0179530Z 
build	Build APK (Debug)	2026-02-07T11:28:09.0180365Z > Task :react-native-safe-area-context:bundleLibRuntimeToJarDebug
build	Build APK (Debug)	2026-02-07T11:28:09.3154384Z > Task :react-native-screens:compileDebugJavaWithJavac
build	Build APK (Debug)	2026-02-07T11:28:09.3158430Z > Task :react-native-screens:bundleLibCompileToJarDebug
build	Build APK (Debug)	2026-02-07T11:28:09.4152716Z > Task :react-native-screens:bundleLibRuntimeToJarDebug
build	Build APK (Debug)	2026-02-07T11:28:12.2152365Z 
build	Build APK (Debug)	2026-02-07T11:28:12.2158066Z > Task :app:compileDebugKotlin
build	Build APK (Debug)	2026-02-07T11:28:12.2159788Z w: file:///home/runner/work/Chireaders/Chireaders/android/app/src/main/java/com/anonymous/chireaders/MainApplication.kt:9:8 'class ReactNativeHost : Any' is deprecated. Deprecated in Java.
build	Build APK (Debug)	2026-02-07T11:28:12.2162750Z w: file:///home/runner/work/Chireaders/Chireaders/android/app/src/main/java/com/anonymous/chireaders/MainApplication.kt:21:16 This declaration overrides a deprecated member but is not marked as deprecated itself. Add the '@Deprecated' annotation or suppress the diagnostic.
build	Build APK (Debug)	2026-02-07T11:28:12.2166442Z w: file:///home/runner/work/Chireaders/Chireaders/android/app/src/main/java/com/anonymous/chireaders/MainApplication.kt:21:33 'class ReactNativeHost : Any' is deprecated. Deprecated in Java.
build	Build APK (Debug)	2026-02-07T11:28:13.0152014Z 
build	Build APK (Debug)	2026-02-07T11:28:13.0152918Z > Task :app:compileDebugJavaWithJavac
build	Build APK (Debug)	2026-02-07T11:28:13.0154287Z > Task :react-native-webview:bundleLibRuntimeToJarDebug
build	Build APK (Debug)	2026-02-07T11:28:13.7178613Z > Task :react-native-async-storage_async-storage:bundleLibRuntimeToJarDebug
build	Build APK (Debug)	2026-02-07T11:28:14.0152461Z > Task :expo:bundleLibRuntimeToJarDebug
build	Build APK (Debug)	2026-02-07T11:28:14.2160912Z > Task :react-native-reanimated:bundleLibRuntimeToJarDebug
build	Build APK (Debug)	2026-02-07T11:28:14.6152516Z > Task :react-native-worklets:bundleLibRuntimeToJarDebug
build	Build APK (Debug)	2026-02-07T11:28:14.9179491Z > Task :expo-modules-core:bundleLibRuntimeToJarDebug
build	Build APK (Debug)	2026-02-07T11:28:15.2153728Z > Task :expo-constants:bundleLibRuntimeToJarDebug
build	Build APK (Debug)	2026-02-07T11:28:15.3152357Z > Task :app:desugarDebugFileDependencies
build	Build APK (Debug)	2026-02-07T11:28:16.9153851Z > Task :app:dexBuilderDebug
build	Build APK (Debug)	2026-02-07T11:28:16.9156789Z > Task :app:processDebugJavaRes
build	Build APK (Debug)	2026-02-07T11:28:16.9159544Z > Task :expo:processDebugJavaRes
build	Build APK (Debug)	2026-02-07T11:28:16.9162070Z > Task :expo-constants:processDebugJavaRes
build	Build APK (Debug)	2026-02-07T11:28:17.0170966Z > Task :expo-modules-core:processDebugJavaRes
build	Build APK (Debug)	2026-02-07T11:28:17.0172231Z > Task :react-native-async-storage_async-storage:processDebugJavaRes NO-SOURCE
build	Build APK (Debug)	2026-02-07T11:28:17.0173351Z > Task :react-native-gesture-handler:processDebugJavaRes
build	Build APK (Debug)	2026-02-07T11:28:17.0174231Z > Task :react-native-reanimated:processDebugJavaRes NO-SOURCE
build	Build APK (Debug)	2026-02-07T11:28:17.0175164Z > Task :react-native-safe-area-context:processDebugJavaRes
build	Build APK (Debug)	2026-02-07T11:28:17.0175885Z > Task :react-native-screens:processDebugJavaRes
build	Build APK (Debug)	2026-02-07T11:28:17.0176670Z > Task :react-native-webview:processDebugJavaRes
build	Build APK (Debug)	2026-02-07T11:28:17.0177530Z > Task :react-native-worklets:processDebugJavaRes NO-SOURCE
build	Build APK (Debug)	2026-02-07T11:28:47.0152187Z > Task :app:mergeDebugJavaResource
build	Build APK (Debug)	2026-02-07T11:28:51.7152059Z > Task :app:mergeDebugGlobalSynthetics
build	Build APK (Debug)	2026-02-07T11:29:40.7152230Z > Task :react-native-gesture-handler:bundleLibRuntimeToDirDebug
build	Build APK (Debug)	2026-02-07T11:29:41.5153098Z > Task :react-native-safe-area-context:bundleLibRuntimeToDirDebug
build	Build APK (Debug)	2026-02-07T11:29:41.8152427Z > Task :react-native-screens:bundleLibRuntimeToDirDebug
build	Build APK (Debug)	2026-02-07T11:29:42.6168358Z > Task :app:checkDebugDuplicateClasses
build	Build APK (Debug)	2026-02-07T11:29:53.7153060Z > Task :react-native-webview:bundleLibRuntimeToDirDebug
build	Build APK (Debug)	2026-02-07T11:29:53.8151935Z > Task :app:mergeExtDexDebug
build	Build APK (Debug)	2026-02-07T11:29:53.9152672Z > Task :react-native-async-storage_async-storage:bundleLibRuntimeToDirDebug
build	Build APK (Debug)	2026-02-07T11:29:54.2152408Z > Task :expo:bundleLibRuntimeToDirDebug
build	Build APK (Debug)	2026-02-07T11:29:54.7158537Z > Task :react-native-reanimated:bundleLibRuntimeToDirDebug
build	Build APK (Debug)	2026-02-07T11:29:55.0152254Z > Task :react-native-worklets:bundleLibRuntimeToDirDebug
build	Build APK (Debug)	2026-02-07T11:29:55.3152203Z > Task :expo-constants:bundleLibRuntimeToDirDebug
build	Build APK (Debug)	2026-02-07T11:29:55.6152289Z > Task :expo-modules-core:bundleLibRuntimeToDirDebug
build	Build APK (Debug)	2026-02-07T11:29:55.7152242Z > Task :app:mergeProjectDexDebug
build	Build APK (Debug)	2026-02-07T11:29:57.7151789Z 
build	Build APK (Debug)	2026-02-07T11:29:57.7166784Z > Task :react-native-worklets:configureCMakeDebug[arm64-v8a]
build	Build APK (Debug)	2026-02-07T11:29:57.7168109Z Checking the license for package CMake 3.22.1 in /usr/local/lib/android/sdk/licenses
build	Build APK (Debug)	2026-02-07T11:29:57.7179896Z License for package CMake 3.22.1 accepted.
build	Build APK (Debug)	2026-02-07T11:29:57.7180734Z Preparing "Install CMake 3.22.1 v.3.22.1".
build	Build APK (Debug)	2026-02-07T11:29:58.6153187Z "Install CMake 3.22.1 v.3.22.1" ready.
build	Build APK (Debug)	2026-02-07T11:29:58.6154178Z Installing CMake 3.22.1 in /usr/local/lib/android/sdk/cmake/3.22.1
build	Build APK (Debug)	2026-02-07T11:29:58.6155000Z "Install CMake 3.22.1 v.3.22.1" complete.
build	Build APK (Debug)	2026-02-07T11:29:58.6155812Z "Install CMake 3.22.1 v.3.22.1" finished.
build	Build APK (Debug)	2026-02-07T11:30:03.3177530Z 
build	Build APK (Debug)	2026-02-07T11:30:03.3185909Z > Task :app:mergeLibDexDebug
build	Build APK (Debug)	2026-02-07T11:30:03.3186790Z > Task :app:mergeDebugJniLibFolders
build	Build APK (Debug)	2026-02-07T11:30:03.3188167Z > Task :expo:mergeDebugJniLibFolders
build	Build APK (Debug)	2026-02-07T11:30:03.3188881Z > Task :expo:mergeDebugNativeLibs NO-SOURCE
build	Build APK (Debug)	2026-02-07T11:30:03.3192214Z > Task :expo:copyDebugJniLibsProjectOnly
build	Build APK (Debug)	2026-02-07T11:30:03.3193714Z > Task :expo-constants:mergeDebugJniLibFolders
build	Build APK (Debug)	2026-02-07T11:30:03.3194379Z > Task :expo-constants:mergeDebugNativeLibs NO-SOURCE
build	Build APK (Debug)	2026-02-07T11:30:03.3195083Z > Task :expo-constants:copyDebugJniLibsProjectOnly
build	Build APK (Debug)	2026-02-07T11:30:04.6152181Z > Task :react-native-worklets:configureCMakeDebug[armeabi-v7a]
build	Build APK (Debug)	2026-02-07T11:30:05.3155390Z > Task :expo-modules-core:configureCMakeDebug[arm64-v8a]
build	Build APK (Debug)	2026-02-07T11:30:06.5178420Z > Task :react-native-worklets:configureCMakeDebug[x86]
build	Build APK (Debug)	2026-02-07T11:30:08.0152348Z > Task :react-native-worklets:configureCMakeDebug[x86_64]
build	Build APK (Debug)	2026-02-07T11:30:08.0153569Z > Task :react-native-worklets:generateJsonModelDebug
build	Build APK (Debug)	2026-02-07T11:30:08.0154557Z > Task :react-native-worklets:prefabDebugConfigurePackage
build	Build APK (Debug)	2026-02-07T11:30:09.8152326Z > Task :react-native-reanimated:configureCMakeDebug[arm64-v8a]
build	Build APK (Debug)	2026-02-07T11:30:11.2152392Z > Task :react-native-reanimated:configureCMakeDebug[armeabi-v7a]
build	Build APK (Debug)	2026-02-07T11:30:12.8152323Z > Task :react-native-reanimated:configureCMakeDebug[x86]
build	Build APK (Debug)	2026-02-07T11:30:14.4152409Z > Task :react-native-reanimated:configureCMakeDebug[x86_64]
build	Build APK (Debug)	2026-02-07T11:30:14.4153566Z > Task :react-native-reanimated:generateJsonModelDebug
build	Build APK (Debug)	2026-02-07T11:30:14.5157502Z > Task :react-native-reanimated:prefabDebugConfigurePackage
build	Build APK (Debug)	2026-02-07T11:30:16.6152104Z > Task :app:configureCMakeDebug[arm64-v8a]
build	Build APK (Debug)	2026-02-07T11:30:35.3152885Z > Task :expo-modules-core:buildCMakeDebug[arm64-v8a]
build	Build APK (Debug)	2026-02-07T11:30:46.6152484Z > Task :react-native-worklets:buildCMakeDebug[arm64-v8a][worklets]
build	Build APK (Debug)	2026-02-07T11:31:19.4152457Z > Task :app:configureCMakeDebug[armeabi-v7a]
build	Build APK (Debug)	2026-02-07T11:31:21.3168260Z > Task :app:configureCMakeDebug[x86]
build	Build APK (Debug)	2026-02-07T11:31:22.9152593Z > Task :app:configureCMakeDebug[x86_64]
build	Build APK (Debug)	2026-02-07T11:31:24.4156782Z > Task :expo-modules-core:configureCMakeDebug[armeabi-v7a]
build	Build APK (Debug)	2026-02-07T11:31:54.4157263Z > Task :expo-modules-core:buildCMakeDebug[armeabi-v7a]
build	Build APK (Debug)	2026-02-07T11:32:14.1152585Z > Task :react-native-worklets:buildCMakeDebug[armeabi-v7a][worklets]
build	Build APK (Debug)	2026-02-07T11:32:37.0152946Z > Task :expo-modules-core:configureCMakeDebug[x86]
build	Build APK (Debug)	2026-02-07T11:33:07.0155168Z > Task :expo-modules-core:buildCMakeDebug[x86]
build	Build APK (Debug)	2026-02-07T11:33:39.2154787Z > Task :react-native-worklets:buildCMakeDebug[x86][worklets]
build	Build APK (Debug)	2026-02-07T11:33:49.2156605Z > Task :expo-modules-core:configureCMakeDebug[x86_64]
build	Build APK (Debug)	2026-02-07T11:34:19.2152337Z > Task :expo-modules-core:buildCMakeDebug[x86_64]
build	Build APK (Debug)	2026-02-07T11:35:00.7152316Z > Task :expo-modules-core:mergeDebugJniLibFolders
build	Build APK (Debug)	2026-02-07T11:35:01.3157196Z > Task :expo-modules-core:mergeDebugNativeLibs
build	Build APK (Debug)	2026-02-07T11:35:01.6156500Z > Task :expo-modules-core:copyDebugJniLibsProjectOnly
build	Build APK (Debug)	2026-02-07T11:35:01.6159976Z > Task :react-native-async-storage_async-storage:mergeDebugJniLibFolders
build	Build APK (Debug)	2026-02-07T11:35:01.6163707Z > Task :react-native-async-storage_async-storage:mergeDebugNativeLibs NO-SOURCE
build	Build APK (Debug)	2026-02-07T11:35:01.7169150Z > Task :react-native-async-storage_async-storage:copyDebugJniLibsProjectOnly
build	Build APK (Debug)	2026-02-07T11:35:03.5187262Z > Task :react-native-worklets:buildCMakeDebug[x86_64][worklets]
build	Build APK (Debug)	2026-02-07T11:35:03.6152431Z > Task :react-native-gesture-handler:configureCMakeDebug[arm64-v8a]
build	Build APK (Debug)	2026-02-07T11:35:05.0152549Z > Task :react-native-gesture-handler:configureCMakeDebug[armeabi-v7a]
build	Build APK (Debug)	2026-02-07T11:35:06.6152519Z > Task :react-native-gesture-handler:configureCMakeDebug[x86]
build	Build APK (Debug)	2026-02-07T11:35:08.1152573Z > Task :react-native-gesture-handler:configureCMakeDebug[x86_64]
build	Build APK (Debug)	2026-02-07T11:35:08.1163027Z > Task :react-native-gesture-handler:mergeDebugJniLibFolders
build	Build APK (Debug)	2026-02-07T11:35:08.1164094Z > Task :react-native-reanimated:mergeDebugJniLibFolders
build	Build APK (Debug)	2026-02-07T11:35:08.2157964Z > Task :react-native-safe-area-context:mergeDebugJniLibFolders
build	Build APK (Debug)	2026-02-07T11:35:08.2164615Z > Task :react-native-safe-area-context:mergeDebugNativeLibs NO-SOURCE
build	Build APK (Debug)	2026-02-07T11:35:08.2165798Z > Task :react-native-safe-area-context:copyDebugJniLibsProjectOnly
build	Build APK (Debug)	2026-02-07T11:35:09.8163886Z > Task :react-native-screens:configureCMakeDebug[arm64-v8a]
build	Build APK (Debug)	2026-02-07T11:35:28.0155578Z > Task :react-native-screens:buildCMakeDebug[arm64-v8a]
build	Build APK (Debug)	2026-02-07T11:35:29.5156665Z > Task :react-native-screens:configureCMakeDebug[armeabi-v7a]
build	Build APK (Debug)	2026-02-07T11:35:45.2152204Z > Task :react-native-screens:buildCMakeDebug[armeabi-v7a]
build	Build APK (Debug)	2026-02-07T11:35:46.1178607Z > Task :react-native-screens:configureCMakeDebug[x86]
build	Build APK (Debug)	2026-02-07T11:35:50.8152957Z > Task :react-native-worklets:externalNativeBuildDebug
build	Build APK (Debug)	2026-02-07T11:35:51.2152420Z > Task :react-native-worklets:prefabDebugPackage
build	Build APK (Debug)	2026-02-07T11:36:00.8152536Z > Task :react-native-screens:buildCMakeDebug[x86]
build	Build APK (Debug)	2026-02-07T11:36:00.8157175Z > Task :react-native-worklets:mergeDebugJniLibFolders
build	Build APK (Debug)	2026-02-07T11:36:01.3191437Z > Task :react-native-worklets:mergeDebugNativeLibs
build	Build APK (Debug)	2026-02-07T11:36:01.7152289Z > Task :react-native-worklets:copyDebugJniLibsProjectOnly
build	Build APK (Debug)	2026-02-07T11:36:03.2169635Z > Task :react-native-screens:configureCMakeDebug[x86_64]
build	Build APK (Debug)	2026-02-07T11:36:21.1169579Z > Task :react-native-screens:buildCMakeDebug[x86_64]
build	Build APK (Debug)	2026-02-07T11:36:21.1173348Z > Task :react-native-screens:mergeDebugJniLibFolders
build	Build APK (Debug)	2026-02-07T11:36:21.2178468Z > Task :react-native-reanimated:buildCMakeDebug[arm64-v8a][reanimated]
build	Build APK (Debug)	2026-02-07T11:36:21.3152278Z > Task :react-native-screens:mergeDebugNativeLibs
build	Build APK (Debug)	2026-02-07T11:36:21.4155816Z > Task :react-native-screens:copyDebugJniLibsProjectOnly
build	Build APK (Debug)	2026-02-07T11:36:21.4157555Z > Task :react-native-webview:mergeDebugJniLibFolders
build	Build APK (Debug)	2026-02-07T11:36:21.4161431Z > Task :react-native-webview:mergeDebugNativeLibs NO-SOURCE
build	Build APK (Debug)	2026-02-07T11:36:21.4164885Z > Task :react-native-webview:copyDebugJniLibsProjectOnly
build	Build APK (Debug)	2026-02-07T11:36:21.4165640Z > Task :app:validateSigningDebug
build	Build APK (Debug)	2026-02-07T11:36:21.4169316Z > Task :app:writeDebugAppMetadata
build	Build APK (Debug)	2026-02-07T11:36:21.5155619Z > Task :app:writeDebugSigningConfigVersions
build	Build APK (Debug)	2026-02-07T11:36:21.5156791Z > Task :expo:stripDebugDebugSymbols NO-SOURCE
build	Build APK (Debug)	2026-02-07T11:36:21.5187883Z > Task :expo:copyDebugJniLibsProjectAndLocalJars
build	Build APK (Debug)	2026-02-07T11:36:35.1152375Z > Task :expo:extractDebugAnnotations
build	Build APK (Debug)	2026-02-07T11:36:35.1155819Z > Task :expo:extractDeepLinksForAarDebug
build	Build APK (Debug)	2026-02-07T11:36:35.2152323Z > Task :expo:mergeDebugGeneratedProguardFiles
build	Build APK (Debug)	2026-02-07T11:36:35.2159432Z > Task :expo:mergeDebugConsumerProguardFiles
build	Build APK (Debug)	2026-02-07T11:36:35.2165330Z > Task :expo:prepareDebugArtProfile
build	Build APK (Debug)	2026-02-07T11:36:35.2171815Z > Task :expo:prepareLintJarForPublish
build	Build APK (Debug)	2026-02-07T11:36:35.3228008Z > Task :expo:mergeDebugJavaResource
build	Build APK (Debug)	2026-02-07T11:36:35.4152142Z > Task :expo:syncDebugLibJars
build	Build APK (Debug)	2026-02-07T11:36:35.5164344Z > Task :expo:bundleDebugAar
build	Build APK (Debug)	2026-02-07T11:36:35.5169417Z > Task :expo:assembleDebug
build	Build APK (Debug)	2026-02-07T11:36:35.5170273Z > Task :expo-constants:stripDebugDebugSymbols NO-SOURCE
build	Build APK (Debug)	2026-02-07T11:36:35.5173495Z > Task :expo-constants:copyDebugJniLibsProjectAndLocalJars
build	Build APK (Debug)	2026-02-07T11:36:35.6174203Z > Task :expo-constants:extractDebugAnnotations
build	Build APK (Debug)	2026-02-07T11:36:35.6178659Z > Task :expo-constants:extractDeepLinksForAarDebug
build	Build APK (Debug)	2026-02-07T11:36:35.6181846Z > Task :expo-constants:mergeDebugGeneratedProguardFiles
build	Build APK (Debug)	2026-02-07T11:36:35.6185046Z > Task :expo-constants:mergeDebugConsumerProguardFiles
build	Build APK (Debug)	2026-02-07T11:36:35.6185935Z > Task :expo-constants:prepareDebugArtProfile
build	Build APK (Debug)	2026-02-07T11:36:35.6213240Z > Task :expo-constants:prepareLintJarForPublish
build	Build APK (Debug)	2026-02-07T11:36:35.6216683Z > Task :expo-constants:mergeDebugJavaResource
build	Build APK (Debug)	2026-02-07T11:36:35.7197657Z > Task :expo-constants:syncDebugLibJars
build	Build APK (Debug)	2026-02-07T11:36:35.7218155Z > Task :expo-constants:bundleDebugAar
build	Build APK (Debug)	2026-02-07T11:36:35.7223000Z > Task :expo-constants:assembleDebug
build	Build APK (Debug)	2026-02-07T11:36:36.0152705Z > Task :expo-modules-core:stripDebugDebugSymbols
build	Build APK (Debug)	2026-02-07T11:36:36.1200658Z > Task :expo-modules-core:copyDebugJniLibsProjectAndLocalJars
build	Build APK (Debug)	2026-02-07T11:36:36.2162714Z > Task :expo-modules-core:extractDebugAnnotations
build	Build APK (Debug)	2026-02-07T11:36:36.2165382Z > Task :expo-modules-core:extractDeepLinksForAarDebug
build	Build APK (Debug)	2026-02-07T11:36:36.3204640Z > Task :expo-modules-core:mergeDebugGeneratedProguardFiles
build	Build APK (Debug)	2026-02-07T11:36:36.3205995Z > Task :expo-modules-core:mergeDebugConsumerProguardFiles
build	Build APK (Debug)	2026-02-07T11:36:36.3209801Z > Task :expo-modules-core:prepareDebugArtProfile
build	Build APK (Debug)	2026-02-07T11:36:36.3210494Z > Task :expo-modules-core:prepareLintJarForPublish
build	Build APK (Debug)	2026-02-07T11:36:36.3216248Z > Task :expo-modules-core:mergeDebugJavaResource
build	Build APK (Debug)	2026-02-07T11:36:37.5189268Z > Task :expo-modules-core:syncDebugLibJars
build	Build APK (Debug)	2026-02-07T11:36:38.3156387Z > Task :expo-modules-core:bundleDebugAar
build	Build APK (Debug)	2026-02-07T11:36:38.3163641Z > Task :expo-modules-core:assembleDebug
build	Build APK (Debug)	2026-02-07T11:36:38.4157700Z > Task :react-native-async-storage_async-storage:stripDebugDebugSymbols NO-SOURCE
build	Build APK (Debug)	2026-02-07T11:36:38.4159368Z > Task :react-native-async-storage_async-storage:copyDebugJniLibsProjectAndLocalJars
build	Build APK (Debug)	2026-02-07T11:36:38.4187907Z > Task :react-native-async-storage_async-storage:extractDebugAnnotations
build	Build APK (Debug)	2026-02-07T11:36:38.4217835Z > Task :react-native-async-storage_async-storage:extractDeepLinksForAarDebug
build	Build APK (Debug)	2026-02-07T11:36:38.6423018Z > Task :react-native-async-storage_async-storage:mergeDebugGeneratedProguardFiles
build	Build APK (Debug)	2026-02-07T11:36:38.6452161Z > Task :react-native-async-storage_async-storage:mergeDebugConsumerProguardFiles
build	Build APK (Debug)	2026-02-07T11:36:38.6454728Z > Task :react-native-async-storage_async-storage:prepareDebugArtProfile
build	Build APK (Debug)	2026-02-07T11:36:38.6456105Z > Task :react-native-async-storage_async-storage:prepareLintJarForPublish
build	Build APK (Debug)	2026-02-07T11:36:38.6457249Z > Task :react-native-async-storage_async-storage:mergeDebugJavaResource
build	Build APK (Debug)	2026-02-07T11:36:38.6458394Z > Task :react-native-async-storage_async-storage:syncDebugLibJars
build	Build APK (Debug)	2026-02-07T11:36:38.6459206Z > Task :react-native-async-storage_async-storage:bundleDebugAar
build	Build APK (Debug)	2026-02-07T11:36:38.6460033Z > Task :react-native-async-storage_async-storage:assembleDebug
build	Build APK (Debug)	2026-02-07T11:36:38.6460831Z > Task :react-native-gesture-handler:extractDebugAnnotations
build	Build APK (Debug)	2026-02-07T11:36:38.6462172Z > Task :react-native-gesture-handler:extractDeepLinksForAarDebug
build	Build APK (Debug)	2026-02-07T11:36:38.6463061Z > Task :react-native-gesture-handler:mergeDebugGeneratedProguardFiles
build	Build APK (Debug)	2026-02-07T11:36:38.7169509Z > Task :react-native-gesture-handler:mergeDebugConsumerProguardFiles
build	Build APK (Debug)	2026-02-07T11:36:38.7174494Z > Task :react-native-gesture-handler:prepareDebugArtProfile
build	Build APK (Debug)	2026-02-07T11:36:38.7177852Z > Task :react-native-gesture-handler:prepareLintJarForPublish
build	Build APK (Debug)	2026-02-07T11:36:38.7178865Z > Task :react-native-gesture-handler:mergeDebugJavaResource
build	Build APK (Debug)	2026-02-07T11:36:38.9168636Z > Task :react-native-gesture-handler:syncDebugLibJars
build	Build APK (Debug)	2026-02-07T11:36:38.9169773Z > Task :react-native-safe-area-context:stripDebugDebugSymbols NO-SOURCE
build	Build APK (Debug)	2026-02-07T11:36:38.9170896Z > Task :react-native-safe-area-context:copyDebugJniLibsProjectAndLocalJars
build	Build APK (Debug)	2026-02-07T11:36:39.0159304Z > Task :react-native-safe-area-context:extractDebugAnnotations
build	Build APK (Debug)	2026-02-07T11:36:39.0161205Z > Task :react-native-safe-area-context:extractDeepLinksForAarDebug
build	Build APK (Debug)	2026-02-07T11:36:39.0162861Z > Task :react-native-safe-area-context:mergeDebugGeneratedProguardFiles
build	Build APK (Debug)	2026-02-07T11:36:39.0164466Z > Task :react-native-safe-area-context:mergeDebugConsumerProguardFiles
build	Build APK (Debug)	2026-02-07T11:36:39.0188761Z > Task :react-native-safe-area-context:prepareDebugArtProfile
build	Build APK (Debug)	2026-02-07T11:36:39.2152412Z > Task :react-native-safe-area-context:prepareLintJarForPublish
build	Build APK (Debug)	2026-02-07T11:36:39.2157242Z > Task :react-native-safe-area-context:mergeDebugJavaResource
build	Build APK (Debug)	2026-02-07T11:36:39.3168390Z > Task :react-native-safe-area-context:syncDebugLibJars
build	Build APK (Debug)	2026-02-07T11:36:39.3169376Z > Task :react-native-safe-area-context:bundleDebugAar
build	Build APK (Debug)	2026-02-07T11:36:39.3170094Z > Task :react-native-safe-area-context:assembleDebug
build	Build APK (Debug)	2026-02-07T11:36:39.5165085Z > Task :react-native-screens:stripDebugDebugSymbols
build	Build APK (Debug)	2026-02-07T11:36:39.5166194Z > Task :react-native-screens:copyDebugJniLibsProjectAndLocalJars
build	Build APK (Debug)	2026-02-07T11:36:39.5167152Z > Task :react-native-screens:extractDebugAnnotations
build	Build APK (Debug)	2026-02-07T11:36:39.6154608Z > Task :react-native-screens:extractDeepLinksForAarDebug
build	Build APK (Debug)	2026-02-07T11:36:39.6156308Z > Task :react-native-screens:mergeDebugGeneratedProguardFiles
build	Build APK (Debug)	2026-02-07T11:36:39.6158273Z > Task :react-native-screens:mergeDebugConsumerProguardFiles
build	Build APK (Debug)	2026-02-07T11:36:39.6159627Z > Task :react-native-screens:prepareDebugArtProfile
build	Build APK (Debug)	2026-02-07T11:36:39.6161114Z > Task :react-native-screens:prepareLintJarForPublish
build	Build APK (Debug)	2026-02-07T11:36:39.6162365Z > Task :react-native-screens:mergeDebugJavaResource
build	Build APK (Debug)	2026-02-07T11:36:39.9188889Z > Task :react-native-screens:syncDebugLibJars
build	Build APK (Debug)	2026-02-07T11:36:40.2170518Z > Task :react-native-screens:bundleDebugAar
build	Build APK (Debug)	2026-02-07T11:36:40.2171674Z > Task :react-native-screens:assembleDebug
build	Build APK (Debug)	2026-02-07T11:36:40.2173135Z > Task :react-native-webview:stripDebugDebugSymbols NO-SOURCE
build	Build APK (Debug)	2026-02-07T11:36:40.2174199Z > Task :react-native-webview:copyDebugJniLibsProjectAndLocalJars
build	Build APK (Debug)	2026-02-07T11:36:40.3168690Z > Task :react-native-webview:extractDebugAnnotations
build	Build APK (Debug)	2026-02-07T11:36:40.3169783Z > Task :react-native-webview:extractDeepLinksForAarDebug
build	Build APK (Debug)	2026-02-07T11:36:40.3171190Z > Task :react-native-webview:mergeDebugGeneratedProguardFiles
build	Build APK (Debug)	2026-02-07T11:36:40.3172119Z > Task :react-native-webview:mergeDebugConsumerProguardFiles
build	Build APK (Debug)	2026-02-07T11:36:40.3193432Z > Task :react-native-webview:prepareDebugArtProfile
build	Build APK (Debug)	2026-02-07T11:36:40.3194520Z > Task :react-native-webview:prepareLintJarForPublish
build	Build APK (Debug)	2026-02-07T11:36:40.3195682Z > Task :react-native-webview:mergeDebugJavaResource
build	Build APK (Debug)	2026-02-07T11:36:40.4194037Z > Task :react-native-webview:syncDebugLibJars
build	Build APK (Debug)	2026-02-07T11:36:40.5155553Z > Task :react-native-webview:bundleDebugAar
build	Build APK (Debug)	2026-02-07T11:36:40.5156620Z > Task :react-native-webview:assembleDebug
build	Build APK (Debug)	2026-02-07T11:36:41.0153011Z > Task :react-native-worklets:stripDebugDebugSymbols
build	Build APK (Debug)	2026-02-07T11:36:41.4152808Z > Task :react-native-worklets:copyDebugJniLibsProjectAndLocalJars
build	Build APK (Debug)	2026-02-07T11:36:41.5184497Z > Task :react-native-worklets:extractDebugAnnotations
build	Build APK (Debug)	2026-02-07T11:36:41.5185615Z > Task :react-native-worklets:extractDeepLinksForAarDebug
build	Build APK (Debug)	2026-02-07T11:36:41.5186709Z > Task :react-native-worklets:mergeDebugGeneratedProguardFiles
build	Build APK (Debug)	2026-02-07T11:36:41.5188123Z > Task :react-native-worklets:mergeDebugConsumerProguardFiles
build	Build APK (Debug)	2026-02-07T11:36:41.5190010Z > Task :react-native-worklets:prepareDebugArtProfile
build	Build APK (Debug)	2026-02-07T11:36:41.5191084Z > Task :react-native-worklets:prepareLintJarForPublish
build	Build APK (Debug)	2026-02-07T11:36:41.5191886Z > Task :react-native-worklets:mergeDebugJavaResource
build	Build APK (Debug)	2026-02-07T11:36:41.5194840Z > Task :react-native-worklets:syncDebugLibJars
build	Build APK (Debug)	2026-02-07T11:36:51.8152764Z > Task :react-native-worklets:bundleDebugAar
build	Build APK (Debug)	2026-02-07T11:36:51.8156466Z > Task :react-native-worklets:assembleDebug
build	Build APK (Debug)	2026-02-07T11:39:14.1152255Z > Task :react-native-reanimated:buildCMakeDebug[armeabi-v7a][reanimated]
build	Build APK (Debug)	2026-02-07T11:41:36.0152287Z > Task :react-native-reanimated:buildCMakeDebug[x86][reanimated]
build	Build APK (Debug)	2026-02-07T11:43:56.5152605Z > Task :react-native-reanimated:buildCMakeDebug[x86_64][reanimated]
build	Build APK (Debug)	2026-02-07T11:45:47.0152330Z > Task :react-native-reanimated:externalNativeBuildDebug
build	Build APK (Debug)	2026-02-07T11:45:47.4154779Z > Task :react-native-reanimated:prefabDebugPackage
build	Build APK (Debug)	2026-02-07T11:45:54.0152541Z > Task :react-native-gesture-handler:buildCMakeDebug[arm64-v8a]
build	Build APK (Debug)	2026-02-07T11:46:00.6168535Z > Task :react-native-gesture-handler:buildCMakeDebug[armeabi-v7a]
build	Build APK (Debug)	2026-02-07T11:46:07.4152309Z > Task :react-native-gesture-handler:buildCMakeDebug[x86]
build	Build APK (Debug)	2026-02-07T11:46:14.2152291Z > Task :react-native-gesture-handler:buildCMakeDebug[x86_64]
build	Build APK (Debug)	2026-02-07T11:46:14.3168462Z > Task :react-native-gesture-handler:mergeDebugNativeLibs
build	Build APK (Debug)	2026-02-07T11:46:14.4152314Z > Task :react-native-gesture-handler:copyDebugJniLibsProjectOnly
build	Build APK (Debug)	2026-02-07T11:46:16.0152565Z > Task :react-native-reanimated:mergeDebugNativeLibs
build	Build APK (Debug)	2026-02-07T11:46:17.6252085Z > Task :app:buildCMakeDebug[arm64-v8a]
build	Build APK (Debug)	2026-02-07T11:46:17.8180064Z > Task :react-native-reanimated:copyDebugJniLibsProjectOnly
build	Build APK (Debug)	2026-02-07T11:46:18.7175429Z > Task :react-native-gesture-handler:stripDebugDebugSymbols
build	Build APK (Debug)	2026-02-07T11:46:18.7177536Z > Task :react-native-gesture-handler:copyDebugJniLibsProjectAndLocalJars
build	Build APK (Debug)	2026-02-07T11:46:19.0152596Z > Task :react-native-gesture-handler:bundleDebugAar
build	Build APK (Debug)	2026-02-07T11:46:19.0155542Z > Task :react-native-gesture-handler:assembleDebug
build	Build APK (Debug)	2026-02-07T11:46:20.6177450Z > Task :react-native-reanimated:stripDebugDebugSymbols
build	Build APK (Debug)	2026-02-07T11:46:22.4154179Z > Task :react-native-reanimated:copyDebugJniLibsProjectAndLocalJars
build	Build APK (Debug)	2026-02-07T11:46:22.5152787Z > Task :react-native-reanimated:extractDebugAnnotations
build	Build APK (Debug)	2026-02-07T11:46:22.5154111Z > Task :react-native-reanimated:extractDeepLinksForAarDebug
build	Build APK (Debug)	2026-02-07T11:46:22.5156031Z > Task :react-native-reanimated:mergeDebugGeneratedProguardFiles
build	Build APK (Debug)	2026-02-07T11:46:22.5157564Z > Task :react-native-reanimated:mergeDebugConsumerProguardFiles
build	Build APK (Debug)	2026-02-07T11:46:22.5158628Z > Task :react-native-reanimated:prepareDebugArtProfile
build	Build APK (Debug)	2026-02-07T11:46:22.5159509Z > Task :react-native-reanimated:prepareLintJarForPublish
build	Build APK (Debug)	2026-02-07T11:46:22.6155294Z > Task :react-native-reanimated:mergeDebugJavaResource
build	Build APK (Debug)	2026-02-07T11:46:22.6156321Z > Task :react-native-reanimated:syncDebugLibJars
build	Build APK (Debug)	2026-02-07T11:46:52.6166454Z > Task :react-native-reanimated:bundleDebugAar
build	Build APK (Debug)	2026-02-07T11:47:03.9152169Z > Task :react-native-reanimated:assembleDebug
build	Build APK (Debug)	2026-02-07T11:48:32.6152729Z > Task :app:buildCMakeDebug[armeabi-v7a]
build	Build APK (Debug)	2026-02-07T11:50:28.1152343Z > Task :app:buildCMakeDebug[x86]
build	Build APK (Debug)	2026-02-07T11:52:20.0152290Z > Task :app:buildCMakeDebug[x86_64]
build	Build APK (Debug)	2026-02-07T11:53:51.2151955Z > Task :app:mergeDebugNativeLibs
build	Build APK (Debug)	2026-02-07T11:53:52.5158629Z > Task :app:stripDebugDebugSymbols
build	Build APK (Debug)	2026-02-07T11:53:56.4153430Z > Task :app:packageDebug
build	Build APK (Debug)	2026-02-07T11:53:56.4154042Z > Task :app:createDebugApkListingFileRedirect
build	Build APK (Debug)	2026-02-07T11:53:56.4154698Z > Task :app:assembleDebug
build	Build APK (Debug)	2026-02-07T11:53:56.7187344Z 
build	Build APK (Debug)	2026-02-07T11:53:56.7209822Z [Incubating] Problems report is available at: file:///home/runner/work/Chireaders/Chireaders/android/build/reports/problems/problems-report.html
build	Build APK (Debug)	2026-02-07T11:53:56.7210956Z 
build	Build APK (Debug)	2026-02-07T11:53:56.7211628Z Deprecated Gradle features were used in this build, making it incompatible with Gradle 9.0.
build	Build APK (Debug)	2026-02-07T11:53:56.7212274Z 
build	Build APK (Debug)	2026-02-07T11:53:56.7213304Z You can use '--warning-mode all' to show the individual deprecation warnings and determine if they come from your own scripts or plugins.
build	Build APK (Debug)	2026-02-07T11:53:56.7214292Z 
build	Build APK (Debug)	2026-02-07T11:53:56.7215486Z For more on this, please refer to https://docs.gradle.org/8.14.3/userguide/command_line_interface.html#sec:command_line_warnings in the Gradle documentation.
build	Build APK (Debug)	2026-02-07T11:53:56.7216538Z 
build	Build APK (Debug)	2026-02-07T11:53:56.7216726Z BUILD SUCCESSFUL in 34m 20s
build	Build APK (Debug)	2026-02-07T11:53:56.7227554Z 453 actionable tasks: 453 executed
build	Upload APK Artifact	´╗┐2026-02-07T11:53:57.7152174Z ##[group]Run actions/upload-artifact@v4
build	Upload APK Artifact	2026-02-07T11:53:57.7152522Z with:
build	Upload APK Artifact	2026-02-07T11:53:57.7152699Z   name: app-debug
build	Upload APK Artifact	2026-02-07T11:53:57.7152948Z   path: android/app/build/outputs/apk/debug/app-debug.apk
build	Upload APK Artifact	2026-02-07T11:53:57.7153231Z   if-no-files-found: warn
build	Upload APK Artifact	2026-02-07T11:53:57.7153439Z   compression-level: 6
build	Upload APK Artifact	2026-02-07T11:53:57.7153624Z   overwrite: false
build	Upload APK Artifact	2026-02-07T11:53:57.7153810Z   include-hidden-files: false
build	Upload APK Artifact	2026-02-07T11:53:57.7154000Z env:
build	Upload APK Artifact	2026-02-07T11:53:57.7154222Z   JAVA_HOME: /opt/hostedtoolcache/Java_Zulu_jdk/17.0.18-8/x64
build	Upload APK Artifact	2026-02-07T11:53:57.7154599Z   JAVA_HOME_17_X64: /opt/hostedtoolcache/Java_Zulu_jdk/17.0.18-8/x64
build	Upload APK Artifact	2026-02-07T11:53:57.7154889Z ##[endgroup]
build	Upload APK Artifact	2026-02-07T11:53:58.1873354Z With the provided path, there will be 1 file uploaded
build	Upload APK Artifact	2026-02-07T11:53:58.1879859Z Artifact name is valid!
build	Upload APK Artifact	2026-02-07T11:53:58.1883095Z Root directory input is valid!
build	Upload APK Artifact	2026-02-07T11:53:58.4719871Z Beginning upload of artifact content to blob storage
build	Upload APK Artifact	2026-02-07T11:53:59.6378040Z Uploaded bytes 8388608
build	Upload APK Artifact	2026-02-07T11:54:00.0694475Z Uploaded bytes 16777216
build	Upload APK Artifact	2026-02-07T11:54:00.2368764Z Uploaded bytes 25165824
build	Upload APK Artifact	2026-02-07T11:54:00.8246023Z Uploaded bytes 33554432
build	Upload APK Artifact	2026-02-07T11:54:01.5644393Z Uploaded bytes 41943040
build	Upload APK Artifact	2026-02-07T11:54:02.3137602Z Uploaded bytes 50331648
build	Upload APK Artifact	2026-02-07T11:54:03.1810380Z Uploaded bytes 58610726
build	Upload APK Artifact	2026-02-07T11:54:03.2538870Z Finished uploading artifact content to blob storage!
build	Upload APK Artifact	2026-02-07T11:54:03.2543212Z SHA256 digest of uploaded artifact zip is cebc00ebf7b179ad832bf9a2abb8801c3cf6a293ba8e11986f62ad456876e26e
build	Upload APK Artifact	2026-02-07T11:54:03.2546345Z Finalizing artifact upload
build	Upload APK Artifact	2026-02-07T11:54:03.4154657Z Artifact app-debug.zip successfully finalized. Artifact ID 5416793971
build	Upload APK Artifact	2026-02-07T11:54:03.4168171Z Artifact app-debug has been successfully uploaded! Final size is 58610726 bytes. Artifact ID is 5416793971
build	Upload APK Artifact	2026-02-07T11:54:03.4169573Z Artifact download URL: https://github.com/Balrog57/Chireaders/actions/runs/21779238692/artifacts/5416793971
build	Create Release	´╗┐2026-02-07T11:54:03.4519919Z ##[group]Run softprops/action-gh-release@v1
build	Create Release	2026-02-07T11:54:03.4520431Z with:
build	Create Release	2026-02-07T11:54:03.4520867Z   files: android/app/build/outputs/apk/debug/app-debug.apk
build	Create Release	2026-02-07T11:54:03.4521624Z   token: ***
build	Create Release	2026-02-07T11:54:03.4521921Z env:
build	Create Release	2026-02-07T11:54:03.4522344Z   JAVA_HOME: /opt/hostedtoolcache/Java_Zulu_jdk/17.0.18-8/x64
build	Create Release	2026-02-07T11:54:03.4523077Z   JAVA_HOME_17_X64: /opt/hostedtoolcache/Java_Zulu_jdk/17.0.18-8/x64
build	Create Release	2026-02-07T11:54:03.4523843Z   GITHUB_TOKEN: ***
build	Create Release	2026-02-07T11:54:03.4524177Z ##[endgroup]
build	Create Release	2026-02-07T11:54:03.9057148Z ­ƒæ®ÔÇì­ƒÅ¡ Creating new GitHub release for tag v1.0.0...
build	Create Release	2026-02-07T11:54:04.0584246Z ÔÜá´©Å GitHub release failed with status: 403
build	Create Release	2026-02-07T11:54:04.0595640Z undefined
build	Create Release	2026-02-07T11:54:04.0596524Z retrying... (2 retries remaining)
build	Create Release	2026-02-07T11:54:04.1989687Z ­ƒæ®ÔÇì­ƒÅ¡ Creating new GitHub release for tag v1.0.0...
build	Create Release	2026-02-07T11:54:04.3719941Z ÔÜá´©Å GitHub release failed with status: 403
build	Create Release	2026-02-07T11:54:04.3720655Z undefined
build	Create Release	2026-02-07T11:54:04.3723735Z retrying... (1 retries remaining)
build	Create Release	2026-02-07T11:54:04.5141291Z ­ƒæ®ÔÇì­ƒÅ¡ Creating new GitHub release for tag v1.0.0...
build	Create Release	2026-02-07T11:54:04.6639800Z ÔÜá´©Å GitHub release failed with status: 403
build	Create Release	2026-02-07T11:54:04.6641069Z undefined
build	Create Release	2026-02-07T11:54:04.6647410Z retrying... (0 retries remaining)
build	Create Release	2026-02-07T11:54:04.6667268Z ÔØî Too many retries. Aborting...
build	Create Release	2026-02-07T11:54:04.6743886Z ##[error]Too many retries.
build	Post Setup Java	´╗┐2026-02-07T11:54:04.6995548Z Post job cleanup.
build	Post Checkout code	´╗┐2026-02-07T11:54:04.9781511Z Post job cleanup.
build	Post Checkout code	2026-02-07T11:54:05.1216699Z [command]/usr/bin/git version
build	Post Checkout code	2026-02-07T11:54:05.1368280Z git version 2.52.0
build	Post Checkout code	2026-02-07T11:54:05.1435633Z Temporarily overriding HOME='/home/runner/work/_temp/891c456b-498f-4244-8913-a79b1b46c9b2' before making global git config changes
build	Post Checkout code	2026-02-07T11:54:05.1438096Z Adding repository directory to the temporary git global config as a safe directory
build	Post Checkout code	2026-02-07T11:54:05.1444935Z [command]/usr/bin/git config --global --add safe.directory /home/runner/work/Chireaders/Chireaders
build	Post Checkout code	2026-02-07T11:54:05.1537339Z [command]/usr/bin/git config --local --name-only --get-regexp core\.sshCommand
build	Post Checkout code	2026-02-07T11:54:05.1591672Z [command]/usr/bin/git submodule foreach --recursive sh -c "git config --local --name-only --get-regexp 'core\.sshCommand' && git config --local --unset-all 'core.sshCommand' || :"
build	Post Checkout code	2026-02-07T11:54:05.2194208Z [command]/usr/bin/git config --local --name-only --get-regexp http\.https\:\/\/github\.com\/\.extraheader
build	Post Checkout code	2026-02-07T11:54:05.2257064Z http.https://github.com/.extraheader
build	Post Checkout code	2026-02-07T11:54:05.2332668Z [command]/usr/bin/git config --local --unset-all http.https://github.com/.extraheader
build	Post Checkout code	2026-02-07T11:54:05.2423508Z [command]/usr/bin/git submodule foreach --recursive sh -c "git config --local --name-only --get-regexp 'http\.https\:\/\/github\.com\/\.extraheader' && git config --local --unset-all 'http.https://github.com/.extraheader' || :"
build	Post Checkout code	2026-02-07T11:54:05.2729046Z [command]/usr/bin/git config --local --name-only --get-regexp ^includeIf\.gitdir:
build	Post Checkout code	2026-02-07T11:54:05.2802213Z [command]/usr/bin/git submodule foreach --recursive git config --local --show-origin --name-only --get-regexp remote.origin.url
build	Complete job	´╗┐2026-02-07T11:54:05.3384515Z Cleaning up orphan processes
build	Complete job	2026-02-07T11:54:05.3876584Z Terminate orphan process: pid (2251) (java)
build	Complete job	2026-02-07T11:54:05.3909019Z Terminate orphan process: pid (2452) (java)
